04-09 05:43:04.523 E/ocess.gservice(13039): Not starting debugger since process cannot load the jdwp agent.
04-09 05:43:04.536 D/ActivityThread(13039): setConscryptValidator
04-09 05:43:04.537 D/ActivityThread(13039): setConscryptValidator - put
04-09 05:43:04.541 I/ActivityManager( 1004): DSS OFF for com.google.android.gsf
04-09 05:43:04.547 D/ActivityManager( 1004): attachApplicationLocked() app=ProcessRecord{24b07b9 13039:com.google.process.gservices/u0a38} app.isolatedEntryPoint=null instr2=null
04-09 05:43:04.554 I/GenerationRegistry( 1004): mBackingStore.isClosed() : false
04-09 05:43:04.555 D/ActivityThread(13039): handleBindApplication()++ app=com.google.process.gservices
04-09 05:43:04.556 I/WindowManager( 1004): Reparenting to original parent: Surface(name=Task=6973)/@0x83e56df, destroy=true, surface=Surface(name=Dim Layer for - Task=6973 - animating-dim)/@0xeab482c
04-09 05:43:04.556 I/SurfaceControl( 1004): nativeRelease nativeObject s[-5476376643752412848]
04-09 05:43:04.556 I/SurfaceControl( 1004): nativeRelease nativeObject e[-5476376643752412848]
04-09 05:43:04.559 D/BatteryService( 1004): Sending ACTION_BATTERY_CHANGED. scale:100, info:{.chargerAcOnline = false, .chargerUsbOnline = true, .chargerWirelessOnline = false, .maxChargingCurrent = 1200000, .maxChargingVoltage = 5000000, .batteryStatus = CHARGING, .batteryHealth = GOOD, .batteryPresent = true, .batteryLevel = 89, .batteryVoltage = 4086, .batteryTemperature = 350, .batteryCurrent = -49438, .batteryCycleCount = 157, .batteryFullCharge = 3459000, .batteryChargeCounter = 2732610, .batteryTechnology = Li-ion}
04-09 05:43:04.559 D/BatteryService( 1004): online:6, current avg:-49438, charge type:1, POGO powered:false, power sharing:false, high voltage charger:false, charger_type:0, capacity:280000, misc_event:0x0, current_event:0x0, current_now:-49438
04-09 05:43:04.560 D/MotionRecognitionService( 1004):   onReceive : ACTION_BATTERY_CHANGED, Plugged: 2
04-09 05:43:04.561 I/MotionRecognitionService( 1004): [TA] In/out: true, curr state: 1
04-09 05:43:04.561 E/PocketModeEvent( 1004): PocketModeSetting is off 
04-09 05:43:04.561 D/PhoneWindowManagerExt( 1004): ACTION_BATTERY_CHANGED - Level=89, status=2
04-09 05:43:04.561 D/SemWifiApBroadcastReceiver( 1004): Received : android.intent.action.BATTERY_CHANGED
04-09 05:43:04.562 D/AdaptiveBrightnessLongtermModelBuilder( 1004): Received android.intent.action.BATTERY_CHANGED
04-09 05:43:04.563 I/PowerUI ( 2046): BATTERY_HEALTH_CHECK extraHealth=2 mBatteryMiscEvent=0
04-09 05:43:04.563 D/PowerUI ( 2046): priorPlugType = 2 mPlugType = 2 priorBatteryStatus = 2 mBatteryStatus = 2
04-09 05:43:04.563 D/SemBigDataInfoController( 2039): Intent : android.intent.action.BATTERY_CHANGED
04-09 05:43:04.564 D/SemBigDataInfoController( 2039): Intent : android.intent.action.BATTERY_CHANGED
04-09 05:43:04.565 I/bauth_FPBAuthService( 1207): pcf : 0x1011, 0 ,3 ,2 ,1 ,1 ,0, 5.1.0.0
04-09 05:43:04.565 E/bauth_FPBAuthService( 1207): skip cleanup here 2
04-09 05:43:04.565 I/bauth_FPBAuthService( 1207): thread id : 3, preenroll_flag : 0, nd cnt : 0, cso : 0, et : 0
04-09 05:43:04.565 I/bauth_FPBAuthService( 1207): FPBAuthService, 11607
04-09 05:43:04.566 D/PowerUI.Notification( 2046): showChargingNotice oldChargingType : 1 currentChargingType : 1 oldChargingTime : 1600000 mChargingTime : 1600000
04-09 05:43:04.566 D/PowerUI.Notification( 2046): There is no change about charging status, so return!
04-09 05:43:04.566 D/PowerUI ( 2046): Battery swelling mode - priorBatterySwellingMode = 0 mBatterySwellingMode = 0 mBatteryStatus = 2
04-09 05:43:04.566 I/PowerUI ( 2046): mBatteryMiscEvent = 0
04-09 05:43:04.568 D/BaseRestrictionMgr( 1004): Package: com.google.android.googlequicksearchbox, userid: 0, hostingType: broadcast is Restricted by policy: 4 caller is: null
04-09 05:43:04.568 D/BaseRestrictionMgr( 1004): Package: com.whatsapp, userid: 0, hostingType: broadcast is Restricted by policy: 4 caller is: null
04-09 05:43:04.569 D/KeyguardUpdateMonitor( 2046): received broadcast android.intent.action.BATTERY_CHANGED
04-09 05:43:04.569 I/WifiConnectivityMonitor.NetworkCallbackController( 1004): sNetworkCallback onCapabilitiesChanged: 754[ Transports: WIFI Capabilities: NOT_METERED&INTERNET&NOT_RESTRICTED&TRUSTED&NOT_VPN&VALIDATED&NOT_ROAMING&FOREGROUND&NOT_CONGESTED&NOT_SUSPENDED LinkUpBandwidth>=30745Kbps LinkDnBandwidth>=35750Kbps SignalStrength: -76 AdministratorUids: [] SSID: "MAROO" RequestorUid: -1 RequestorPackageName: null]
04-09 05:43:04.569 I/AODBatteryManager( 2046): updateBatteryData: ACTION_BATTERY_CHANGED
04-09 05:43:04.571 I/AODBatteryManager( 2046): saveBatteryData : AOD BatteryData [mBatteryLevel=89, mBatteryStatus=CHARGING, mBatteryPlugType=USB, mBatteryPlugged=true, mRemainingChargeTime=1600000, mBatteryChargingType=1, mBatteryChargerType=NORMAL, mBatteryOnline=NOT_DEFINED, mBatterySwellingMode=NONE]
04-09 05:43:04.571 I/HBD     ( 5492): g onCapabilitiesChanged network : 754 current network state : invalid 
04-09 05:43:04.575 I/ocess.gservice(13039): The ClassLoaderContext is a special shared library.
04-09 05:43:04.575 I/Layer   (  873): id=55743 removeFromCurrentState Surface(name=Dim Layer for - Task=6973 - animating-dim)/@0xeab482c - animation-leash#0 (82)
04-09 05:43:04.575 I/SurfaceFlinger(  873): id=55743 Removed Surface(name=Dim Layer for - Task=6973 - animating-dim)/@0xeab482c - animation-leash#0 (82)
04-09 05:43:04.585 D/KeyguardUpdateMonitor( 2046): handleBatteryUpdate
04-09 05:43:04.589 I/Layer   (  873): id=55743[1] Destroyed Surface(name=Dim Layer for - Task=6973 - animating-dim)/@0xeab482c - animation-leash#0
04-09 05:43:04.590 D/SemWifiSwitchForIndividualAppsService( 1004): stopTCPMonitoring : already stopped
04-09 05:43:04.593 D/LoadedApk(13039): LoadedApk::makeApplication() appContext=android.app.ContextImpl@eab92b4 appContext.mOpPackageName=com.google.android.gsf appContext.mBasePackageName=com.google.android.gsf appContext.mPackageInfo=android.app.LoadedApk@f87edd
04-09 05:43:04.593 D/NetworkSecurityConfig(13039): No Network Security Config specified, using platform default
04-09 05:43:04.595 D/NetworkSecurityConfig(13039): No Network Security Config specified, using platform default
04-09 05:43:04.596 I/GservicesProvider(13039): Gservices pushing to system: true; secure/global: true
04-09 05:43:04.598 I/GenerationRegistry( 1004): mBackingStore.isClosed() : false
04-09 05:43:04.618 W/cr_ActivityDispatcher(12081): CustomTabsIntent#shouldAlwaysUseBrowserUI() = false
04-09 05:43:04.619 W/cr_PartnerCustomize(12081): Another initializeAsync is already in progress.
04-09 05:43:04.623 D/ActivityThread(13039): handleBindApplication() -- skipGraphicsSupport=false
04-09 05:43:04.627 I/cr_PartnerCustUma(12081): Partner Customization delegate: 3.
04-09 05:43:04.628 D/InputTransport( 1004): Input channel constructed: '21ffc61', fd=911
04-09 05:43:04.628 D/InputTransport( 1004): Input channel constructed: '21ffc61', fd=912
04-09 05:43:04.629 I/SurfaceFlinger(  873): id=55750 createSurf (0x0),-1 flag=80004, 21ffc61 com.android.chrome/org.chromium.chrome.browser.customtabs.CustomTabActivity#0
04-09 05:43:04.630 D/WindowManager( 1004): isScreenshotDisabledLocked - win: Window{21ffc61 u0 com.android.chrome/org.chromium.chrome.browser.customtabs.CustomTabActivity}
04-09 05:43:04.630 D/WindowManager( 1004): isScreenshotDisabledLocked: userId = 0, disabled =false
04-09 05:43:04.630 D/InputTransport( 1004): Input channel destroyed: '21ffc61', fd=912
04-09 05:43:04.631 D/InputTransport(12081): Input channel constructed: '21ffc61', fd=89
04-09 05:43:04.632 D/StorageManagerService( 1004): getExternalStorageMountMode: uid=10145 packageName=com.sec.android.app.chromecustomizations
04-09 05:43:04.632 D/CompatibilityChangeReporter( 1004): Compat change id reported: 135634846; UID 10145; state: DISABLED
04-09 05:43:04.632 D/CompatibilityChangeReporter( 1004): Compat change id reported: 135754954; UID 10145; state: DISABLED
04-09 05:43:04.633 D/CompatibilityChangeReporter( 1004): Compat change id reported: 143937733; UID 10145; state: DISABLED
04-09 05:43:04.634 I/ViewRootImpl@49ce66b[CustomTabActivity](12081): setView = com.android.internal.policy.DecorView@db005ad TM=true
04-09 05:43:04.636 W/ActivityManager( 1004): wait for provider publish: waiters=1 callerApp=ProcessRecord{a4ae785 12081:com.android.chrome/u0a185} cpr=ContentProviderRecord{50c2ef8 u0 com.sec.android.app.chromecustomizations/com.sec.samsung.android.chromecustomizations.chromecustomizationprovider}
04-09 05:43:04.637 D/NetworkController.SecMobileSignalController(1/8)( 2046): onSignalStrengthsChanged level=3
04-09 05:43:04.638 D/MobileSignalIconsSelector( 2046): getDataIconGroup(): 13
04-09 05:43:04.641 I/WindowManager( 1004): Reparenting to original parent: Surface(name=Task=6973)/@0x83e56df, destroy=true, surface=Surface(name=ActivityRecord{80df198 u0 bbc.mobile.news.ww/uk.co.bbc.authtoolkit.onetap.OneTapSignInActivity t6973})/@0x11575b
04-09 05:43:04.641 I/SurfaceControl( 1004): nativeRelease nativeObject s[-5476376643752186688]
04-09 05:43:04.641 I/SurfaceControl( 1004): nativeRelease nativeObject e[-5476376643752186688]
04-09 05:43:04.641 I/SurfaceControl( 1004): nativeRelease nativeObject s[-5476376643755718128]
04-09 05:43:04.641 I/SurfaceControl( 1004): nativeRelease nativeObject e[-5476376643755718128]
04-09 05:43:04.642 I/SurfaceControl( 1004): nativeRelease nativeObject s[-5476376643752095344]
04-09 05:43:04.642 I/SurfaceControl( 1004): nativeRelease nativeObject e[-5476376643752095344]
04-09 05:43:04.642 D/WindowManager( 1004): clearDimAnimation owner = ActivityRecord{80df198 u0 bbc.mobile.news.ww/uk.co.bbc.authtoolkit.onetap.OneTapSignInActivity t6973 f}}
04-09 05:43:04.642 V/WindowManager( 1004): Setting visibility of Window{4955bb0 u0 bbc.mobile.news.ww/uk.co.bbc.authtoolkit.onetap.OneTapSignInActivity}: false, caller=com.android.server.wm.WindowContainer.sendAppVisibilityToClients:1004 com.android.server.wm.ActivityRecord.setClientVisible:6391 com.android.server.wm.ActivityRecord.onAnimationFinished:7143 com.android.server.wm.-$$Lambda$dwJG8BAnLlvKNGuDY9U3-haNY4M.onAnimationFinished:2 com.android.server.wm.SurfaceAnimator.lambda$getFinishedCallback$0$SurfaceAnimator:112 
04-09 05:43:04.643 D/ActivityTaskManager( 1004): finishFixedRotationTransform, r=ActivityRecord{80df198 u0 bbc.mobile.news.ww/uk.co.bbc.authtoolkit.onetap.OneTapSignInActivity t6973 f}}, caller=com.android.server.wm.WindowToken.finishFixedRotationTransform:664 com.android.server.wm.DisplayContent$FixedRotationTransitionListener.onAppTransitionFinishedLocked:7025 com.android.server.wm.AppTransition.notifyAppTransitionFinishedLocked:552 com.android.server.wm.ActivityRecord.onAnimationFinished:7164 com.android.server.wm.-$$Lambda$dwJG8BAnLlvKNGuDY9U3-haNY4M.onAnimationFinished:2 
04-09 05:43:04.643 I/WindowManager( 1004): Reparenting to original parent: Surface(name=Task=6973)/@0x83e56df, destroy=true, surface=Surface(name=ActivityRecord{60c1096 u0 bbc.mobile.news.ww/uk.co.bbc.authtoolkit.tabhost.SignInActivity t6973})/@0x553d273
04-09 05:43:04.643 I/SurfaceControl( 1004): nativeRelease nativeObject s[-5476376643758426592]
04-09 05:43:04.644 I/SurfaceControl( 1004): nativeRelease nativeObject e[-5476376643758426592]
04-09 05:43:04.644 I/SurfaceControl( 1004): nativeRelease nativeObject s[-5476376643758586048]
04-09 05:43:04.644 I/SurfaceControl( 1004): nativeRelease nativeObject e[-5476376643758586048]
04-09 05:43:04.644 D/SurfaceFlinger(  873): Display 19261213734341249 HWC layers:
04-09 05:43:04.644 D/SurfaceFlinger(  873):      DEVICE | 0xb400006f3addff60 | 0002 | RGBA_8888    |    0.0    0.0 1080.0 2400.0 |    0    0 1080 2400 | bbc.mobile.news.ww/uk.co.bbc.authtoolkit.tabhost.SignInActivity$_11862#0
04-09 05:43:04.644 D/SurfaceFlinger(  873):      DEVICE | 0xb400006f3add80d0 | 0000 | RGBA_8888    |    0.0    0.0 1080.0   76.0 |    0    0 1080   76 | StatusBar$_2046#0
04-09 05:43:04.644 D/SurfaceFlinger(  873):      DEVICE | 0xb400006f3add42f0 | 0000 | RGBA_8888    |    0.0    0.0 1080.0  126.0 |    0 2274 1080 2400 | NavigationBar0$_2046#0
04-09 05:43:04.644 D/SurfaceFlinger(  873):      DEVICE | 0xb400006f3addbb50 | 0000 | RGBA_8888    |    0.0    0.0 1080.0  181.0 |    0    0 1080  181 | ScreenDecorOverlay$_2046#0
04-09 05:43:04.644 D/SurfaceFlinger(  873):      DEVICE | 0xb400006f3add8160 | 0000 | RGBA_8888    |    0.0    0.0 1080.0  181.0 |    0 2219 1080 2400 | ScreenDecorOverlayBottom$_2046#0
04-09 05:43:04.644 D/SurfaceFlinger(  873): 
04-09 05:43:04.644 D/ActivityTaskManager( 1004): finishFixedRotationTransform, r=ActivityRecord{60c1096 u0 bbc.mobile.news.ww/uk.co.bbc.authtoolkit.tabhost.SignInActivity t6973}, caller=com.android.server.wm.WindowToken.finishFixedRotationTransform:664 com.android.server.wm.DisplayContent$FixedRotationTransitionListener.onAppTransitionFinishedLocked:7025 com.android.server.wm.AppTransition.notifyAppTransitionFinishedLocked:552 com.android.server.wm.ActivityRecord.onAnimationFinished:7164 com.android.server.wm.-$$Lambda$dwJG8BAnLlvKNGuDY9U3-haNY4M.onAnimationFinished:2 
04-09 05:43:04.645 D/Zygote  (  695): Forked child process 13061
04-09 05:43:04.647 I/Layer   (  873): id=55741 removeFromCurrentState Surface(name=ActivityRecord{80df198 u0 bbc.mobile.news.ww/uk.co.bbc.authtoolkit.onetap.OneTapSignInActivity t6973})/@0x11575b - animation-leash#0 (82)
04-09 05:43:04.647 I/Layer   (  873): id=55744 removeFromCurrentState Surface(name=ActivityRecord{80df198 u0 bbc.mobile.news.ww/uk.co.bbc.authtoolkit.onetap.OneTapSignInActivity t6973})/@0x11575b - animation-bounds#0 (82)
04-09 05:43:04.647 I/Layer   (  873): id=55742 removeFromCurrentState Dim Layer for - Task=6973 - animating-dim#0 (82)
04-09 05:43:04.647 I/Layer   (  873): id=55745 removeFromCurrentState Surface(name=ActivityRecord{60c1096 u0 bbc.mobile.news.ww/uk.co.bbc.authtoolkit.tabhost.SignInActivity t6973})/@0x553d273 - animation-leash#0 (82)
04-09 05:43:04.647 I/Layer   (  873): id=55746 removeFromCurrentState Surface(name=ActivityRecord{60c1096 u0 bbc.mobile.news.ww/uk.co.bbc.authtoolkit.tabhost.SignInActivity t6973})/@0x553d273 - animation-bounds#0 (82)
04-09 05:43:04.648 I/SurfaceFlinger(  873): id=55741 Removed Surface(name=ActivityRecord{80df198 u0 bbc.mobile.news.ww/uk.co.bbc.authtoolkit.onetap.OneTapSignInActivity t6973})/@0x11575b - animation-leash#0 (82)
04-09 05:43:04.648 I/SurfaceFlinger(  873): id=55744 Removed Surface(name=ActivityRecord{80df198 u0 bbc.mobile.news.ww/uk.co.bbc.authtoolkit.onetap.OneTapSignInActivity t6973})/@0x11575b - animation-bounds#0 (82)
04-09 05:43:04.648 I/SurfaceFlinger(  873): id=55742 Removed Dim Layer for - Task=6973 - animating-dim#0 (82)
04-09 05:43:04.648 I/SurfaceFlinger(  873): id=55745 Removed Surface(name=ActivityRecord{60c1096 u0 bbc.mobile.news.ww/uk.co.bbc.authtoolkit.tabhost.SignInActivity t6973})/@0x553d273 - animation-leash#0 (82)
04-09 05:43:04.648 I/SurfaceFlinger(  873): id=55746 Removed Surface(name=ActivityRecord{60c1096 u0 bbc.mobile.news.ww/uk.co.bbc.authtoolkit.tabhost.SignInActivity t6973})/@0x553d273 - animation-bounds#0 (82)
04-09 05:43:04.650 I/ActivityManager( 1004): Start proc 13061:com.sec.android.app.chromecustomizations/u0a145 for content provider {com.sec.android.app.chromecustomizations/com.sec.samsung.android.chromecustomizations.chromecustomizationprovider}
04-09 05:43:04.654 I/SurfaceView(12081): onWindowVisibilityChanged(0) false android.view.SurfaceView{a269674 I.E...... ......I. 0,0-0,0} of ViewRootImpl@49ce66b[CustomTabActivity]
04-09 05:43:04.657 I/Layer   (  873): id=55742[1] Destroyed Dim Layer for - Task=6973 - animating-dim#0
04-09 05:43:04.657 I/Layer   (  873): id=55744[1] Destroyed Surface(name=ActivityRecord{80df198 u0 bbc.mobile.news.ww/uk.co.bbc.authtoolkit.onetap.OneTapSignInActivity t6973})/@0x11575b - animation-bounds#0
04-09 05:43:04.657 I/Layer   (  873): id=55741[1] Destroyed Surface(name=ActivityRecord{80df198 u0 bbc.mobile.news.ww/uk.co.bbc.authtoolkit.onetap.OneTapSignInActivity t6973})/@0x11575b - animation-leash#0
04-09 05:43:04.657 I/Layer   (  873): id=55746[1] Destroyed Surface(name=ActivityRecord{60c1096 u0 bbc.mobile.news.ww/uk.co.bbc.authtoolkit.tabhost.SignInActivity t6973})/@0x553d273 - animation-bounds#0
04-09 05:43:04.657 I/Layer   (  873): id=55745[1] Destroyed Surface(name=ActivityRecord{60c1096 u0 bbc.mobile.news.ww/uk.co.bbc.authtoolkit.tabhost.SignInActivity t6973})/@0x553d273 - animation-leash#0
04-09 05:43:04.657 I/libc    (13061): SetHeapTaggingLevel: tag level set to 0
04-09 05:43:04.659 V/WindowManager( 1004): Relayout Window{4955bb0 u0 bbc.mobile.news.ww/uk.co.bbc.authtoolkit.onetap.OneTapSignInActivity}: viewVisibility=8 req=1080x2400
04-09 05:43:04.662 V/WindowManager( 1004): Relayout Window{21ffc61 u0 com.android.chrome/org.chromium.chrome.browser.customtabs.CustomTabActivity}: viewVisibility=0 req=1080x2400
04-09 05:43:04.662 V/WindowManager( 1004): Relayout hash=4955bb0, pid=11862: mAttrs={(0,0)(fillxfill) sim={adjust=pan forwardNavigation} ty=BASE_APPLICATION wanim=0x1030304
04-09 05:43:04.662 V/WindowManager( 1004):   fl=81810100
04-09 05:43:04.662 V/WindowManager( 1004):   pfl=12020000
04-09 05:43:04.662 V/WindowManager( 1004):   fitSides= naviIconColor=0}
04-09 05:43:04.662 I/SurfaceControl(11862): nativeRelease nativeObject s[-5476376643758620368]
04-09 05:43:04.663 I/SurfaceControl(11862): nativeRelease nativeObject e[-5476376643758620368]
04-09 05:43:04.663 I/SurfaceControl(11862): assignNativeObject: nativeObject = 0 Surface(name=null)/@0xe07f6fe / android.view.SurfaceControl.readFromParcel:1121 android.view.IWindowSession$Stub$Proxy.relayout:1814 android.view.ViewRootImpl.relayoutWindow:9005 android.view.ViewRootImpl.performTraversals:3360 android.view.ViewRootImpl.doTraversal:2618 android.view.ViewRootImpl$TraversalRunnable.run:9971 android.view.Choreographer$CallbackRecord.run:1010 android.view.Choreographer.doCallbacks:809 android.view.Choreographer.doFrame:744 android.view.Choreographer$FrameDisplayEventReceiver.run:995 
04-09 05:43:04.663 D/WindowManager( 1004): isScreenshotDisabledLocked - win: Window{21ffc61 u0 com.android.chrome/org.chromium.chrome.browser.customtabs.CustomTabActivity}
04-09 05:43:04.663 I/SurfaceControl(11862): assignNativeObject: nativeObject = 0 Surface(name=null)/@0x6b275fd / android.view.SurfaceControl.readFromParcel:1121 android.view.IWindowSession$Stub$Proxy.relayout:1824 android.view.ViewRootImpl.relayoutWindow:9005 android.view.ViewRootImpl.performTraversals:3360 android.view.ViewRootImpl.doTraversal:2618 android.view.ViewRootImpl$TraversalRunnable.run:9971 android.view.Choreographer$CallbackRecord.run:1010 android.view.Choreographer.doCallbacks:809 android.view.Choreographer.doFrame:744 android.view.Choreographer$FrameDisplayEventReceiver.run:995 
04-09 05:43:04.663 D/WindowManager( 1004): isScreenshotDisabledLocked: userId = 0, disabled =false
04-09 05:43:04.663 I/SurfaceFlinger(  873): id=55751 createSurf (1080x2400),1 flag=4, com.android.chrome/org.chromium.chrome.browser.customtabs.CustomTabActivity$_12081#0
04-09 05:43:04.664 I/ViewRootImpl@6f16666[OneTapSignInActivity](11862): Relayout returned: old=(0,0,1080,2400) new=(0,0,1080,2400) req=(1080,2400)8 dur=4 res=0x5 s={false 0} ch=true fn=2
04-09 05:43:04.665 D/WindowManager( 1004): makeSurface duration=2 name=com.android.chrome/org.chromium.chrome.browser.customtabs.CustomTabActivity$_12081
04-09 05:43:04.665 V/WindowManager( 1004): Changing focus from null to Window{21ffc61 u0 com.android.chrome/org.chromium.chrome.browser.customtabs.CustomTabActivity} displayId=0 Callers=com.android.server.wm.RootWindowContainer.updateFocusedWindowLocked:567 com.android.server.wm.WindowManagerService.updateFocusedWindowLocked:6316 com.android.server.wm.WindowManagerService.relayoutWindow:2718 com.android.server.wm.Session.relayout:219 
04-09 05:43:04.666 I/WindowManager( 1004): Cancelling animation restarting=true, leash=Surface(name=Surface(name=274360a StatusBar)/@0xb22cc3a - animation-leash)/@0xc2f9ee7
04-09 05:43:04.666 I/SystemUiVisibilityPolicyController( 1004): handleMessage: entry what = 1
04-09 05:43:04.666 I/WindowManager( 1004): Reparenting to original parent: Surface(name=WindowToken{b262675 android.os.BinderProxy@9464b5f})/@0x6e6d0eb, destroy=false, surface=Surface(name=274360a StatusBar)/@0xb22cc3a
04-09 05:43:04.666 I/SurfaceControl( 1004): nativeRelease nativeObject s[-5476376643753763296]
04-09 05:43:04.666 I/SurfaceControl( 1004): nativeRelease nativeObject e[-5476376643753763296]
04-09 05:43:04.666 I/WindowManager( 1004): Reparenting to leash, surface=Surface(name=274360a StatusBar)/@0xb22cc3a, leashParent=Surface(name=WindowToken{b262675 android.os.BinderProxy@9464b5f})/@0x6e6d0eb
04-09 05:43:04.666 I/SurfaceFlinger(  873): id=55752 createSurf (0x0),-1 flag=24000, Surface(name=274360a StatusBar)/@0xb22cc3a - animation-leash#0
04-09 05:43:04.667 D/WindowManager( 1004): makeSurface duration=1 leash=Surface(name=Surface(name=274360a StatusBar)/@0xb22cc3a - animation-leash)/@0xd654628
04-09 05:43:04.667 I/WindowManager( 1004): Cancelling animation restarting=true, leash=Surface(name=Surface(name=cc28427 NavigationBar0)/@0xceb24e1 - animation-leash)/@0x529393d
04-09 05:43:04.667 I/WindowManager( 1004): Reparenting to original parent: Surface(name=WindowToken{6b496e6 android.os.BinderProxy@1cf4e4b})/@0xc617206, destroy=false, surface=Surface(name=cc28427 NavigationBar0)/@0xceb24e1
04-09 05:43:04.667 I/SurfaceControl( 1004): nativeRelease nativeObject s[-5476376643758164352]
04-09 05:43:04.667 I/SurfaceControl( 1004): nativeRelease nativeObject e[-5476376643758164352]
04-09 05:43:04.667 I/WindowManager( 1004): Reparenting to leash, surface=Surface(name=cc28427 NavigationBar0)/@0xceb24e1, leashParent=Surface(name=WindowToken{6b496e6 android.os.BinderProxy@1cf4e4b})/@0xc617206
04-09 05:43:04.667 I/SurfaceFlinger(  873): id=55753 createSurf (0x0),-1 flag=24000, Surface(name=cc28427 NavigationBar0)/@0xceb24e1 - animation-leash#1
04-09 05:43:04.668 D/WindowManager( 1004): makeSurface duration=0 leash=Surface(name=Surface(name=cc28427 NavigationBar0)/@0xceb24e1 - animation-leash)/@0xac2227
04-09 05:43:04.668 D/StatusBarManagerService( 1004): notifyRequestedSystemKey recent=false home=false
04-09 05:43:04.669 V/WindowManager( 1004): Relayout hash=21ffc61, pid=12081: mAttrs={(0,0)(fillxfill) sim={adjust=resize forwardNavigation} ty=BASE_APPLICATION fmt=TRANSLUCENT wanim=0x1030304 sysuil=true
04-09 05:43:04.669 V/WindowManager( 1004):   fl=81810100
04-09 05:43:04.669 V/WindowManager( 1004):   pfl=12020000
04-09 05:43:04.669 V/WindowManager( 1004):   fitSides= naviIconColor=0}
04-09 05:43:04.669 I/SurfaceControl( 1004): nativeRelease nativeObject s[-5476376643753319248]
04-09 05:43:04.669 I/SurfaceControl( 1004): nativeRelease nativeObject e[-5476376643753319248]
04-09 05:43:04.670 D/CompatibilityChangeReporter( 1004): Compat change id reported: 135634846; UID 10185; state: DISABLED
04-09 05:43:04.670 D/CompatibilityChangeReporter( 1004): Compat change id reported: 135754954; UID 10185; state: ENABLED
04-09 05:43:04.670 I/SurfaceControl(12081): assignNativeObject: nativeObject = 0 Surface(name=null)/@0x975f64b / android.view.SurfaceControl.readFromParcel:1121 android.view.IWindowSession$Stub$Proxy.relayout:1824 android.view.ViewRootImpl.relayoutWindow:9005 android.view.ViewRootImpl.performTraversals:3360 android.view.ViewRootImpl.doTraversal:2618 android.view.ViewRootImpl$TraversalRunnable.run:9971 android.view.Choreographer$CallbackRecord.run:1010 android.view.Choreographer.doCallbacks:809 android.view.Choreographer.doFrame:744 android.view.Choreographer$FrameDisplayEventReceiver.run:995 
04-09 05:43:04.671 D/CompatibilityChangeReporter( 1004): Compat change id reported: 143937733; UID 10185; state: ENABLED
04-09 05:43:04.671 I/ViewRootImpl@49ce66b[CustomTabActivity](12081): Relayout returned: old=(0,0,1080,2400) new=(0,0,1080,2400) req=(1080,2400)0 dur=10 res=0x7 s={true -5476376639464472304} ch=true fn=-1
04-09 05:43:04.672 I/SurfaceView(12081): windowStopped(false) false android.view.SurfaceView{a269674 I.E...... ......I. 0,0-0,0} of ViewRootImpl@49ce66b[CustomTabActivity]
04-09 05:43:04.673 E/HBD     ( 5492): g activeNetwork is null 
04-09 05:43:04.675 I/Layer   (  873): id=55740 removeFromCurrentState Surface(name=cc28427 NavigationBar0)/@0xceb24e1 - animation-leash#0 (80)
04-09 05:43:04.675 I/Layer   (  873): id=23 removeFromCurrentState cc28427 NavigationBar0#0 (80)
04-09 05:43:04.675 I/Layer   (  873): id=29 removeFromCurrentState NavigationBar0$_2046#0 (80)
04-09 05:43:04.675 I/Layer   (  873): id=55739 removeFromCurrentState Surface(name=274360a StatusBar)/@0xb22cc3a - animation-leash#1 (80)
04-09 05:43:04.675 I/Layer   (  873): id=23 addToCurrentState cc28427 NavigationBar0#0 (80)
04-09 05:43:04.675 I/Layer   (  873): id=29 addToCurrentState NavigationBar0$_2046#0 (80)
04-09 05:43:04.678 I/SurfaceControl(11862): nativeRelease nativeObject s[-5476376643758461968]
04-09 05:43:04.678 I/SurfaceControl(11862): nativeRelease nativeObject e[-5476376643758461968]
04-09 05:43:04.678 I/SurfaceControl(11862): nativeRelease nativeObject s[-5476376643758464960]
04-09 05:43:04.678 I/SurfaceControl(11862): nativeRelease nativeObject e[-5476376643758464960]
04-09 05:43:04.678 I/SurfaceControl(11862): nativeRelease nativeObject s[-5476376643758461440]
04-09 05:43:04.678 I/SurfaceControl(11862): nativeRelease nativeObject e[-5476376643758461440]
04-09 05:43:04.678 I/SurfaceFlinger(  873): id=55740 Removed Surface(name=cc28427 NavigationBar0)/@0xceb24e1 - animation-leash#0 (80)
04-09 05:43:04.678 I/cr_StartSurfaceConfig(12081): Recorded Startup.Android.FirstDrawCompletedTime.NoInstant = 214 ms
04-09 05:43:04.678 I/SurfaceFlinger(  873): id=55739 Removed Surface(name=274360a StatusBar)/@0xb22cc3a - animation-leash#1 (80)
04-09 05:43:04.688 D/Zygote  (  695): Forked child process 13071
04-09 05:43:04.690 I/Layer   (  873): id=55739[1] Destroyed Surface(name=274360a StatusBar)/@0xb22cc3a - animation-leash#1
04-09 05:43:04.691 I/Layer   (  873): id=55740[1] Destroyed Surface(name=cc28427 NavigationBar0)/@0xceb24e1 - animation-leash#0
04-09 05:43:04.691 D/WindowManager( 1004): finishDrawingWindow: Window{21ffc61 u0 com.android.chrome/org.chromium.chrome.browser.customtabs.CustomTabActivity} mDrawState=DRAW_PENDING
04-09 05:43:04.691 W/ZygoteProcess( 1004): Got error connecting to zygote, retrying. msg= Connection refused
04-09 05:43:04.694 D/WindowManager( 1004): prepareDimAnimOnAnimating owner = ActivityRecord{60c1096 u0 bbc.mobile.news.ww/uk.co.bbc.authtoolkit.tabhost.SignInActivity t6973}
04-09 05:43:04.695 I/WindowManager( 1004): Reparenting to leash, surface=Surface(name=ActivityRecord{60c1096 u0 bbc.mobile.news.ww/uk.co.bbc.authtoolkit.tabhost.SignInActivity t6973})/@0x553d273, leashParent=Surface(name=Task=6973)/@0x83e56df
04-09 05:43:04.695 I/SurfaceFlinger(  873): id=55754 createSurf (0x0),-1 flag=24000, Surface(name=ActivityRecord{60c1096 u0 bbc.mobile.news.ww/uk.co.bbc.authtoolkit.tabhost.SignInActivity t6973})/@0x553d273 - animation-leash#0
04-09 05:43:04.696 D/WindowManager( 1004): makeSurface duration=1 leash=Surface(name=Surface(name=ActivityRecord{60c1096 u0 bbc.mobile.news.ww/uk.co.bbc.authtoolkit.tabhost.SignInActivity t6973})/@0x553d273 - animation-leash)/@0x6c71035
04-09 05:43:04.696 D/WindowManager( 1004): startDimAnimation owner = ActivityRecord{60c1096 u0 bbc.mobile.news.ww/uk.co.bbc.authtoolkit.tabhost.SignInActivity t6973}
04-09 05:43:04.696 I/SurfaceFlinger(  873): id=55755 createSurf (0x0),-1 flag=20004, Dim Layer for - Task=6973 - animating-dim#0
04-09 05:43:04.697 I/WindowManager( 1004): Reparenting to leash, surface=Surface(name=Dim Layer for - Task=6973 - animating-dim)/@0x7b03cca, leashParent=Surface(name=Task=6973)/@0x83e56df
04-09 05:43:04.697 I/SurfaceFlinger(  873): id=55756 createSurf (0x0),-1 flag=24000, Surface(name=Dim Layer for - Task=6973 - animating-dim)/@0x7b03cca - animation-leash#0
04-09 05:43:04.698 D/WindowManager( 1004): makeSurface duration=1 leash=Surface(name=Surface(name=Dim Layer for - Task=6973 - animating-dim)/@0x7b03cca - animation-leash)/@0x6cb9e3b
04-09 05:43:04.698 I/SurfaceFlinger(  873): id=55757 createSurf (0x0),-1 flag=80004, Surface(name=ActivityRecord{60c1096 u0 bbc.mobile.news.ww/uk.co.bbc.authtoolkit.tabhost.SignInActivity t6973})/@0x553d273 - animation-bounds#0
04-09 05:43:04.700 I/WindowManager( 1004): Reparenting to leash, surface=Surface(name=ActivityRecord{d05b29e u0 com.android.chrome/org.chromium.chrome.browser.customtabs.CustomTabActivity t6973})/@0x2b9b22, leashParent=Surface(name=Task=6973)/@0x83e56df
04-09 05:43:04.701 I/SurfaceFlinger(  873): id=55758 createSurf (0x0),-1 flag=24004, Surface(name=ActivityRecord{d05b29e u0 com.android.chrome/org.chromium.chrome.browser.customtabs.CustomTabActivity t6973})/@0x2b9b22 - animation-leash#0
04-09 05:43:04.701 I/libc    (13071): SetHeapTaggingLevel: tag level set to 0
04-09 05:43:04.701 D/WindowManager( 1004): makeSurface duration=1 leash=Surface(name=Surface(name=ActivityRecord{d05b29e u0 com.android.chrome/org.chromium.chrome.browser.customtabs.CustomTabActivity t6973})/@0x2b9b22 - animation-leash)/@0xa2199b3
04-09 05:43:04.702 I/SurfaceFlinger(  873): id=55759 createSurf (0x0),-1 flag=80004, Surface(name=ActivityRecord{d05b29e u0 com.android.chrome/org.chromium.chrome.browser.customtabs.CustomTabActivity t6973})/@0x2b9b22 - animation-bounds#0
04-09 05:43:04.703 D/ActivityTaskManager( 1004): finishFixedRotationTransform, r=ActivityRecord{bfb672e u0 com.android.chrome/com.google.android.apps.chrome.IntentDispatcher t6973 f}}, caller=com.android.server.wm.WindowToken.finishFixedRotationTransform:664 com.android.server.wm.DisplayContent$FixedRotationTransitionListener.onAppTransitionFinishedLocked:7025 com.android.server.wm.AppTransition.notifyAppTransitionFinishedLocked:552 com.android.server.wm.ActivityRecord.onAnimationFinished:7164 com.android.server.wm.ActivityRecord.postApplyAnimation:5013 
04-09 05:43:04.704 D/PkgPredictorService( 1004): pkg:com.android.chrome activity:org.chromium.chrome.browser.customtabs.CustomTabActivity thisTime:324
04-09 05:43:04.704 D/PkgPredictorService-Collector( 1004): update activity launch time: CustomTabActivity : 324
04-09 05:43:04.705 I/ActivityTaskManager( 1004): Displayed com.android.chrome/org.chromium.chrome.browser.customtabs.CustomTabActivity: +324ms
04-09 05:43:04.708 I/InputDispatcher( 1004): Focus entered window (12081): 21ffc61 in display 0 0
04-09 05:43:04.709 E/ecustomization(13061): Not starting debugger since process cannot load the jdwp agent.
04-09 05:43:04.715 D/StorageManagerService( 1004): getExternalStorageMountMode: uid=10038 packageName=com.google.android.gsf
04-09 05:43:04.715 D/CompatibilityChangeReporter( 1004): Compat change id reported: 135634846; UID 10038; state: DISABLED
04-09 05:43:04.715 D/CompatibilityChangeReporter( 1004): Compat change id reported: 135754954; UID 10038; state: ENABLED
04-09 05:43:04.716 W/ActivityManager( 1004): wait for provider publish: waiters=1 callerApp=ProcessRecord{a4ae785 12081:com.android.chrome/u0a185} cpr=ContentProviderRecord{b5fcee9 u0 com.google.android.gsf/.settings.GoogleSettingsProvider}
04-09 05:43:04.718 D/ActivityThread(13061): setConscryptValidator
04-09 05:43:04.718 D/ActivityThread(13061): setConscryptValidator - put
04-09 05:43:04.721 I/ActivityManager( 1004): DSS OFF for com.sec.android.app.chromecustomizations
04-09 05:43:04.723 D/ActivityManager( 1004): attachApplicationLocked() app=ProcessRecord{82ef447 13061:com.sec.android.app.chromecustomizations/u0a145} app.isolatedEntryPoint=null instr2=null
04-09 05:43:04.727 D/ActivityThread(13061): handleBindApplication()++ app=com.sec.android.app.chromecustomizations
04-09 05:43:04.728 D/SurfaceFlinger(  873): Display 19261213734341249 HWC layers:
04-09 05:43:04.728 D/SurfaceFlinger(  873):      DEVICE | 0xb400006f3addff60 | 0002 | RGBA_8888    |    0.0    8.0 1080.0 2400.0 |    0    0 1080 2392 | bbc.mobile.news.ww/uk.co.bbc.authtoolkit.tabhost.SignInActivity$_11862#0
04-09 05:43:04.728 D/SurfaceFlinger(  873):      DEVICE | 0xb400006f3addca80 | 0000 | RGBA_8888    |    0.0    0.0 1080.0 1997.0 |    0  403 1080 2400 | com.android.chrome/org.chromium.chro[...]ustomtabs.CustomTabActivity$_12081#0
04-09 05:43:04.728 D/SurfaceFlinger(  873):      DEVICE | 0xb400006f3add80d0 | 0000 | RGBA_8888    |    0.0    0.0 1080.0   76.0 |    0    0 1080   76 | StatusBar$_2046#0
04-09 05:43:04.728 D/SurfaceFlinger(  873):      DEVICE | 0xb400006f3add42f0 | 0000 | RGBA_8888    |    0.0    0.0 1080.0  126.0 |    0 2274 1080 2400 | NavigationBar0$_2046#0
04-09 05:43:04.728 D/SurfaceFlinger(  873):      DEVICE | 0xb400006f3addbb50 | 0000 | RGBA_8888    |    0.0    0.0 1080.0  181.0 |    0    0 1080  181 | ScreenDecorOverlay$_2046#0
04-09 05:43:04.728 D/SurfaceFlinger(  873):      DEVICE | 0xb400006f3add8160 | 0000 | RGBA_8888    |    0.0    0.0 1080.0  181.0 |    0 2219 1080 2400 | ScreenDecorOverlayBottom$_2046#0
04-09 05:43:04.728 D/SurfaceFlinger(  873): 
04-09 05:43:04.743 I/AppZygote( 1004): Starting application preload.
04-09 05:43:04.746 D/SurfaceFlinger(  873): Display 19261213734341249 HWC layers:
04-09 05:43:04.746 D/SurfaceFlinger(  873):      DEVICE | 0xb400006f3addff60 | 0002 | RGBA_8888    |    0.0   19.0 1080.0 2400.0 |    0    0 1080 2381 | bbc.mobile.news.ww/uk.co.bbc.authtoolkit.tabhost.SignInActivity$_11862#0
04-09 05:43:04.746 D/SurfaceFlinger(  873):  SOLID_COLOR |              | 0000 |  Unknown  |    0.0    0.0    0.0    0.0 |    0    0 1080 2400 | Dim Layer for - Task=6973 - animating-dim#0
04-09 05:43:04.746 D/SurfaceFlinger(  873):      DEVICE | 0xb400006f3addca80 | 0000 | RGBA_8888    |    0.0    0.0 1080.0 2067.0 |    0  333 1080 2400 | com.android.chrome/org.chromium.chro[...]ustomtabs.CustomTabActivity$_12081#0
04-09 05:43:04.746 D/SurfaceFlinger(  873):      DEVICE | 0xb400006f3add80d0 | 0000 | RGBA_8888    |    0.0    0.0 1080.0   76.0 |    0    0 1080   76 | StatusBar$_2046#0
04-09 05:43:04.746 D/SurfaceFlinger(  873):      DEVICE | 0xb400006f3add42f0 | 0000 | RGBA_8888    |    0.0    0.0 1080.0  126.0 |    0 2274 1080 2400 | NavigationBar0$_2046#0
04-09 05:43:04.746 D/SurfaceFlinger(  873):      DEVICE | 0xb400006f3addbb50 | 0000 | RGBA_8888    |    0.0    0.0 1080.0  181.0 |    0    0 1080  181 | ScreenDecorOverlay$_2046#0
04-09 05:43:04.746 D/SurfaceFlinger(  873):      DEVICE | 0xb400006f3add8160 | 0000 | RGBA_8888    |    0.0    0.0 1080.
04-09 05:43:04.746 D/SurfaceFlinger(  873): 0  181.0 |    0 2219 1080 2400 | ScreenDecorOverlayBottom$_2046#0
04-09 05:43:04.746 D/SurfaceFlinger(  873): 
04-09 05:43:04.746 I/AppZygoteInit(13071): Beginning application preload for com.android.chrome
04-09 05:43:04.805 I/cr_CombinedPProvider(12081): #linkNativeInternal() 0
04-09 05:43:04.805 I/cr_PolicyProvider(12081): #setManagerAndSource() 0
04-09 05:43:04.807 I/cr_PolicyCacheProvider(12081): #refresh() true
04-09 05:43:04.818 I/cr_ZygotePreload(13071): Loaded Zygote. version=123.0.6312.99 minSdkVersion=29 isBundle=true
04-09 05:43:04.821 W/linker  (13071): Warning: "/data/app/~~oL0Ts0b6FS7Pseceb_0ohw==/com.google.android.trichromelibrary_631209933-l5mXT6qKyStM9PaPVJMiHg==/base.apk!/lib/arm64-v8a/libmonochrome_64.so" unused DT entry: unknown processor-specific (type 0x70000001 arg 0x0) (ignoring)
04-09 05:43:04.827 I/AppZygote( 1004): Application preload done.
04-09 05:43:04.827 I/AppZygoteInit(13071): Application preload done
04-09 05:43:04.829 I/SDHMS:F ( 4606): -99 > surface_temperature_0
04-09 05:43:04.830 I/SDHMS:F ( 4606): writeSysfs:: path() : /sys/class/audio/amp/surface_temperature_0 exist() : false canWrite() : false
04-09 05:43:04.830 I/SDHMS:F ( 4606): -99 > surface_temperature_1
04-09 05:43:04.830 I/SDHMS:F ( 4606): writeSysfs:: path() : /sys/class/audio/amp/surface_temperature_1 exist() : false canWrite() : false
04-09 05:43:04.830 I/SDHMS:F ( 4606): SIOP:: AP:384(497,50) BAT:350(350,0) CHG:543(543,0) PA:421(421,0) WIFI:448(448,0) 
04-09 05:43:04.834 I/SystemBroadcastReceiver( 7715): [#CMH#] onReceive completed :  0
04-09 05:43:04.834 I/PolicyManager( 7715): [#CMH#] onReceive action = EVENT_SIOP
04-09 05:43:04.834 I/PolicyManager( 7715): [#CMH#] SIOP level is high = 2
04-09 05:43:04.834 D/WifiP2pService( 1004): GopsReceiver : received : com.samsung.intent.action.CHECK_SIOP_LEVEL
04-09 05:43:04.834 I/WifiP2pService( 1004): siop_level = 2
04-09 05:43:04.834 I/SystemBroadcastReceiver(10370): [#CMH#] onReceive completed :  0
04-09 05:43:04.835 D/WifiP2pService( 1004): GopsReceiver : received : com.samsung.intent.action.CHECK_SIOP_LEVEL time : 1ms
04-09 05:43:04.835 I/PolicyManager(10370): [#CMH#] onReceive action = EVENT_SIOP
04-09 05:43:04.835 D/SensorService( 1004): Calling batch handle==51 flags=0 rate=200000000 timeout== 0
04-09 05:43:04.835 I/PolicyManager(10370): [#CMH#] SIOP level is high = 2
04-09 05:43:04.835 I/sensors-hal(  776): set_config:67, sample_period_ns is adjusted to 0 based on min/max delay_ns
04-09 05:43:04.836 I/sensors-hal(  776): batch:304, android.sensor.light/51, period=200000000, max_latency=0 request completed
04-09 05:43:04.836 I/sensors-hal(  776): activate:233, android.sensor.light/51 en=1
04-09 05:43:04.836 I/sensors-hal(  776): get_qmi_debug_flag:241, support_qmi_debug : false
04-09 05:43:04.841 I/sensors-hal(  776): activate:244, android.sensor.light/51 en=1 completed
04-09 05:43:04.845 I/sensors-hal(  776): ssc_conn_resp_cb:745, resp_value = 0
04-09 05:43:04.845 W/d.chrome_zygot(13071): Reducing the number of considered missed Gc histogram windows from 993 to 100
04-09 05:43:04.854 D/Zygote  (13071): Forked child process 13098
04-09 05:43:04.856 W/ActivityManager( 1004): Slow operation: 186ms so far, now at startProcess: returned from zygote!
04-09 05:43:04.856 W/ActivityManager( 1004): Slow operation: 187ms so far, now at startProcess: done updating battery stats
04-09 05:43:04.856 W/ActivityManager( 1004): Slow operation: 187ms so far, now at startProcess: building log message
04-09 05:43:04.856 I/ActivityManager( 1004): Start proc 13098:com.android.chrome:sandboxed_process0:org.chromium.content.app.SandboxedProcessService0:0/u0ai0 for  {com.android.chrome/org.chromium.content.app.SandboxedProcessService0:0}
04-09 05:43:04.856 W/ActivityManager( 1004): Slow operation: 187ms so far, now at startProcess: starting to update pids map
04-09 05:43:04.856 W/ActivityManager( 1004): Slow operation: 187ms so far, now at startProcess: done updating pids map
04-09 05:43:04.856 W/ActivityManager( 1004): Slow operation: 142ms so far, now at startProcess: asking zygote to start proc
04-09 05:43:04.857 D/CompatibilityChangeReporter( 1004): Compat change id reported: 143937733; UID 10038; state: ENABLED
04-09 05:43:04.859 E/libc    (13098): SetHeapTaggingLevel: re-enabling tagging after it was disabled is not supported
04-09 05:43:04.866 D/Zygote  (  695): Forked child process 13103
04-09 05:43:04.867 W/ActivityManager( 1004): Slow operation: 153ms so far, now at startProcess: returned from zygote!
04-09 05:43:04.868 W/ActivityManager( 1004): Slow operation: 153ms so far, now at startProcess: done updating battery stats
04-09 05:43:04.868 W/ActivityManager( 1004): Slow operation: 153ms so far, now at startProcess: building log message
04-09 05:43:04.868 I/ActivityManager( 1004): Start proc 13103:com.google.process.gapps/u0a38 for content provider {com.google.android.gsf/com.google.android.gsf.settings.GoogleSettingsProvider}
04-09 05:43:04.868 W/ActivityManager( 1004): Slow operation: 153ms so far, now at startProcess: starting to update pids map
04-09 05:43:04.868 I/sensors-hal(  776): handle_indication_realtime:466,  SCHED_FIFO(10) for qmi_cbk
04-09 05:43:04.869 W/ActivityManager( 1004): Slow operation: 154ms so far, now at startProcess: done updating pids map
04-09 05:43:04.879 E/ocessService0:(13098): Not starting debugger since process cannot load the jdwp agent.
04-09 05:43:04.893 I/SemDvfsHyPerManager( 1004): acquire hyper - WIFI_CSTATE/1004@12, type = 268447744
04-09 05:43:04.895 I/HYPER-HAL(  780): [RequestManager.cpp]acquire(): Acquired ID : 516648  [1004 / 12]    HINT :      list : [LPMDisable / 1] [TIMEOUT / 2000] 
04-09 05:43:04.896 E/e.process.gapp(13103): Not starting debugger since process cannot load the jdwp agent.
04-09 05:43:04.901 D/ActivityThread(13098): setConscryptValidator
04-09 05:43:04.902 D/ActivityThread(13098): setConscryptValidator - put
04-09 05:43:04.903 D/ActivityThread(13103): setConscryptValidator
04-09 05:43:04.903 D/ActivityThread(13103): setConscryptValidator - put
04-09 05:43:04.905 I/ActivityManager( 1004): DSS OFF for com.android.chrome
04-09 05:43:04.906 D/ActivityManager( 1004): attachApplicationLocked() app=ProcessRecord{cdc9cd4 13098:com.android.chrome:sandboxed_process0:org.chromium.content.app.SandboxedProcessService0:0/u0a185i-9000} app.isolatedEntryPoint=null instr2=null
04-09 05:43:04.907 D/CompatibilityChangeReporter( 1004): Compat change id reported: 136274596; UID 10185; state: ENABLED
04-09 05:43:04.908 I/TetheringManager(12081): registerTetheringEventCallback:com.android.chrome
04-09 05:43:04.909 D/ConnectivityManager(12081): ConnectivityManager() mContext=org.chromium.chrome.browser.base.SplitChromeApplication@bea9126 getOpPackageName()=com.android.chrome getBasePackageName()=com.android.chrome getPackageName()=com.android.chrome
04-09 05:43:04.913 I/ActivityManager( 1004): DSS OFF for com.google.android.gsf
04-09 05:43:04.913 D/ActivityThread(13098): handleBindApplication()++ app=com.android.chrome:sandboxed_process0:org.chromium.content.app.SandboxedProcessService0:0
04-09 05:43:04.917 D/ActivityManager( 1004): attachApplicationLocked() app=ProcessRecord{952b70 13103:com.google.process.gapps/u0a38} app.isolatedEntryPoint=null instr2=null
04-09 05:43:04.920 I/servicemanager(  555): network_management is isloated, getService has failed.
04-09 05:43:04.920 I/servicemanager(  555): connectivity is isloated, getService has failed.
04-09 05:43:04.923 D/ActivityThread(13103): handleBindApplication()++ app=com.google.process.gapps
04-09 05:43:04.929 I/LoadedApk(13098): No resource references to update in package com.google.android.trichromelibrary
04-09 05:43:04.929 D/LoadedApk(13098): LoadedApk::makeApplication() appContext=android.app.ContextImpl@eab92b4 appContext.mOpPackageName=com.android.chrome appContext.mBasePackageName=com.android.chrome appContext.mPackageInfo=android.app.LoadedApk@f87edd
04-09 05:43:04.929 D/NetworkSecurityConfig(13098): Using Network Security Config from resource 0_resource_name_obfuscated debugBuild: false
04-09 05:43:04.933 D/NetworkSecurityConfig(13098): Using Network Security Config from resource 0_resource_name_obfuscated debugBuild: false
04-09 05:43:04.936 I/cr_SplitCompatApp(13098): Launched version=123.0.6312.99 minSdkVersion=29 isBundle=true processName=com.android.chrome:sandboxed_process0:org.chromium.content.app.SandboxedProcessService0:0 isIsolated=true
04-09 05:43:04.936 I/e.process.gapp(13103): The ClassLoaderContext is a special shared library.
04-09 05:43:04.939 I/servicemanager(  555): edm_proxy is isloated, getService has failed.
04-09 05:43:04.946 I/servicemanager(  555): uimode is isloated, getService has failed.
04-09 05:43:04.946 W/SystemServiceRegistry(13098): No service published for: uimode
04-09 05:43:04.949 D/ActivityThread(13098): handleBindApplication() -- skipGraphicsSupport=false
04-09 05:43:04.952 I/cr_ChildProcessService(13098): Creating new ChildProcessService pid=13098
04-09 05:43:04.954 D/LoadedApk(13103): LoadedApk::makeApplication() appContext=android.app.ContextImpl@eab92b4 appContext.mOpPackageName=com.google.android.gsf appContext.mBasePackageName=com.google.android.gsf appContext.mPackageInfo=android.app.LoadedApk@f87edd
04-09 05:43:04.954 D/NetworkSecurityConfig(13103): No Network Security Config specified, using platform default
04-09 05:43:04.955 D/ConnectivityService( 1004): requestNetwork for uid/pid:10185/12081 NetworkRequest [ TRACK_DEFAULT id=13563, [ Capabilities: INTERNET&NOT_RESTRICTED&TRUSTED Uid: 10185 AdministratorUids: [] RequestorUid: 10185 RequestorPackageName: com.android.chrome] ]
04-09 05:43:04.955 D/ConnectivityService( 1004): NetReassign [13563 : null ?? 754]
04-09 05:43:04.956 D/WIFI_AWARE_FACTORY( 1004): got request NetworkRequest [ TRACK_DEFAULT id=13563, [ Capabilities: INTERNET&NOT_RESTRICTED&TRUSTED Uid: 10185 AdministratorUids: [] RequestorUid: 10185 RequestorPackageName: com.android.chrome] ] with score 60 and providerId 6
04-09 05:43:04.956 D/TSBackgroundFetch(11862):   onPause
04-09 05:43:04.957 D/WifiNetworkFactory( 1004): got request NetworkRequest [ TRACK_DEFAULT id=13563, [ Capabilities: INTERNET&NOT_RESTRICTED&TRUSTED Uid: 10185 AdministratorUids: [] RequestorUid: 10185 RequestorPackageName: com.android.chrome] ] with score 60 and providerId 6
04-09 05:43:04.957 D/NetworkSecurityConfig(13103): No Network Security Config specified, using platform default
04-09 05:43:04.957 D/UntrustedWifiNetworkFactory( 1004): got request NetworkRequest [ TRACK_DEFAULT id=13563, [ Capabilities: INTERNET&NOT_RESTRICTED&TRUSTED Uid: 10185 AdministratorUids: [] RequestorUid: 10185 RequestorPackageName: com.android.chrome] ] with score 60 and providerId 6
04-09 05:43:04.957 D/PhoneSwitcherNetworkRequstListener( 2039): got request NetworkRequest [ TRACK_DEFAULT id=13563, [ Capabilities: INTERNET&NOT_RESTRICTED&TRUSTED Uid: 10185 AdministratorUids: [] RequestorUid: 10185 RequestorPackageName: com.android.chrome] ] with score 60 and providerId 6
04-09 05:43:04.958 D/Ethernet( 1004): got request NetworkRequest [ TRACK_DEFAULT id=13563, [ Capabilities: INTERNET&NOT_RESTRICTED&TRUSTED Uid: 10185 AdministratorUids: [] RequestorUid: 10185 RequestorPackageName: com.android.chrome] ] with score 60 and providerId 6
04-09 05:43:04.960 D/ConnectivityService( 1004): NetReassign [no changes]
04-09 05:43:04.964 I/cr_CombinedPProvider(12081): #registerProvider() provider:TD2@c4146ce isPolicyCacheEnabled:true policyProvidersSize:0
04-09 05:43:04.964 I/cr_PolicyProvider(12081): #setManagerAndSource() 0
04-09 05:43:04.964 I/cr_CombinedPProvider(12081): #registerProvider() provider:Xh@cb219ef isPolicyCacheEnabled:false policyProvidersSize:1
04-09 05:43:04.965 I/cr_PolicyProvider(12081): #setManagerAndSource() 1
04-09 05:43:04.966 I/GenerationRegistry( 1004): mBackingStore.isClosed() : false
04-09 05:43:04.966 I/cr_AppResProvider(12081): #getApplicationRestrictionsFromUserManager() Bundle[EMPTY_PARCEL]
04-09 05:43:04.966 I/cr_PolicyProvider(12081): #notifySettingsAvailable() 1
04-09 05:43:04.966 I/cr_CombinedPProvider(12081): #onSettingsAvailable() 1
04-09 05:43:04.982 D/ActivityManager( 1004): The following uid has registered to recieve broadcast for proxy related updates 10185
04-09 05:43:04.982 W/ContextImpl( 1004): Calling a method in the system process without a qualified user: android.app.ContextImpl.sendBroadcast:1196 com.android.server.am.ActivityManagerService.requestKnoxVpnToSendProxyBroadcast:23977 com.android.server.am.ActivityManagerService.registerReceiverWithFeature:18655 android.app.IActivityManager$Stub.onTransact:2614 com.android.server.am.ActivityManagerService.onTransact:3628 
04-09 05:43:04.996 D/SensorService( 1004): removeConnection, index : 0, size : 1
04-09 05:43:04.996 D/SensorService( 1004): # removeConnection, index : 0, size : 0
04-09 05:43:04.996 D/SensorService( 1004): Calling activate off 51
04-09 05:43:04.996 I/sensors-hal(  776): activate:233, android.sensor.light/51 en=0
04-09 05:43:04.997 I/sensors-hal(  776): deactivate:303, disconnect qmi to disable sensor
04-09 05:43:04.997 I/sensors-hal(  776): activate:244, android.sensor.light/51 en=0 completed
04-09 05:43:05.008 