04-09 05:42:55.653 V/SoLoader(11862): libjscexecutor.so not found on /data/app/~~hlNfL0yBlsEx175RgP3e1Q==/bbc.mobile.news.ww-sLVKrTcCS_Zis1pnbK3DHg==/split_config.ar.apk!/lib/arm64-v8a
04-09 05:42:55.653 V/SoLoader(11862): libjscexecutor.so not found on /system/lib64
04-09 05:42:55.653 V/SoLoader(11862): libjscexecutor.so not found on /vendor/lib64
04-09 05:42:55.654 E/SoLoader(11862): couldn't find DSO to load: libjscexecutor.so
04-09 05:42:55.654 E/SoLoader(11862): 	SoSource 0: com.facebook.soloader.DirectorySoSource[root = /data/app/~~hlNfL0yBlsEx175RgP3e1Q==/bbc.mobile.news.ww-sLVKrTcCS_Zis1pnbK3DHg==/lib/arm64 flags = 0]
04-09 05:42:55.654 E/SoLoader(11862): 	SoSource 1: com.facebook.soloader.DirectApkSoSource[root = (/data/app/~~hlNfL0yBlsEx175RgP3e1Q==/bbc.mobile.news.ww-sLVKrTcCS_Zis1pnbK3DHg==/split_config.arm64_v8a.apk!/lib/arm64-v8a, /data/app/~~hlNfL0yBlsEx175RgP3e1Q==/bbc.mobile.news.ww-sLVKrTcCS_Zis1pnbK3DHg==/base.apk!/lib/arm64-v8a, /data/app/~~hlNfL0yBlsEx175RgP3e1Q==/bbc.mobile.news.ww-sLVKrTcCS_Zis1pnbK3DHg==/split_config.en.apk!/lib/arm64-v8a, /data/app/~~hlNfL0yBlsEx175RgP3e1Q==/bbc.mobile.news.ww-sLVKrTcCS_Zis1pnbK3DHg==/split_config.ar.apk!/lib/arm64-v8a, /data/app/~~hlNfL0yBlsEx175RgP3e1Q==/bbc.mobile.news.ww-sLVKrTcCS_Zis1pnbK3DHg==/split_config.xxhdpi.apk!/lib/arm64-v8a, )]
04-09 05:42:55.654 E/SoLoader(11862): 	SoSource 2: com.facebook.soloader.DirectApkSoSource[root = (/data/app/~~hlNfL0yBlsEx175RgP3e1Q==/bbc.mobile.news.ww-sLVKrTcCS_Zis1pnbK3DHg==/split_config.xxhdpi.apk!/lib/arm64-v8a, )]
04-09 05:42:55.654 E/SoLoader(11862): 	SoSource 3: com.facebook.soloader.DirectApkSoSource[root = (/data/app/~~hlNfL0yBlsEx175RgP3e1Q==/bbc.mobile.news.ww-sLVKrTcCS_Zis1pnbK3DHg==/split_config.en.apk!/lib/arm64-v8a, )]
04-09 05:42:55.654 E/SoLoader(11862): 	SoSource 4: com.facebook.soloader.DirectApkSoSource[root = (/data/app/~~hlNfL0yBlsEx175RgP3e1Q==/bbc.mobile.news.ww-sLVKrTcCS_Zis1pnbK3DHg==/split_config.arm64_v8a.apk!/lib/arm64-v8a, )]
04-09 05:42:55.654 E/SoLoader(11862): 	SoSource 5: com.facebook.soloader.DirectApkSoSource[root = (/data/app/~~hlNfL0yBlsEx175RgP3e1Q==/bbc.mobile.news.ww-sLVKrTcCS_Zis1pnbK3DHg==/split_config.ar.apk!/lib/arm64-v8a, )]
04-09 05:42:55.654 E/SoLoader(11862): 	SoSource 6: com.facebook.soloader.DirectorySoSource[root = /system/lib64 flags = 2]
04-09 05:42:55.654 E/SoLoader(11862): 	SoSource 7: com.facebook.soloader.DirectorySoSource[root = /vendor/lib64 flags = 2]
04-09 05:42:55.654 E/SoLoader(11862): 	Native lib dir: /data/app/~~hlNfL0yBlsEx175RgP3e1Q==/bbc.mobile.news.ww-sLVKrTcCS_Zis1pnbK3DHg==/lib/arm64
04-09 05:42:55.654 E/SoLoader(11862):  result: 0
04-09 05:42:55.654 V/SoLoader(11862): libhermes.so not found on /data/app/~~hlNfL0yBlsEx175RgP3e1Q==/bbc.mobile.news.ww-sLVKrTcCS_Zis1pnbK3DHg==/lib/arm64
04-09 05:42:55.655 V/SoLoader(11862): libhermes.so not found on /data/app/~~hlNfL0yBlsEx175RgP3e1Q==/bbc.mobile.news.ww-sLVKrTcCS_Zis1pnbK3DHg==/split_config.arm64_v8a.apk!/lib/arm64-v8a
04-09 05:42:55.655 V/SoLoader(11862): libhermes.so not found on /data/app/~~hlNfL0yBlsEx175RgP3e1Q==/bbc.mobile.news.ww-sLVKrTcCS_Zis1pnbK3DHg==/base.apk!/lib/arm64-v8a
04-09 05:42:55.655 V/SoLoader(11862): libhermes.so not found on /data/app/~~hlNfL0yBlsEx175RgP3e1Q==/bbc.mobile.news.ww-sLVKrTcCS_Zis1pnbK3DHg==/split_config.en.apk!/lib/arm64-v8a
04-09 05:42:55.655 V/SoLoader(11862): libhermes.so not found on /data/app/~~hlNfL0yBlsEx175RgP3e1Q==/bbc.mobile.news.ww-sLVKrTcCS_Zis1pnbK3DHg==/split_config.ar.apk!/lib/arm64-v8a
04-09 05:42:55.655 V/SoLoader(11862): libhermes.so not found on /data/app/~~hlNfL0yBlsEx175RgP3e1Q==/bbc.mobile.news.ww-sLVKrTcCS_Zis1pnbK3DHg==/split_config.xxhdpi.apk!/lib/arm64-v8a
04-09 05:42:55.655 V/SoLoader(11862): libhermes.so not found on /data/app/~~hlNfL0yBlsEx175RgP3e1Q==/bbc.mobile.news.ww-sLVKrTcCS_Zis1pnbK3DHg==/split_config.xxhdpi.apk!/lib/arm64-v8a
04-09 05:42:55.655 V/SoLoader(11862): libhermes.so not found on /data/app/~~hlNfL0yBlsEx175RgP3e1Q==/bbc.mobile.news.ww-sLVKrTcCS_Zis1pnbK3DHg==/split_config.en.apk!/lib/arm64-v8a
04-09 05:42:55.656 V/SoLoader(11862): liblog.so not found on /data/app/~~hlNfL0yBlsEx175RgP3e1Q==/bbc.mobile.news.ww-sLVKrTcCS_Zis1pnbK3DHg==/lib/arm64
04-09 05:42:55.656 V/SoLoader(11862): liblog.so not found on /data/app/~~hlNfL0yBlsEx175RgP3e1Q==/bbc.mobile.news.ww-sLVKrTcCS_Zis1pnbK3DHg==/split_config.arm64_v8a.apk!/lib/arm64-v8a
04-09 05:42:55.656 V/SoLoader(11862): liblog.so not found on /data/app/~~hlNfL0yBlsEx175RgP3e1Q==/bbc.mobile.news.ww-sLVKrTcCS_Zis1pnbK3DHg==/base.apk!/lib/arm64-v8a
04-09 05:42:55.656 V/SoLoader(11862): liblog.so not found on /data/app/~~hlNfL0yBlsEx175RgP3e1Q==/bbc.mobile.news.ww-sLVKrTcCS_Zis1pnbK3DHg==/split_config.en.apk!/lib/arm64-v8a
04-09 05:42:55.656 V/SoLoader(11862): liblog.so not found on /data/app/~~hlNfL0yBlsEx175RgP3e1Q==/bbc.mobile.news.ww-sLVKrTcCS_Zis1pnbK3DHg==/split_config.ar.apk!/lib/arm64-v8a
04-09 05:42:55.656 V/SoLoader(11862): liblog.so not found on /data/app/~~hlNfL0yBlsEx175RgP3e1Q==/bbc.mobile.news.ww-sLVKrTcCS_Zis1pnbK3DHg==/split_config.xxhdpi.apk!/lib/arm64-v8a
04-09 05:42:55.656 V/SoLoader(11862): liblog.so not found on /data/app/~~hlNfL0yBlsEx175RgP3e1Q==/bbc.mobile.news.ww-sLVKrTcCS_Zis1pnbK3DHg==/split_config.xxhdpi.apk!/lib/arm64-v8a
04-09 05:42:55.656 V/SoLoader(11862): liblog.so not found on /data/app/~~hlNfL0yBlsEx175RgP3e1Q==/bbc.mobile.news.ww-sLVKrTcCS_Zis1pnbK3DHg==/split_config.en.apk!/lib/arm64-v8a
04-09 05:42:55.656 V/SoLoader(11862): liblog.so not found on /data/app/~~hlNfL0yBlsEx175RgP3e1Q==/bbc.mobile.news.ww-sLVKrTcCS_Zis1pnbK3DHg==/split_config.arm64_v8a.apk!/lib/arm64-v8a
04-09 05:42:55.656 V/SoLoader(11862): liblog.so not found on /data/app/~~hlNfL0yBlsEx175RgP3e1Q==/bbc.mobile.news.ww-sLVKrTcCS_Zis1pnbK3DHg==/split_config.ar.apk!/lib/arm64-v8a
04-09 05:42:55.656 D/SoLoader(11862): liblog.so found on /system/lib64
04-09 05:42:55.656 D/SoLoader(11862): liblog.so loaded implicitly
04-09 05:42:55.656 V/SoLoader(11862): libm.so not found on /data/app/~~hlNfL0yBlsEx175RgP3e1Q==/bbc.mobile.news.ww-sLVKrTcCS_Zis1pnbK3DHg==/lib/arm64
04-09 05:42:55.656 V/SoLoader(11862): libm.so not found on /data/app/~~hlNfL0yBlsEx175RgP3e1Q==/bbc.mobile.news.ww-sLVKrTcCS_Zis1pnbK3DHg==/split_config.arm64_v8a.apk!/lib/arm64-v8a
04-09 05:42:55.656 V/SoLoader(11862): libm.so not found on /data/app/~~hlNfL0yBlsEx175RgP3e1Q==/bbc.mobile.news.ww-sLVKrTcCS_Zis1pnbK3DHg==/base.apk!/lib/arm64-v8a
04-09 05:42:55.656 V/SoLoader(11862): libm.so not found on /data/app/~~hlNfL0yBlsEx175RgP3e1Q==/bbc.mobile.news.ww-sLVKrTcCS_Zis1pnbK3DHg==/split_config.en.apk!/lib/arm64-v8a
04-09 05:42:55.656 V/SoLoader(11862): libm.so not found on /data/app/~~hlNfL0yBlsEx175RgP3e1Q==/bbc.mobile.news.ww-sLVKrTcCS_Zis1pnbK3DHg==/split_config.ar.apk!/lib/arm64-v8a
04-09 05:42:55.656 V/SoLoader(11862): libm.so not found on /data/app/~~hlNfL0yBlsEx175RgP3e1Q==/bbc.mobile.news.ww-sLVKrTcCS_Zis1pnbK3DHg==/split_config.xxhdpi.apk!/lib/arm64-v8a
04-09 05:42:55.656 V/SoLoader(11862): libm.so not found on /data/app/~~hlNfL0yBlsEx175RgP3e1Q==/bbc.mobile.news.ww-sLVKrTcCS_Zis1pnbK3DHg==/split_config.xxhdpi.apk!/lib/arm64-v8a
04-09 05:42:55.656 V/SoLoader(11862): libm.so not found on /data/app/~~hlNfL0yBlsEx175RgP3e1Q==/bbc.mobile.news.ww-sLVKrTcCS_Zis1pnbK3DHg==/split_config.en.apk!/lib/arm64-v8a
04-09 05:42:55.656 V/SoLoader(11862): libm.so not found on /data/app/~~hlNfL0yBlsEx175RgP3e1Q==/bbc.mobile.news.ww-sLVKrTcCS_Zis1pnbK3DHg==/split_config.arm64_v8a.apk!/lib/arm64-v8a
04-09 05:42:55.656 V/SoLoader(11862): libm.so not found on /data/app/~~hlNfL0yBlsEx175RgP3e1Q==/bbc.mobile.news.ww-sLVKrTcCS_Zis1pnbK3DHg==/split_config.ar.apk!/lib/arm64-v8a
04-09 05:42:55.656 D/SoLoader(11862): libm.so found on /system/lib64
04-09 05:42:55.656 D/SoLoader(11862): libm.so loaded implicitly
04-09 05:42:55.656 V/SoLoader(11862): libdl.so not found on /data/app/~~hlNfL0yBlsEx175RgP3e1Q==/bbc.mobile.news.ww-sLVKrTcCS_Zis1pnbK3DHg==/lib/arm64
04-09 05:42:55.656 V/SoLoader(11862): libdl.so not found on /data/app/~~hlNfL0yBlsEx175RgP3e1Q==/bbc.mobile.news.ww-sLVKrTcCS_Zis1pnbK3DHg==/split_config.arm64_v8a.apk!/lib/arm64-v8a
04-09 05:42:55.656 V/SoLoader(11862): libdl.so not found on /data/app/~~hlNfL0yBlsEx175RgP3e1Q==/bbc.mobile.news.ww-sLVKrTcCS_Zis1pnbK3DHg==/base.apk!/lib/arm64-v8a
04-09 05:42:55.656 V/SoLoader(11862): libdl.so not found on /data/app/~~hlNfL0yBlsEx175RgP3e1Q==/bbc.mobile.news.ww-sLVKrTcCS_Zis1pnbK3DHg==/split_config.en.apk!/lib/arm64-v8a
04-09 05:42:55.656 V/SoLoader(11862): libdl.so not found on /data/app/~~hlNfL0yBlsEx175RgP3e1Q==/bbc.mobile.news.ww-sLVKrTcCS_Zis1pnbK3DHg==/split_config.ar.apk!/lib/arm64-v8a
04-09 05:42:55.656 V/SoLoader(11862): libdl.so not found on /data/app/~~hlNfL0yBlsEx175RgP3e1Q==/bbc.mobile.news.ww-sLVKrTcCS_Zis1pnbK3DHg==/split_config.xxhdpi.apk!/lib/arm64-v8a
04-09 05:42:55.656 V/SoLoader(11862): libdl.so not found on /data/app/~~hlNfL0yBlsEx175RgP3e1Q==/bbc.mobile.news.ww-sLVKrTcCS_Zis1pnbK3DHg==/split_config.xxhdpi.apk!/lib/arm64-v8a
04-09 05:42:55.656 V/SoLoader(11862): libdl.so not found on /data/app/~~hlNfL0yBlsEx175RgP3e1Q==/bbc.mobile.news.ww-sLVKrTcCS_Zis1pnbK3DHg==/split_config.en.apk!/lib/arm64-v8a
04-09 05:42:55.656 V/SoLoader(11862): libdl.so not found on /data/app/~~hlNfL0yBlsEx175RgP3e1Q==/bbc.mobile.news.ww-sLVKrTcCS_Zis1pnbK3DHg==/split_config.arm64_v8a.apk!/lib/arm64-v8a
04-09 05:42:55.656 V/SoLoader(11862): libdl.so not found on /data/app/~~hlNfL0yBlsEx175RgP3e1Q==/bbc.mobile.news.ww-sLVKrTcCS_Zis1pnbK3DHg==/split_config.ar.apk!/lib/arm64-v8a
04-09 05:42:55.657 D/SoLoader(11862): libdl.so found on /system/lib64
04-09 05:42:55.657 D/SoLoader(11862): libdl.so loaded implicitly
04-09 05:42:55.657 V/SoLoader(11862): libc.so not found on /data/app/~~hlNfL0yBlsEx175RgP3e1Q==/bbc.mobile.news.ww-sLVKrTcCS_Zis1pnbK3DHg==/lib/arm64
04-09 05:42:55.657 V/SoLoader(11862): libc.so not found on /data/app/~~hlNfL0yBlsEx175RgP3e1Q==/bbc.mobile.news.ww-sLVKrTcCS_Zis1pnbK3DHg==/split_config.arm64_v8a.apk!/lib/arm64-v8a
04-09 05:42:55.657 V/SoLoader(11862): libc.so not found on /data/app/~~hlNfL0yBlsEx175RgP3e1Q==/bbc.mobile.news.ww-sLVKrTcCS_Zis1pnbK3DHg==/base.apk!/lib/arm64-v8a
04-09 05:42:55.657 V/SoLoader(11862): libc.so not found on /data/app/~~hlNfL0yBlsEx175RgP3e1Q==/bbc.mobile.news.ww-sLVKrTcCS_Zis1pnbK3DHg==/split_config.en.apk!/lib/arm64-v8a
04-09 05:42:55.657 V/SoLoader(11862): libc.so not found on /data/app/~~hlNfL0yBlsEx175RgP3e1Q==/bbc.mobile.news.ww-sLVKrTcCS_Zis1pnbK3DHg==/split_config.ar.apk!/lib/arm64-v8a
04-09 05:42:55.657 V/SoLoader(11862): libc.so not found on /data/app/~~hlNfL0yBlsEx175RgP3e1Q==/bbc.mobile.news.ww-sLVKrTcCS_Zis1pnbK3DHg==/split_config.xxhdpi.apk!/lib/arm64-v8a
04-09 05:42:55.657 V/SoLoader(11862): libc.so not found on /data/app/~~hlNfL0yBlsEx175RgP3e1Q==/bbc.mobile.news.ww-sLVKrTcCS_Zis1pnbK3DHg==/split_config.xxhdpi.apk!/lib/arm64-v8a
04-09 05:42:55.657 V/SoLoader(11862): libc.so not found on /data/app/~~hlNfL0yBlsEx175RgP3e1Q==/bbc.mobile.news.ww-sLVKrTcCS_Zis1pnbK3DHg==/split_config.en.apk!/lib/arm64-v8a
04-09 05:42:55.657 V/SoLoader(11862): libc.so not found on /data/app/~~hlNfL0yBlsEx175RgP3e1Q==/bbc.mobile.news.ww-sLVKrTcCS_Zis1pnbK3DHg==/split_config.arm64_v8a.apk!/lib/arm64-v8a
04-09 05:42:55.657 V/SoLoader(11862): libc.so not found on /data/app/~~hlNfL0yBlsEx175RgP3e1Q==/bbc.mobile.news.ww-sLVKrTcCS_Zis1pnbK3DHg==/split_config.ar.apk!/lib/arm64-v8a
04-09 05:42:55.657 D/SoLoader(11862): libc.so found on /system/lib64
04-09 05:42:55.657 D/SoLoader(11862): libc.so loaded implicitly
04-09 05:42:55.662 W/linker  (11862): Warning: "/data/app/~~hlNfL0yBlsEx175RgP3e1Q==/bbc.mobile.news.ww-sLVKrTcCS_Zis1pnbK3DHg==/split_config.arm64_v8a.apk!/lib/arm64-v8a/libc++_shared.so" unused DT entry: unknown processor-specific (type 0x70000001 arg 0x0) (ignoring)
04-09 05:42:55.664 D/SoLoader(11862): libhermes.so found on /data/app/~~hlNfL0yBlsEx175RgP3e1Q==/bbc.mobile.news.ww-sLVKrTcCS_Zis1pnbK3DHg==/split_config.arm64_v8a.apk!/lib/arm64-v8a
04-09 05:42:55.665 V/SoLoader(11862): libhermes_executor.so not found on /data/app/~~hlNfL0yBlsEx175RgP3e1Q==/bbc.mobile.news.ww-sLVKrTcCS_Zis1pnbK3DHg==/lib/arm64
04-09 05:42:55.665 V/SoLoader(11862): libhermes_executor.so not found on /data/app/~~hlNfL0yBlsEx175RgP3e1Q==/bbc.mobile.news.ww-sLVKrTcCS_Zis1pnbK3DHg==/split_config.arm64_v8a.apk!/lib/arm64-v8a
04-09 05:42:55.665 V/SoLoader(11862): libhermes_executor.so not found on /data/app/~~hlNfL0yBlsEx175RgP3e1Q==/bbc.mobile.news.ww-sLVKrTcCS_Zis1pnbK3DHg==/base.apk!/lib/arm64-v8a
04-09 05:42:55.665 V/SoLoader(11862): libhermes_executor.so not found on /data/app/~~hlNfL0yBlsEx175RgP3e1Q==/bbc.mobile.news.ww-sLVKrTcCS_Zis1pnbK3DHg==/split_config.en.apk!/lib/arm64-v8a
04-09 05:42:55.665 V/SoLoader(11862): libhermes_executor.so not found on /data/app/~~hlNfL0yBlsEx175RgP3e1Q==/bbc.mobile.news.ww-sLVKrTcCS_Zis1pnbK3DHg==/split_config.ar.apk!/lib/arm64-v8a
04-09 05:42:55.665 V/SoLoader(11862): libhermes_executor.so not found on /data/app/~~hlNfL0yBlsEx175RgP3e1Q==/bbc.mobile.news.ww-sLVKrTcCS_Zis1pnbK3DHg==/split_config.xxhdpi.apk!/lib/arm64-v8a
04-09 05:42:55.665 V/SoLoader(11862): libhermes_executor.so not found on /data/app/~~hlNfL0yBlsEx175RgP3e1Q==/bbc.mobile.news.ww-sLVKrTcCS_Zis1pnbK3DHg==/split_config.xxhdpi.apk!/lib/arm64-v8a
04-09 05:42:55.665 V/SoLoader(11862): libhermes_executor.so not found on /data/app/~~hlNfL0yBlsEx175RgP3e1Q==/bbc.mobile.news.ww-sLVKrTcCS_Zis1pnbK3DHg==/split_config.en.apk!/lib/arm64-v8a
04-09 05:42:55.666 V/SoLoader(11862): libandroid.so not found on /data/app/~~hlNfL0yBlsEx175RgP3e1Q==/bbc.mobile.news.ww-sLVKrTcCS_Zis1pnbK3DHg==/lib/arm64
04-09 05:42:55.667 V/SoLoader(11862): libandroid.so not found on /data/app/~~hlNfL0yBlsEx175RgP3e1Q==/bbc.mobile.news.ww-sLVKrTcCS_Zis1pnbK3DHg==/split_config.arm64_v8a.apk!/lib/arm64-v8a
04-09 05:42:55.667 V/SoLoader(11862): libandroid.so not found on /data/app/~~hlNfL0yBlsEx175RgP3e1Q==/bbc.mobile.news.ww-sLVKrTcCS_Zis1pnbK3DHg==/base.apk!/lib/arm64-v8a
04-09 05:42:55.667 V/SoLoader(11862): libandroid.so not found on /data/app/~~hlNfL0yBlsEx175RgP3e1Q==/bbc.mobile.news.ww-sLVKrTcCS_Zis1pnbK3DHg==/split_config.en.apk!/lib/arm64-v8a
04-09 05:42:55.667 V/SoLoader(11862): libandroid.so not found on /data/app/~~hlNfL0yBlsEx175RgP3e1Q==/bbc.mobile.news.ww-sLVKrTcCS_Zis1pnbK3DHg==/split_config.ar.apk!/lib/arm64-v8a
04-09 05:42:55.667 V/SoLoader(11862): libandroid.so not found on /data/app/~~hlNfL0yBlsEx175RgP3e1Q==/bbc.mobile.news.ww-sLVKrTcCS_Zis1pnbK3DHg==/split_config.xxhdpi.apk!/lib/arm64-v8a
04-09 05:42:55.667 V/SoLoader(11862): libandroid.so not found on /data/app/~~hlNfL0yBlsEx175RgP3e1Q==/bbc.mobile.news.ww-sLVKrTcCS_Zis1pnbK3DHg==/split_config.xxhdpi.apk!/lib/arm64-v8a
04-09 05:42:55.667 V/SoLoader(11862): libandroid.so not found on /data/app/~~hlNfL0yBlsEx175RgP3e1Q==/bbc.mobile.news.ww-sLVKrTcCS_Zis1pnbK3DHg==/split_config.en.apk!/lib/arm64-v8a
04-09 05:42:55.667 V/SoLoader(11862): libandroid.so not found on /data/app/~~hlNfL0yBlsEx175RgP3e1Q==/bbc.mobile.news.ww-sLVKrTcCS_Zis1pnbK3DHg==/split_config.arm64_v8a.apk!/lib/arm64-v8a
04-09 05:42:55.667 V/SoLoader(11862): libandroid.so not found on /data/app/~~hlNfL0yBlsEx175RgP3e1Q==/bbc.mobile.news.ww-sLVKrTcCS_Zis1pnbK3DHg==/split_config.ar.apk!/lib/arm64-v8a
04-09 05:42:55.667 D/SoLoader(11862): libandroid.so found on /system/lib64
04-09 05:42:55.667 D/SoLoader(11862): libandroid.so loaded implicitly
04-09 05:42:55.674 D/BoundBrokerSvc(31782): onBind: Intent { act=com.google.android.gms.appset.service.START dat=chimera-action: cmp=com.google.android.gms/.chimera.GmsApiService }
04-09 05:42:55.674 D/BoundBrokerSvc(31782): Loading bound service for intent: Intent { act=com.google.android.gms.appset.service.START dat=chimera-action: cmp=com.google.android.gms/.chimera.GmsApiService }
04-09 05:42:55.677 W/linker  (11862): Warning: "/data/app/~~hlNfL0yBlsEx175RgP3e1Q==/bbc.mobile.news.ww-sLVKrTcCS_Zis1pnbK3DHg==/split_config.arm64_v8a.apk!/lib/arm64-v8a/libruntimeexecutor.so" unused DT entry: unknown processor-specific (type 0x70000001 arg 0x0) (ignoring)
04-09 05:42:55.679 D/SoLoader(11862): libhermes_executor.so found on /data/app/~~hlNfL0yBlsEx175RgP3e1Q==/bbc.mobile.news.ww-sLVKrTcCS_Zis1pnbK3DHg==/split_config.arm64_v8a.apk!/lib/arm64-v8a
04-09 05:42:55.679 D/NetworkController.SecMobileSignalController(1/8)( 2046): onSignalStrengthsChanged level=3
04-09 05:42:55.679 D/MobileSignalIconsSelector( 2046): getDataIconGroup(): 13
04-09 05:42:55.686 D/BaseRestrictionMgr( 1004): Package: com.android.vending, userid: 0, hostingType: bindService is allowed by freecess, caller is: com.google.android.gms
04-09 05:42:55.687 W/DisplayIdentification(  873): Invalid EDID: falling back to serial number due to missing display name.
04-09 05:42:55.688 W/DisplayIdentification(  873): Invalid EDID: falling back to ASCII text due to missing serial number.
04-09 05:42:55.688 I/ActivityManager( 1004): Changes in 10058 4 to 3, 6 to 0 Caller=com.android.server.am.OomAdjuster.updateOomAdjLocked:402 com.android.server.am.OomAdjuster.updateOomAdjLocked:449 com.android.server.am.ActivityManagerService.updateOomAdjLocked:21549 com.android.server.am.ActiveServices.realStartServiceLocked:3379 com.android.server.am.ActiveServices.bringUpServiceLocked:3274 com.android.server.am.ActiveServices.bindServiceLocked:2333 com.android.server.am.ActivityManagerService.bindIsolatedService:18128 
04-09 05:42:55.691 I/AdrenoGLES-0(11862): QUALCOMM build                   : 5fa70b0888, I2c4b6824f1
04-09 05:42:55.691 I/AdrenoGLES-0(11862): Build Date                       : 09/29/21
04-09 05:42:55.691 I/AdrenoGLES-0(11862): OpenGL ES Shader Compiler Version: EV031.32.02.15
04-09 05:42:55.691 I/AdrenoGLES-0(11862): Local Branch                     : 
04-09 05:42:55.691 I/AdrenoGLES-0(11862): Remote Branch                    : 
04-09 05:42:55.691 I/AdrenoGLES-0(11862): Remote Branch                    : 
04-09 05:42:55.691 I/AdrenoGLES-0(11862): Reconstruct Branch               : 
04-09 05:42:55.691 I/AdrenoGLES-0(11862): Build Config                     : S P 10.0.7 AArch64
04-09 05:42:55.691 I/AdrenoGLES-0(11862): Driver Path                      : /vendor/lib64/egl/libGLESv2_adreno.so
04-09 05:42:55.696 I/AdrenoGLES-0(11862): PFP: 0x016ee190, ME: 0x00000000
04-09 05:42:55.711 D/AppCompatDelegate(11862): Checking for metadata for AppLocalesMetadataHolderService : Service not found
04-09 05:42:55.722 I/Dialog  (11862): mIsSamsungBasicInteraction = false, isMetaDataInActivity = false
04-09 05:42:55.723 I/DecorView(11862): [INFO] isPopOver=false, config=false
04-09 05:42:55.723 I/DecorView(11862): updateCaptionType >> DecorView@129752f[], isFloating=false, isApplication=true, hasWindowDecorCaption=false, hasWindowControllerCallback=false
04-09 05:42:55.723 D/DecorView(11862): setCaptionType = 0, this = DecorView@129752f[]
04-09 05:42:55.732 I/DecorView(11862): [INFO] isPopOver=false, config=true
04-09 05:42:55.732 I/DecorView(11862): updateCaptionType >> DecorView@b356f7d[], isFloating=false, isApplication=true, hasWindowDecorCaption=false, hasWindowControllerCallback=true
04-09 05:42:55.732 D/DecorView(11862): setCaptionType = 0, this = DecorView@b356f7d[]
04-09 05:42:55.738 D/InputTransport( 1004): Input channel constructed: '399bb6f', fd=898
04-09 05:42:55.738 D/InputTransport( 1004): Input channel constructed: '399bb6f', fd=900
04-09 05:42:55.740 I/SurfaceFlinger(  873): id=55712 createSurf (0x0),-1 flag=80004, 399bb6f bbc.mobile.news.ww/com.mobile.MainActivity#0
04-09 05:42:55.741 V/WindowManager( 1004): Changing focus from null to Window{399bb6f u0 bbc.mobile.news.ww/com.mobile.MainActivity} displayId=0 Callers=com.android.server.wm.RootWindowContainer.updateFocusedWindowLocked:567 com.android.server.wm.WindowManagerService.updateFocusedWindowLocked:6316 com.android.server.wm.WindowManagerService.addWindow:1965 com.android.server.wm.Session.addToDisplayAsUser:182 
04-09 05:42:55.741 I/WindowManager( 1004): Cancelling animation restarting=true, leash=Surface(name=Surface(name=274360a StatusBar)/@0xb22cc3a - animation-leash)/@0xadb81fb
04-09 05:42:55.742 I/WindowManager( 1004): Reparenting to original parent: Surface(name=WindowToken{b262675 android.os.BinderProxy@9464b5f})/@0x6e6d0eb, destroy=false, surface=Surface(name=274360a StatusBar)/@0xb22cc3a
04-09 05:42:55.742 I/SurfaceControl( 1004): nativeRelease nativeObject s[-5476376643752181408]
04-09 05:42:55.742 I/SurfaceControl( 1004): nativeRelease nativeObject e[-5476376643752181408]
04-09 05:42:55.742 I/WindowManager( 1004): Reparenting to leash, surface=Surface(name=274360a StatusBar)/@0xb22cc3a, leashParent=Surface(name=WindowToken{b262675 android.os.BinderProxy@9464b5f})/@0x6e6d0eb
04-09 05:42:55.742 I/SurfaceFlinger(  873): id=55713 createSurf (0x0),-1 flag=24000, Surface(name=274360a StatusBar)/@0xb22cc3a - animation-leash#0
04-09 05:42:55.743 I/SystemUiVisibilityPolicyController( 1004): handleMessage: entry what = 1
04-09 05:42:55.743 D/WindowManager( 1004): makeSurface duration=1 leash=Surface(name=Surface(name=274360a StatusBar)/@0xb22cc3a - animation-leash)/@0xd8e315a
04-09 05:42:55.743 I/WindowManager( 1004): Cancelling animation restarting=true, leash=Surface(name=Surface(name=cc28427 NavigationBar0)/@0xceb24e1 - animation-leash)/@0xaeb6471
04-09 05:42:55.743 I/WindowManager( 1004): Reparenting to original parent: Surface(name=WindowToken{6b496e6 android.os.BinderProxy@1cf4e4b})/@0xc617206, destroy=false, surface=Surface(name=cc28427 NavigationBar0)/@0xceb24e1
04-09 05:42:55.743 I/SurfaceControl( 1004): nativeRelease nativeObject s[-5476376643752167328]
04-09 05:42:55.743 I/SurfaceControl( 1004): nativeRelease nativeObject e[-5476376643752167328]
04-09 05:42:55.743 I/WindowManager( 1004): Reparenting to leash, surface=Surface(name=cc28427 NavigationBar0)/@0xceb24e1, leashParent=Surface(name=WindowToken{6b496e6 android.os.BinderProxy@1cf4e4b})/@0xc617206
04-09 05:42:55.743 I/SurfaceFlinger(  873): id=55714 createSurf (0x0),-1 flag=24000, Surface(name=cc28427 NavigationBar0)/@0xceb24e1 - animation-leash#1
04-09 05:42:55.744 D/WindowManager( 1004): makeSurface duration=1 leash=Surface(name=Surface(name=cc28427 NavigationBar0)/@0xceb24e1 - animation-leash)/@0xbd27868
04-09 05:42:55.744 D/StatusBarManagerService( 1004): notifyRequestedSystemKey recent=false home=false
04-09 05:42:55.745 D/InputTransport( 1004): Input channel destroyed: '399bb6f', fd=900
04-09 05:42:55.746 I/Layer   (  873): id=55710 removeFromCurrentState Surface(name=274360a StatusBar)/@0xb22cc3a - animation-leash#1 (73)
04-09 05:42:55.746 I/Layer   (  873): id=55711 removeFromCurrentState Surface(name=cc28427 NavigationBar0)/@0xceb24e1 - animation-leash#0 (73)
04-09 05:42:55.746 D/InputTransport(11862): Input channel constructed: '399bb6f', fd=179
04-09 05:42:55.747 I/SurfaceControl( 1004): nativeRelease nativeObject s[-5476376643752482016]
04-09 05:42:55.747 I/SurfaceControl( 1004): nativeRelease nativeObject e[-5476376643752482016]
04-09 05:42:55.747 I/SurfaceControl( 1004): nativeRelease nativeObject s[-5476376643754074464]
04-09 05:42:55.747 I/SurfaceControl( 1004): nativeRelease nativeObject e[-5476376643754074464]
04-09 05:42:55.747 I/SurfaceFlinger(  873): id=55710 Removed Surface(name=274360a StatusBar)/@0xb22cc3a - animation-leash#1 (73)
04-09 05:42:55.747 I/SurfaceFlinger(  873): id=55711 Removed Surface(name=cc28427 NavigationBar0)/@0xceb24e1 - animation-leash#0 (73)
04-09 05:42:55.752 I/ClientCertificateManager Service( 1004): ClientCertificateManager.isPremiumContainer() : false for user : 0
04-09 05:42:55.752 I/ViewRootImpl@a2e8679[MainActivity](11862): setView = com.android.internal.policy.DecorView@129752f TM=true
04-09 05:42:55.758 I/ClientCertificateManager Service( 1004): ClientCertificateManager.isPremiumContainer() : false for user : 0
04-09 05:42:55.761 I/Layer   (  873): id=55710[1] Destroyed Surface(name=274360a StatusBar)/@0xb22cc3a - animation-leash#1
04-09 05:42:55.761 I/Layer   (  873): id=55711[1] Destroyed Surface(name=cc28427 NavigationBar0)/@0xceb24e1 - animation-leash#0
04-09 05:42:55.764 I/ClientCertificateManager Service( 1004): ClientCertificateManager.isPremiumContainer() : false for user : 0
04-09 05:42:55.766 V/SoLoader(11862): libfbjni.so not found on /data/app/~~hlNfL0yBlsEx175RgP3e1Q==/bbc.mobile.news.ww-sLVKrTcCS_Zis1pnbK3DHg==/lib/arm64
04-09 05:42:55.767 V/SoLoader(11862): libfbjni.so not found on /data/app/~~hlNfL0yBlsEx175RgP3e1Q==/bbc.mobile.news.ww-sLVKrTcCS_Zis1pnbK3DHg==/split_config.arm64_v8a.apk!/lib/arm64-v8a
04-09 05:42:55.767 V/SoLoader(11862): libfbjni.so not found on /data/app/~~hlNfL0yBlsEx175RgP3e1Q==/bbc.mobile.news.ww-sLVKrTcCS_Zis1pnbK3DHg==/base.apk!/lib/arm64-v8a
04-09 05:42:55.767 V/SoLoader(11862): libfbjni.so not found on /data/app/~~hlNfL0yBlsEx175RgP3e1Q==/bbc.mobile.news.ww-sLVKrTcCS_Zis1pnbK3DHg==/split_config.en.apk!/lib/arm64-v8a
04-09 05:42:55.767 V/SoLoader(11862): libfbjni.so not found on /data/app/~~hlNfL0yBlsEx175RgP3e1Q==/bbc.mobile.news.ww-sLVKrTcCS_Zis1pnbK3DHg==/split_config.ar.apk!/lib/arm64-v8a
04-09 05:42:55.767 V/SoLoader(11862): libfbjni.so not found on /data/app/~~hlNfL0yBlsEx175RgP3e1Q==/bbc.mobile.news.ww-sLVKrTcCS_Zis1pnbK3DHg==/split_config.xxhdpi.apk!/lib/arm64-v8a
04-09 05:42:55.767 V/SoLoader(11862): libfbjni.so not found on /data/app/~~hlNfL0yBlsEx175RgP3e1Q==/bbc.mobile.news.ww-sLVKrTcCS_Zis1pnbK3DHg==/split_config.xxhdpi.apk!/lib/arm64-v8a
04-09 05:42:55.767 V/SoLoader(11862): libfbjni.so not found on /data/app/~~hlNfL0yBlsEx175RgP3e1Q==/bbc.mobile.news.ww-sLVKrTcCS_Zis1pnbK3DHg==/split_config.en.apk!/lib/arm64-v8a
04-09 05:42:55.768 D/SoLoader(11862): libfbjni.so found on /data/app/~~hlNfL0yBlsEx175RgP3e1Q==/bbc.mobile.news.ww-sLVKrTcCS_Zis1pnbK3DHg==/split_config.arm64_v8a.apk!/lib/arm64-v8a
04-09 05:42:55.769 I/ClientCertificateManager Service( 1004): ClientCertificateManager.isPremiumContainer() : false for user : 0
04-09 05:42:55.776 I/ClientCertificateManager Service( 1004): ClientCertificateManager.isPremiumContainer() : false for user : 0
04-09 05:42:55.778 I/ViewRootImpl@a2e8679[MainActivity](11862): stopped(false) old=false
04-09 05:42:55.781 D/InputTransport( 1004): Input channel constructed: 'b6e0926', fd=900
04-09 05:42:55.781 D/InputTransport( 1004): Input channel constructed: 'b6e0926', fd=901
04-09 05:42:55.782 I/SurfaceFlinger(  873): id=55715 createSurf (0x0),-1 flag=80004, b6e0926 bbc.mobile.news.ww/com.mobile.MainActivity#0
04-09 05:42:55.782 D/WindowManager( 1004): isScreenshotDisabledLocked - win: Window{b6e0926 u0 bbc.mobile.news.ww/com.mobile.MainActivity}
04-09 05:42:55.783 D/WindowManager( 1004): isScreenshotDisabledLocked: userId = 0, disabled =false
04-09 05:42:55.783 D/InputTransport( 1004): Input channel destroyed: 'b6e0926', fd=901
04-09 05:42:55.783 D/InputTransport(11862): Input channel constructed: 'b6e0926', fd=180
04-09 05:42:55.785 I/ViewRootImpl@65697d5[MainActivity](11862): setView = com.android.internal.policy.DecorView@b356f7d TM=true
04-09 05:42:55.789 V/AsyncStorageExpoMigration(11862): No scoped database found
04-09 05:42:55.789 V/WindowManager( 1004): Relayout Window{399bb6f u0 bbc.mobile.news.ww/com.mobile.MainActivity}: viewVisibility=0 req=1080x2400
04-09 05:42:55.791 D/WindowManager( 1004): isScreenshotDisabledLocked - win: Window{399bb6f u0 bbc.mobile.news.ww/com.mobile.MainActivity}
04-09 05:42:55.791 D/WindowManager( 1004): isScreenshotDisabledLocked: userId = 0, disabled =false
04-09 05:42:55.792 I/SurfaceFlinger(  873): id=55716 createSurf (1080x2400),1 flag=404, bbc.mobile.news.ww/com.mobile.MainActivity$_11862#0
04-09 05:42:55.793 D/WindowManager( 1004): makeSurface duration=1 name=bbc.mobile.news.ww/com.mobile.MainActivity$_11862
04-09 05:42:55.794 V/WindowManager( 1004): Relayout hash=399bb6f, pid=11862: mAttrs={(0,0)(fillxfill) gr=CENTER sim={adjust=pan forwardNavigation} layoutInDisplayCutoutMode=shortEdges ty=APPLICATION wanim=0x7f1301e0
04-09 05:42:55.794 V/WindowManager( 1004):   fl=81810100
04-09 05:42:55.794 V/WindowManager( 1004):   pfl=12020000
04-09 05:42:55.794 V/WindowManager( 1004):   fitSides= naviIconColor=0}
04-09 05:42:55.794 I/SurfaceControl( 1004): nativeRelease nativeObject s[-5476376643752060848]
04-09 05:42:55.794 I/SurfaceControl( 1004): nativeRelease nativeObject e[-5476376643752060848]
04-09 05:42:55.798 I/SurfaceControl(11862): assignNativeObject: nativeObject = 0 Surface(name=null)/@0x5a6b8bc / android.view.SurfaceControl.readFromParcel:1121 android.view.IWindowSession$Stub$Proxy.relayout:1824 android.view.ViewRootImpl.relayoutWindow:9005 android.view.ViewRootImpl.performTraversals:3360 android.view.ViewRootImpl.doTraversal:2618 android.view.ViewRootImpl$TraversalRunnable.run:9971 android.view.Choreographer$CallbackRecord.run:1010 android.view.Choreographer.doCallbacks:809 android.view.Choreographer.doFrame:744 android.view.Choreographer$FrameDisplayEventReceiver.run:995 
04-09 05:42:55.800 I/ViewRootImpl@a2e8679[MainActivity](11862): Relayout returned: old=(0,0,1080,2400) new=(0,0,1080,2400) req=(1080,2400)0 dur=9 res=0x7 s={true -5476376639464550784} ch=true fn=-1
04-09 05:42:55.817 D/TSBackgroundFetch(11862): [RNBackgroundFetch initialize]
04-09 05:42:55.852 V/SoLoader(11862): libreactnativejni.so not found on /data/app/~~hlNfL0yBlsEx175RgP3e1Q==/bbc.mobile.news.ww-sLVKrTcCS_Zis1pnbK3DHg==/lib/arm64
04-09 05:42:55.852 V/SoLoader(11862): libreactnativejni.so not found on /data/app/~~hlNfL0yBlsEx175RgP3e1Q==/bbc.mobile.news.ww-sLVKrTcCS_Zis1pnbK3DHg==/split_config.arm64_v8a.apk!/lib/arm64-v8a
04-09 05:42:55.852 V/SoLoader(11862): libreactnativejni.so not found on /data/app/~~hlNfL0yBlsEx175RgP3e1Q==/bbc.mobile.news.ww-sLVKrTcCS_Zis1pnbK3DHg==/base.apk!/lib/arm64-v8a
04-09 05:42:55.852 V/SoLoader(11862): libreactnativejni.so not found on /data/app/~~hlNfL0yBlsEx175RgP3e1Q==/bbc.mobile.news.ww-sLVKrTcCS_Zis1pnbK3DHg==/split_config.en.apk!/lib/arm64-v8a
04-09 05:42:55.852 V/SoLoader(11862): libreactnativejni.so not found on /data/app/~~hlNfL0yBlsEx175RgP3e1Q==/bbc.mobile.news.ww-sLVKrTcCS_Zis1pnbK3DHg==/split_config.ar.apk!/lib/arm64-v8a
04-09 05:42:55.852 V/SoLoader(11862): libreactnativejni.so not found on /data/app/~~hlNfL0yBlsEx175RgP3e1Q==/bbc.mobile.news.ww-sLVKrTcCS_Zis1pnbK3DHg==/split_config.xxhdpi.apk!/lib/arm64-v8a
04-09 05:42:55.852 V/SoLoader(11862): libreactnativejni.so not found on /data/app/~~hlNfL0yBlsEx175RgP3e1Q==/bbc.mobile.news.ww-sLVKrTcCS_Zis1pnbK3DHg==/split_config.xxhdpi.apk!/lib/arm64-v8a
04-09 05:42:55.852 V/SoLoader(11862): libreactnativejni.so not found on /data/app/~~hlNfL0yBlsEx175RgP3e1Q==/bbc.mobile.news.ww-sLVKrTcCS_Zis1pnbK3DHg==/split_config.en.apk!/lib/arm64-v8a
04-09 05:42:55.858 D/SoLoader(11862): libreactnativejni.so found on /data/app/~~hlNfL0yBlsEx175RgP3e1Q==/bbc.mobile.news.ww-sLVKrTcCS_Zis1pnbK3DHg==/split_config.arm64_v8a.apk!/lib/arm64-v8a
04-09 05:42:55.864 W/unknown:ReactContext(11862): initializeMessageQueueThreads() is called.
04-09 05:42:55.884 I/SemDvfsHyPerManager( 1004): acquire hyper - WIFI_CSTATE/1004@12, type = 268447744
04-09 05:42:55.886 I/HYPER-HAL(  780): [RequestManager.cpp]acquire(): Acquired ID : 516648  [1004 / 12]    HINT :      list : [LPMDisable / 1] [TIMEOUT / 2000] 
04-09 05:42:55.896 V/WindowManager( 1004): Relayout Window{b6e0926 u0 bbc.mobile.news.ww/com.mobile.MainActivity}: viewVisibility=0 req=1080x2400
04-09 05:42:55.897 D/WindowManager( 1004): isScreenshotDisabledLocked - win: Window{b6e0926 u0 bbc.mobile.news.ww/com.mobile.MainActivity}
04-09 05:42:55.897 D/WindowManager( 1004): isScreenshotDisabledLocked: userId = 0, disabled =false
04-09 05:42:55.897 I/SurfaceFlinger(  873): id=55717 createSurf (1080x2400),1 flag=404, bbc.mobile.news.ww/com.mobile.MainActivity$_11862#1
04-09 05:42:55.899 D/WindowManager( 1004): makeSurface duration=2 name=bbc.mobile.news.ww/com.mobile.MainActivity$_11862
04-09 05:42:55.901 V/WindowManager( 1004): Relayout hash=b6e0926, pid=11862: mAttrs={(0,0)(fillxfill) sim={adjust=resize forwardNavigation} layoutInDisplayCutoutMode=shortEdges ty=BASE_APPLICATION wanim=0x1030304
04-09 05:42:55.901 V/WindowManager( 1004):   fl=81810100
04-09 05:42:55.901 V/WindowManager( 1004):   pfl=12020000
04-09 05:42:55.901 V/WindowManager( 1004):   fitSides= naviIconColor=0}
04-09 05:42:55.901 I/SurfaceControl( 1004): nativeRelease nativeObject s[-5476376643758612800]
04-09 05:42:55.901 I/SurfaceControl( 1004): nativeRelease nativeObject e[-5476376643758612800]
04-09 05:42:55.902 I/SurfaceControl(11862): assignNativeObject: nativeObject = 0 Surface(name=null)/@0x9e3d3dd / android.view.SurfaceControl.readFromParcel:1121 android.view.IWindowSession$Stub$Proxy.relayout:1824 android.view.ViewRootImpl.relayoutWindow:9005 android.view.ViewRootImpl.performTraversals:3360 android.view.ViewRootImpl.doTraversal:2618 android.view.ViewRootImpl$TraversalRunnable.run:9971 android.view.Choreographer$CallbackRecord.run:1010 android.view.Choreographer.doCallbacks:809 android.view.Choreographer.doFrame:744 android.view.Choreographer$FrameDisplayEventReceiver.run:995 
04-09 05:42:55.902 I/ViewRootImpl@65697d5[MainActivity](11862): Relayout returned: old=(0,0,1080,2400) new=(0,0,1080,2400) req=(1080,2400)0 dur=8 res=0x7 s={true -5476376639464524624} ch=true fn=-1
04-09 05:42:55.913 D/WindowManager( 1004): finishDrawingWindow: Window{b6e0926 u0 bbc.mobile.news.ww/com.mobile.MainActivity} mDrawState=DRAW_PENDING
04-09 05:42:55.917 D/WindowManager( 1004): finishDrawingWindow: Window{399bb6f u0 bbc.mobile.news.ww/com.mobile.MainActivity} mDrawState=DRAW_PENDING
04-09 05:42:55.921 I/ChimeraAggressivePolicyHandler( 1004): executePolicy() - triggerSource: TRIGGER_SOURCE_LMKD
04-09 05:42:55.922 I/ChimeraAggressivePolicyHandler( 1004): available memory: 2140748, free memory target: 1126400, quit chimera
04-09 05:42:55.922 D/PkgPredictorService( 1004): pkg:bbc.mobile.news.ww activity:com.mobile.MainActivity thisTime:877
04-09 05:42:55.923 D/PkgPredictorService-Collector( 1004): update activity launch time: MainActivity : 877
04-09 05:42:55.923 I/SemDvfsHyPerManager( 1004): acquire hyper - AMS_RESUME_TAIL/1004@19, type = -999
04-09 05:42:55.923 I/SemDvfsHyPerManager( 1004): acquire hyper - AMS_ACT_LAZY/1004@20, type = -999
04-09 05:42:55.923 D/ActivityManagerPerformance( 1004): AMP_acquire() TAIL
04-09 05:42:55.923 D/ActivityManagerPerformance( 1004): AMP_release() APP_SWITCH
04-09 05:42:55.923 I/HYPER-HAL(  780): [RequestManager.cpp]acquire(): Acquired ID : 523795  [1004 / 19]    HINT : AMS_RESUME_TAIL    list : 
04-09 05:42:55.925 I/Carnival-NetworkErrorManager()(24001): onAvailable
04-09 05:42:55.926 I/Carnival-NetworkErrorManager()(24001): onNetworkRecovered
04-09 05:42:55.926 I/Carnival-SamsungAccountManager()(24001): onNetworkRecovered
04-09 05:42:55.926 I/HYPER-HAL(  780): [ResourceManager.cpp]updateResource(): [CPUMinFreq] UpdateResource Request ID : 523795    Value : 1363200
04-09 05:42:55.926 I/HYPER-HAL(  780): [RequestManager.cpp]acquire(): Acquired ID : 524820  [1004 / 20]    HINT : AMS_ACT_LAZY    list : 
04-09 05:42:55.927 I/HYPER-HAL(  780): [ResourceManager.cpp]removeResource(): [CPULittleMinFreq] RemoveResource Request ID : 529960
04-09 05:42:55.932 I/HYPER-HAL(  780): [ResourceManager.cpp]removeResource(): [CPUMinFreq] RemoveResource Request ID : 529960
04-09 05:42:55.933 I/HYPER-HAL(  780): [RequestManager.cpp]releaseLocked(): Released ID : 529960
04-09 05:42:55.933 D/ArtManagerInternalImpl( 1004): /data/misc/iorapd/bbc.mobile.news.ww/10005727/com.mobile.MainActivity/compiled_traces/compiled_trace.pb doesn't exist
04-09 05:42:55.933 V/WindowManager( 1004): Relayout Window{fd49710 u0 com.samsung.android.app.spage}: viewVisibility=8 req=0x2198
04-09 05:42:55.937 V/WindowManager( 1004): Relayout hash=fd49710, pid=24001: mAttrs={(0,0)(0xfill) sim={adjust=pan} ty=APPLICATION_PANEL fmt=RGBA_8888
04-09 05:42:55.937 V/WindowManager( 1004):   fl=1000018
04-09 05:42:55.937 V/WindowManager( 1004):   pfl=2000040
04-09 05:42:55.937 V/WindowManager( 1004):   fitTypes=STATUS_BARS NAVIGATION_BARS CAPTION_BAR IME naviIconColor=0}
04-09 05:42:55.937 I/SurfaceControl(24001): assignNativeObject: nativeObject = 0 Surface(name=null)/@0xee50cad / android.view.SurfaceControl.readFromParcel:1121 android.view.IWindowSession$Stub$Proxy.relayout:1814 android.view.ViewRootImpl.relayoutWindow:9005 android.view.ViewRootImpl.performTraversals:3360 android.view.ViewRootImpl.doTraversal:2618 android.view.ViewRootImpl$TraversalRunnable.run:9971 android.view.Choreographer$CallbackRecord.run:1010 android.view.Choreographer.doCallbacks:809 android.view.Choreographer.doFrame:744 android.view.Choreographer$FrameDisplayEventReceiver.run:995 
04-09 05:42:55.938 I/SurfaceControl(24001): assignNativeObject: nativeObject = 0 Surface(name=null)/@0xc314be2 / android.view.SurfaceControl.readFromParcel:1121 android.view.IWindowSession$Stub$Proxy.relayout:1824 android.view.ViewRootImpl.relayoutWindow:9005 android.view.ViewRootImpl.performTraversals:3360 android.view.ViewRootImpl.doTraversal:2618 android.view.ViewRootImpl$TraversalRunnable.run:9971 android.view.Choreographer$CallbackRecord.run:1010 android.view.Choreographer.doCallbacks:809 android.view.Choreographer.doFrame:744 android.view.Choreographer$FrameDisplayEventReceiver.run:995 
04-09 05:42:55.938 I/ViewRootImpl@8fd57e7[](24001): Relayout returned: old=(540,76,540,2274) new=(540,76,540,2274) req=(0,2198)8 dur=8 res=0x1 s={false 0} ch=false fn=-1
04-09 05:42:55.940 I/ViewRootImpl@5c1aa46[ww]( 1004): dispatchDetachedFromWindow
04-09 05:42:55.940 I/SurfaceControl( 1004): nativeRelease nativeObject s[-5476376643752537808]
04-09 05:42:55.940 I/SurfaceControl( 1004): nativeRelease nativeObject e[-5476376643752537808]
04-09 05:42:55.941 D/InputTransport( 1004): Input channel destroyed: 'd7b0407', fd=692
04-09 05:42:55.941 I/WindowManager( 1004): Reparenting to leash, surface=Surface(name=d7b0407 Splash Screen bbc.mobile.news.ww)/@0xeaec29, leashParent=Surface(name=ActivityRecord{81f1eb1 u0 bbc.mobile.news.ww/com.mobile.MainActivity t6973})/@0x8b13bae
04-09 05:42:55.942 I/SurfaceFlinger(  873): id=55718 createSurf (0x0),-1 flag=24000, Surface(name=d7b0407 Splash Screen bbc.mobile.news.ww)/@0xeaec29 - animation-leash#0
04-09 05:42:55.947 I/InputDispatcher( 1004): Focus entered window (11862): 399bb6f in display 0 0
04-09 05:42:55.950 D/SurfaceFlinger(  873): Display 19261213734341249 HWC layers:
04-09 05:42:55.950 D/SurfaceFlinger(  873):      DEVICE | 0xb400006f3adcf790 | 0002 | RGBA_8888    |    0.0    0.0 1080.0 2400.0 |    0    0 1080 2400 | bbc.mobile.news.ww/com.mobile.MainActivity$_11862#0
04-09 05:42:55.950 D/SurfaceFlinger(  873):      DEVICE | 0xb400006f3addd770 | 0000 | RGBA_8888    |    0.0    0.0 1080.0 2400.0 |    0    0 1080 2400 | Splash Screen bbc.mobile.news.ww#0
04-09 05:42:55.950 D/SurfaceFlinger(  873):      DEVICE | 0xb400006f3add1440 | 0000 | RGBA_8888    |    0.0    0.0 1080.0   76.0 |    0    0 1080   76 | StatusBar$_2046#0
04-09 05:42:55.950 D/SurfaceFlinger(  873):      DEVICE | 0xb400006f3add42f0 | 0000 | RGBA_8888    |    0.0    0.0 1080.0  126.0 |    0 2274 1080 2400 | NavigationBar0$_2046#0
04-09 05:42:55.950 D/SurfaceFlinger(  873):      DEVICE | 0xb400006f3addbb50 | 0000 | RGBA_8888    |    0.0    0.0 1080.0  181.0 |    0    0 1080  181 | ScreenDecorOverlay$_2046#0
04-09 05:42:55.950 D/SurfaceFlinger(  873):      DEVICE | 0xb400006f3add8160 | 0000 | RGBA_8888    |    0.0    0.0 1080.0  181.0 |    0 2219 1080 2400 | ScreenDecorOverlayBottom$_2046#0
04-09 05:42:55.950 D/SurfaceFlinger(  873): 
04-09 05:42:55.950 D/WindowManager( 1004): makeSurface duration=9 leash=Surface(name=Surface(name=d7b0407 Splash Screen bbc.mobile.news.ww)/@0xeaec29 - animation-leash)/@0x6291286
04-09 05:42:55.952 D/InputTransport( 1004): Input channel destroyed: 'd7b0407', fd=891
04-09 05:42:55.962 W/unknown:ViewManagerPropertyUpdater(11862): Could not find generated setter for class com.facebook.react.views.drawer.ReactDrawerLayoutManager
04-09 05:42:55.973 I/ActivityTaskManager( 1004): Displayed bbc.mobile.news.ww/com.mobile.MainActivity: +877ms
04-09 05:42:55.985 W/Ads     (11862): Update ad debug logging enablement as false
04-09 05:42:55.985 W/unknown:ViewManagerPropertyUpdater(11862): Could not find generated setter for class com.facebook.react.uimanager.LayoutShadowNode
04-09 05:42:55.989 W/unknown:ViewManagerPropertyUpdater(11862): Could not find generated setter for class com.facebook.react.views.scroll.ReactHorizontalScrollViewManager
04-09 05:42:55.992 W/unknown:ViewManagerPropertyUpdater(11862): Could not find generated setter for class com.facebook.react.views.scroll.ReactHorizontalScrollContainerViewManager
04-09 05:42:55.994 W/unknown:ViewManagerPropertyUpdater(11862): Could not find generated setter for class com.facebook.react.views.progressbar.ReactProgressBarViewManager
04-09 05:42:55.995 W/unknown:ViewManagerPropertyUpdater(11862): Could not find generated setter for class com.facebook.react.views.progressbar.ProgressBarShadowNode
04-09 05:42:55.996 W/unknown:ViewManagerPropertyUpdater(11862): Could not find generated setter for class com.facebook.react.views.scroll.ReactScrollViewManager
04-09 05:42:55.998 W/unknown:ViewManagerPropertyUpdater(11862): Could not find generated setter for class com.facebook.react.views.slider.ReactSliderManager
04-09 05:42:55.999 W/unknown:ViewManagerPropertyUpdater(11862): Could not find generated setter for class com.facebook.react.views.slider.ReactSliderManager$ReactSliderShadowNode
04-09 05:42:56.000 W/unknown:ViewManagerPropertyUpdater(11862): Could not find generated setter for class com.facebook.react.views.switchview.ReactSwitchManager
04-09 05:42:56.005 W/unknown:ViewManagerPropertyUpdater(11862): Could not find generated setter for class com.facebook.react.views.switchview.ReactSwitchManager$ReactSwitchShadowNode
04-09 05:42:56.006 W/unknown:ViewManagerPropertyUpdater(11862): Could not find generated setter for class com.facebook.react.views.swiperefresh.SwipeRefreshLayoutManager
04-09 05:42:56.008 W/unknown:ViewManagerPropertyUpdater(11862): Could not find generated setter for class com.facebook.react.views.text.frescosupport.FrescoBasedReactTextInlineImageViewManager
04-09 05:42:56.009 W/unknown:ViewManagerPropertyUpdater(11862): Could not find generated setter for class com.facebook.react.views.text.frescosupport.FrescoBasedReactTextInlineImageShadowNode
04-09 05:42:56.011 W/unknown:ViewManagerPropertyUpdater(11862): Could not find generated setter for class com.facebook.react.views.image.ReactImageManager
04-09 05:42:56.013 I/WindowManager( 1004): Reparenting to original parent: Surface(name=ActivityRecord{81f1eb1 u0 bbc.mobile.news.ww/com.mobile.MainActivity t6973})/@0x8b13bae, destroy=true, surface=Surface(name=d7b0407 Splash Screen bbc.mobile.news.ww)/@0xeaec29
04-09 05:42:56.013 I/SurfaceControl( 1004): nativeRelease nativeObject s[-5476376643751663264]
04-09 05:42:56.013 I/SurfaceControl( 1004): nativeRelease nativeObject e[-5476376643751663264]
04-09 05:42:56.015 W/cr_media(11862): registerBluetoothIntentsIfNeeded: Requires BLUETOOTH permission
04-09 05:42:56.015 E/WindowManager( 1004): win=Window{d7b0407 u0 Splash Screen bbc.mobile.news.ww EXITING} destroySurfaces: appStopped=false win.mWindowRemovalAllowed=true win.mRemoveOnExit=true win.mViewVisibility=0 caller=com.android.server.wm.ActivityRecord.destroySurfaces:5251 com.android.server.wm.ActivityRecord.destroySurfaces:5232 com.android.server.wm.WindowState.onExitAnimationDone:5654 com.android.server.wm.WindowStateAnimator.onAnimationFinished:332 com.android.server.wm.WindowState.onAnimationFinished:6119 com.android.server.wm.-$$Lambda$dwJG8BAnLlvKNGuDY9U3-haNY4M.onAnimationFinished:2 com.android.server.wm.SurfaceAnimator.lambda$getFinishedCallback$0$SurfaceAnimator:112 
04-09 05:42:56.016 I/WindowManager( 1004): Destroying surface Surface(name=Splash Screen bbc.mobile.news.ww)/@0x7498c10 called by com.android.server.wm.WindowStateAnimator.destroySurface:1794 com.android.server.wm.WindowStateAnimator.destroySurfaceLocked:765 com.android.server.wm.WindowState.destroySurfaceUnchecked:3949 com.android.server.wm.WindowState.destroySurface:3923 com.android.server.wm.ActivityRecord.destroySurfaces:5251 com.android.server.wm.ActivityRecord.destroySurfaces:5232 com.android.server.wm.WindowState.onExitAnimationDone:5654 com.android.server.wm.WindowStateAnimator.onAnimationFinished:332 
04-09 05:42:56.016 I/SurfaceControl( 1004): nativeRelease nativeObject s[-5476376643752590080]
04-09 05:42:56.016 I/SurfaceControl( 1004): nativeRelease nativeObject e[-5476376643752590080]
04-09 05:42:56.017 I/Layer   (  873): id=55706 removeFromCurrentState Splash Screen bbc.mobile.news.ww#0 (75)
04-09 05:42:56.017 W/unknown:ViewManagerPropertyUpdater(11862): Could not find generated setter for class com.facebook.react.views.modal.ReactModalHostManager
04-09 05:42:56.017 I/SurfaceControl( 1004): nativeRelease nativeObject s[-5476376643753235296]
04-09 05:42:56.017 I/SurfaceControl( 1004): nativeRelease nativeObject e[-5476376643753235296]
04-09 05:42:56.019 I/Layer   (  873): id=55705 removeFromCurrentState d7b0407 Splash Screen bbc.mobile.news.ww#0 (75)
04-09 05:42:56.019 I/Layer   (  873): id=55718 removeFromCurrentState Surface(name=d7b0407 Splash Screen bbc.mobile.news.ww)/@0xeaec29 - animation-leash#0 (75)
04-09 05:42:56.019 W/unknown:ViewManagerPropertyUpdater(11862): Could not find generated setter for class com.facebook.react.views.modal.ModalHostShadowNode
04-09 05:42:56.019 I/SurfaceFlinger(  873): id=55705 Removed d7b0407 Splash Screen bbc.mobile.news.ww#0 (75)
04-09 05:42:56.019 I/SurfaceFlinger(  873): id=55706 Removed Splash Screen bbc.mobile.news.ww#0 (75)
04-09 05:42:56.019 I/SurfaceFlinger(  873): id=55718 Removed Surface(name=d7b0407 Splash Screen bbc.mobile.news.ww)/@0xeaec29 - animation-leash#0 (75)
04-09 05:42:56.020 W/unknown:ViewManagerPropertyUpdater(11862): Could not find generated setter for class com.facebook.react.views.text.ReactRawTextManager
04-09 05:42:56.021 W/unknown:ViewManagerPropertyUpdater(11862): Could not find generated setter for class com.facebook.react.views.text.ReactRawTextShadowNode
04-09 05:42:56.022 W/unknown:ViewManagerPropertyUpdater(11862): Could not find generated setter for class com.facebook.react.views.textinput.ReactTextInputManager
04-09 05:42:56.025 W/unknown:ViewManagerPropertyUpdater(11862): Could not find generated setter for class com.facebook.react.views.textinput.ReactTextInputShadowNode
04-09 05:42:56.027 W/unknown:ViewManagerPropertyUpdater(11862): Could not find generated setter for class com.facebook.react.views.text.ReactTextViewManager
04-09 05:42:56.028 W/unknown:ViewManagerPropertyUpdater(11862): Could not find generated setter for class com.facebook.react.views.text.ReactTextShadowNode
04-09 05:42:56.028 W/unknown:ViewManagerPropertyUpdater(11862): Could not find generated setter for class com.facebook.react.views.view.ReactViewManager
04-09 05:42:56.029 I/Layer   (  873): id=55718[1] Destroyed Surface(name=d7b0407 Splash Screen bbc.mobile.news.ww)/@0xeaec29 - animation-leash#0
04-09 05:42:56.029 I/Layer   (  873): id=55705[1] Destroyed d7b0407 Splash Screen bbc.mobile.news.ww#0
04-09 05:42:56.031 I/Layer   (  873): id=55706[1] Destroyed Splash Screen bbc.mobile.news.ww#0
04-09 05:42:56.033 W/unknown:ViewManagerPropertyUpdater(11862): Could not find generated setter for class com.facebook.react.views.text.ReactVirtualTextViewManager
04-09 05:42:56.033 W/unknown:ViewManagerPropertyUpdater(11862): Could not find generated setter for class com.facebook.react.views.text.ReactVirtualTextShadowNode
04-09 05:42:56.033 D/SurfaceFlinger(  873): Display 19261213734341249 HWC layers:
04-09 05:42:56.033 D/SurfaceFlinger(  873):      DEVICE | 0xb400006f3adcf790 | 0002 | RGBA_8888    |    0.0    0.0 1080.0 2400.0 |    0    0 1080 2400 | bbc.mobile.news.ww/com.mobile.MainActivity$_11862#0
04-09 05:42:56.033 D/SurfaceFlinger(  873):      DEVICE | 0xb400006f3add1440 | 0000 | RGBA_8888    |    0.0    0.0 1080.0   76.0 |    0    0 1080   76 | StatusBar$_2046#0
04-09 05:42:56.033 D/SurfaceFlinger(  873):      DEVICE | 0xb400006f3add42f0 | 0000 | RGBA_8888    |    0.0    0.0 1080.0  126.0 |    0 2274 1080 2400 | NavigationBar0$_2046#0
04-09 05:42:56.033 D/SurfaceFlinger(  873):      DEVICE | 0xb400006f3addbb50 | 0000 | RGBA_8888    |    0.0    0.0 1080.0  181.0 |    0    0 1080  181 | ScreenDecorOverlay$_2046#0
04-09 05:42:56.033 D/SurfaceFlinger(  873):      DEVICE | 0xb400006f3add8160 | 0000 | RGBA_8888    |    0.0    0.0 1080.0  181.0 |    0 2219 1080 2400 | ScreenDecorOverlayBottom$_2046#0
04-09 05:42:56.033 D/SurfaceFlinger(  873): 
04-09 05:42:56.034 W/unknown:ViewManagerPropertyUpdater(11862): Could not find generated setter for class com.facebook.react.views.unimplementedview.ReactUnimplementedViewManager
04-09 05:42:56.035 W/unknown:ViewManagerPropertyUpdater(11862): Could not find generated setter for class com.reactnativecommunity.slider.ReactSliderManager
04-09 05:42:56.035 W/unknown:ViewManagerPropertyUpdater(11862): Could not find generated setter for class com.reactnativecommunity.slider.ReactSliderManager$ReactSliderShadowNode
04-09 05:42:56.036 I/A       (29771): onPause
04-09 05:42:56.036 W/unknown:ViewManagerPropertyUpdater(11862): Could not find generated setter for class com.urbanairship.reactnative.ReactMessageViewManager
04-09 05:42:56.039 I/cr_LibraryLoader(12732): Successfully loaded native library
04-09 05:42:56.040 I/cr_CachingUmaRecorder(12732): Flushed 2 samples from 2 histograms, 0 samples were dropped.
04-09 05:42:56.041 W/unknown:ViewManagerPropertyUpdater(11862): Could not find generated setter for class com.airbnb.android.react.lottie.LottieAnimationViewManager
04-09 05:42:56.046 W/unknown:ViewManagerPropertyUpdater(11862): Could not find generated setter for class com.dylanvann.fastimage.FastImageViewManager
