04-09 05:42:56.854 D/WindowManager( 1004): makeSurface duration=4 leash=Surface(name=Surface(name=399bb6f bbc.mobile.news.ww/com.mobile.MainActivity)/@0x38cf15c - animation-leash)/@0xdb4fc65
04-09 05:42:56.854 V/WindowManager( 1004): removeIfPossible 2, Window{399bb6f u0 bbc.mobile.news.ww/com.mobile.MainActivity}: mAnimatingExit=true caller=com.android.server.wm.WindowState.removeIfPossible:2719 com.android.server.wm.WindowManagerService.removeWindow:2190 com.android.server.wm.Session.remove:199 android.view.IWindowSession$Stub.onTransact:813 com.android.server.wm.Session.onTransact:145 
04-09 05:42:56.855 V/WindowManager( 1004): Changing focus from Window{399bb6f u0 bbc.mobile.news.ww/com.mobile.MainActivity EXITING} to Window{b6e0926 u0 bbc.mobile.news.ww/com.mobile.MainActivity} displayId=0 Callers=com.android.server.wm.RootWindowContainer.updateFocusedWindowLocked:567 com.android.server.wm.WindowManagerService.updateFocusedWindowLocked:6316 com.android.server.wm.WindowState.setupWindowForRemoveOnExit:2884 com.android.server.wm.WindowState.removeIfPossible:2853 
04-09 05:42:56.856 I/SystemUiVisibilityPolicyController( 1004): handleMessage: entry what = 1
04-09 05:42:56.856 I/WindowManager( 1004): Cancelling animation restarting=true, leash=Surface(name=Surface(name=274360a StatusBar)/@0xb22cc3a - animation-leash)/@0xd8e315a
04-09 05:42:56.856 I/WindowManager( 1004): Reparenting to original parent: Surface(name=WindowToken{b262675 android.os.BinderProxy@9464b5f})/@0x6e6d0eb, destroy=false, surface=Surface(name=274360a StatusBar)/@0xb22cc3a
04-09 05:42:56.856 I/SurfaceControl( 1004): nativeRelease nativeObject s[-5476376643752087424]
04-09 05:42:56.856 I/SurfaceControl( 1004): nativeRelease nativeObject e[-5476376643752087424]
04-09 05:42:56.856 I/WindowManager( 1004): Reparenting to leash, surface=Surface(name=274360a StatusBar)/@0xb22cc3a, leashParent=Surface(name=WindowToken{b262675 android.os.BinderProxy@9464b5f})/@0x6e6d0eb
04-09 05:42:56.856 I/SurfaceFlinger(  873): id=55721 createSurf (0x0),-1 flag=24000, Surface(name=274360a StatusBar)/@0xb22cc3a - animation-leash#1
04-09 05:42:56.858 D/WindowManager( 1004): makeSurface duration=2 leash=Surface(name=Surface(name=274360a StatusBar)/@0xb22cc3a - animation-leash)/@0x4d65deb
04-09 05:42:56.858 I/WindowManager( 1004): Cancelling animation restarting=true, leash=Surface(name=Surface(name=cc28427 NavigationBar0)/@0xceb24e1 - animation-leash)/@0xbd27868
04-09 05:42:56.858 I/WindowManager( 1004): Reparenting to original parent: Surface(name=WindowToken{6b496e6 android.os.BinderProxy@1cf4e4b})/@0xc617206, destroy=false, surface=Surface(name=cc28427 NavigationBar0)/@0xceb24e1
04-09 05:42:56.858 I/SurfaceControl( 1004): nativeRelease nativeObject s[-5476376643758189872]
04-09 05:42:56.858 I/SurfaceControl( 1004): nativeRelease nativeObject e[-5476376643758189872]
04-09 05:42:56.859 I/WindowManager( 1004): Reparenting to leash, surface=Surface(name=cc28427 NavigationBar0)/@0xceb24e1, leashParent=Surface(name=WindowToken{6b496e6 android.os.BinderProxy@1cf4e4b})/@0xc617206
04-09 05:42:56.859 I/SurfaceFlinger(  873): id=55722 createSurf (0x0),-1 flag=24000, Surface(name=cc28427 NavigationBar0)/@0xceb24e1 - animation-leash#0
04-09 05:42:56.860 D/WindowManager( 1004): makeSurface duration=1 leash=Surface(name=Surface(name=cc28427 NavigationBar0)/@0xceb24e1 - animation-leash)/@0x8fdf9e1
04-09 05:42:56.860 D/StatusBarManagerService( 1004): notifyRequestedSystemKey recent=false home=false
04-09 05:42:56.861 I/Layer   (  873): id=55713 removeFromCurrentState Surface(name=274360a StatusBar)/@0xb22cc3a - animation-leash#0 (75)
04-09 05:42:56.861 I/Layer   (  873): id=55714 removeFromCurrentState Surface(name=cc28427 NavigationBar0)/@0xceb24e1 - animation-leash#1 (75)
04-09 05:42:56.863 D/InputTransport(11862): Input channel destroyed: '399bb6f', fd=179
04-09 05:42:56.877 I/SurfaceControl(11862): nativeRelease nativeObject s[-5476376643759412896]
04-09 05:42:56.877 I/SurfaceControl(11862): nativeRelease nativeObject e[-5476376643759412896]
04-09 05:42:56.877 I/SurfaceControl(11862): nativeRelease nativeObject s[-5476376643759403568]
04-09 05:42:56.877 I/SurfaceControl(11862): nativeRelease nativeObject e[-5476376643759403568]
04-09 05:42:56.877 I/SurfaceControl(11862): nativeRelease nativeObject s[-5476376643759413424]
04-09 05:42:56.877 I/SurfaceControl(11862): nativeRelease nativeObject e[-5476376643759413424]
04-09 05:42:56.882 V/WindowManager( 1004): Relayout Window{b6e0926 u0 bbc.mobile.news.ww/com.mobile.MainActivity}: viewVisibility=0 req=1080x2400
04-09 05:42:56.884 V/WindowManager( 1004): Relayout hash=b6e0926, pid=11862: mAttrs={(0,0)(fillxfill) sim={adjust=resize forwardNavigation} layoutInDisplayCutoutMode=shortEdges ty=BASE_APPLICATION wanim=0x1030304
04-09 05:42:56.884 V/WindowManager( 1004):   fl=81810100
04-09 05:42:56.884 V/WindowManager( 1004):   pfl=12020000
04-09 05:42:56.884 V/WindowManager( 1004):   fitSides= naviIconColor=0}
04-09 05:42:56.884 I/SurfaceControl( 1004): nativeRelease nativeObject s[-5476376643752814304]
04-09 05:42:56.884 I/SurfaceControl( 1004): nativeRelease nativeObject e[-5476376643752814304]
04-09 05:42:56.885 I/SurfaceControl(11862): nativeRelease nativeObject s[-5476376643759429616]
04-09 05:42:56.885 I/SurfaceControl(11862): nativeRelease nativeObject e[-5476376643759429616]
04-09 05:42:56.886 I/SurfaceControl(11862): assignNativeObject: nativeObject = 0 Surface(name=null)/@0x9e3d3dd / android.view.SurfaceControl.readFromParcel:1121 android.view.IWindowSession$Stub$Proxy.relayout:1824 android.view.ViewRootImpl.relayoutWindow:9005 android.view.ViewRootImpl.performTraversals:3360 android.view.ViewRootImpl.doTraversal:2618 android.view.ViewRootImpl$TraversalRunnable.run:9971 android.view.Choreographer$CallbackRecord.run:1010 android.view.Choreographer.doCallbacks:809 android.view.Choreographer.doFrame:744 android.view.Choreographer$FrameDisplayEventReceiver.run:995 
04-09 05:42:56.886 I/InputDispatcher( 1004): Focus entered window (11862): b6e0926 in display 0 0
04-09 05:42:56.886 I/SurfaceControl(11862): nativeRelease nativeObject s[-5476376643758639728]
04-09 05:42:56.886 I/SurfaceControl(11862): nativeRelease nativeObject e[-5476376643758639728]
04-09 05:42:56.887 I/SurfaceControl(11862): nativeRelease nativeObject s[-5476376643758660672]
04-09 05:42:56.887 I/SurfaceControl(11862): nativeRelease nativeObject e[-5476376643758660672]
04-09 05:42:56.887 I/ViewRootImpl@65697d5[MainActivity](11862): Relayout returned: old=(0,0,1080,2400) new=(0,0,1080,2400) req=(1080,2400)0 dur=4 res=0x1 s={true -5476376639464524624} ch=false fn=4
04-09 05:42:56.888 I/SemDvfsHyPerManager( 1004): acquire hyper - WIFI_CSTATE/1004@12, type = 268447744
04-09 05:42:56.889 I/HYPER-HAL(  780): [RequestManager.cpp]acquire(): Acquired ID : 516648  [1004 / 12]    HINT :      list : [LPMDisable / 1] [TIMEOUT / 2000] 
04-09 05:42:56.896 I/ViewRootImpl@65697d5[MainActivity](11862): MSG_WINDOW_FOCUS_CHANGED 1 1
04-09 05:42:56.896 D/InputMethodManager(11862): prepareNavigationBarInfo() DecorView@b356f7d[MainActivity]
04-09 05:42:56.896 D/InputMethodManager(11862): getNavigationBarColor() -16777216
04-09 05:42:56.897 D/InputMethodManager(11862): prepareNavigationBarInfo() DecorView@b356f7d[MainActivity]
04-09 05:42:56.897 D/InputMethodManager(11862): getNavigationBarColor() -16777216
04-09 05:42:56.897 V/InputMethodManager(11862): Starting input: tba=bbc.mobile.news.ww ic=null mNaviBarColor -16777216 mIsGetNaviBarColorSuccess true , NavVisible : true , NavTrans : false
04-09 05:42:56.897 D/InputMethodManager(11862): startInputInner - Id : 0
04-09 05:42:56.897 I/InputMethodManager(11862): startInputInner - mService.startInputOrWindowGainedFocus
04-09 05:42:56.898 D/InputMethodManagerService( 1004): mSecureKeypadEnabled = false
04-09 05:42:56.898 V/InputMethodManagerService( 1004): Unspecified window will hide input
04-09 05:42:56.898 V/InputMethodManagerService( 1004): hideCurrentInputLocked : shouldHideSoftInput is false
04-09 05:42:56.898 D/InputMethodManagerService( 1004): mDesktopModeManager null!
04-09 05:42:56.898 V/InputMethodManagerService( 1004): getDisplayIdOfInputMethodWindowToBeAdded : 0
04-09 05:42:56.898 D/InputMethodManagerService( 1004): checkDisplayOfStartInputAndUpdateKeyboard display Id 0last 0
04-09 05:42:56.898 D/InputTransport( 1004): Input channel constructed: 'ClientS', fd=891
04-09 05:42:56.898 D/InputTransport( 1004): Input channel destroyed: 'ClientS', fd=891
04-09 05:42:56.899 D/InputTransport(11862): Input channel constructed: 'ClientS', fd=231
04-09 05:42:56.899 D/InputTransport(11862): Input channel destroyed: 'ClientS', fd=204
04-09 05:42:56.903 I/WindowManager( 1004): Cancelling animation restarting=true, leash=Surface(name=Surface(name=8701ee8 InputMethod)/@0xe9c4194 - animation-leash)/@0x4194072
04-09 05:42:56.903 I/WindowManager( 1004): Reparenting to original parent: Surface(name=WindowToken{56c8189 android.os.Binder@5308490})/@0x3e724f4, destroy=false, surface=Surface(name=8701ee8 InputMethod)/@0xe9c4194
04-09 05:42:56.904 I/SurfaceControl( 1004): nativeRelease nativeObject s[-5476376643753860272]
04-09 05:42:56.904 I/SurfaceControl( 1004): nativeRelease nativeObject e[-5476376643753860272]
04-09 05:42:56.904 I/WindowManager( 1004): Reparenting to leash, surface=Surface(name=8701ee8 InputMethod)/@0xe9c4194, leashParent=Surface(name=WindowToken{56c8189 android.os.Binder@5308490})/@0x3e724f4
04-09 05:42:56.904 I/SurfaceFlinger(  873): id=55723 createSurf (0x0),-1 flag=24004, Surface(name=8701ee8 InputMethod)/@0xe9c4194 - animation-leash#1
04-09 05:42:56.905 D/SurfaceFlinger(  873): Display 19261213734341249 HWC layers:
04-09 05:42:56.905 D/SurfaceFlinger(  873):      DEVICE | 0xb400006f3add5730 | 0002 | RGBA_8888    |    0.0    0.0 1080.0 2400.0 |    0    0 1080 2400 | bbc.mobile.news.ww/com.mobile.MainActivity$_11862#1
04-09 05:42:56.905 D/SurfaceFlinger(  873):      DEVICE | 0xb400006f3adcf790 | 0002 | RGBA_8888    |    0.0    0.0 1080.0 2400.0 |    0    0 1080 2400 | bbc.mobile.news.ww/com.mobile.MainActivity$_11862#0
04-09 05:42:56.905 D/SurfaceFlinger(  873):      DEVICE | 0xb400006f3adcd270 | 0000 | RGBA_8888    |    0.0    0.0 1080.0   76.0 |    0    0 1080   76 | StatusBar$_2046#0
04-09 05:42:56.905 D/SurfaceFlinger(  873):      DEVICE | 0xb400006f3add42f0 | 0000 | RGBA_8888    |    0.0    0.0 1080.0  126.0 |    0 2274 1080 2400 | NavigationBar0$_2046#0
04-09 05:42:56.905 D/SurfaceFlinger(  873):      DEVICE | 0xb400006f3addbb50 | 0000 | RGBA_8888    |    0.0    0.0 1080.0  181.0 |    0    0 1080  181 | ScreenDecorOverlay$_2046#0
04-09 05:42:56.905 D/SurfaceFlinger(  873):      DEVICE | 0xb400006f3add8160 | 0000 | RGBA_8888    |    0.0    0.0 1080.0  181.0 |    0 2219 1080 2400 | ScreenDecorOverlayBottom$_2046#0
04-09 05:42:56.905 D/SurfaceFlinger(  873): 
04-09 05:42:56.905 D/WindowManager( 1004): makeSurface duration=1 leash=Surface(name=Surface(name=8701ee8 InputMethod)/@0xe9c4194 - animation-leash)/@0x16e9f63
04-09 05:42:56.905 I/HBD     ( 5492): HoneyBoardService onFinishInput 
04-09 05:42:56.906 I/HBD     ( 5492): a IC have been unbinded,  InputConnectionWrapper{idHash=#bc77e1b mMissingMethods=}
04-09 05:42:56.906 I/HBD     ( 5492): HoneyBoardService [PF_CL][onFinishInput]  583907 ns 
04-09 05:42:56.906 I/HBD     ( 5492): HoneyBoardService [IMI] onStartInput - caller pid : 11862 , caller uid : 10519 
04-09 05:42:56.906 I/HBD     ( 5492): i updateConfigs 
04-09 05:42:56.906 I/HBD     ( 5492): i isEnabledNightMode : true 
04-09 05:42:56.907 I/HBD     ( 5492): a IC have been binded, InputConnectionWrapper{idHash=#bc77e1b mMissingMethods=} 
04-09 05:42:56.907 I/HBD     ( 5492): h [EditorInputType]setPrivateImeOptionsToTable privateImeOptions ( null )
04-09 05:42:56.907 I/HBD     ( 5492): b incognitoMode : false 
04-09 05:42:56.907 I/HBD     ( 5492): a needOff = true , isForceOff = false, isNullInputClass : true 
04-09 05:42:56.907 I/HBD     ( 5492): h getDefaultInputRange : UNKNOWN 
04-09 05:42:56.907 I/HBD     ( 5492): h getDefaultInputRange : UNKNOWN 
04-09 05:42:56.907 I/HBD     ( 5492): h getDefaultInputRange : UNKNOWN 
04-09 05:42:56.908 D/SdpManagerService( 1004): Not an enterprise user : 0
04-09 05:42:56.908 D/SdpManagerService( 1004): Not an enterprise user : 0
04-09 05:42:56.909 I/HBD     ( 5492): h getDefaultInputRange : UNKNOWN 
04-09 05:42:56.909 I/HBD     ( 5492): a currentState : 0 
04-09 05:42:56.911 I/HBD     ( 5492): h load selected json info : {"version":"1.0","currentLanguageOrder":0,"selected":[{"activeOptionList":["spell_check"],"engName":"Arabic","id":5308416,"inputType":"qwerty","isUsed":true},{"activeOptionList":["spell_check"],"engName":"English","id":65537,"inputType":"qwerty","isUsed":true}]} 
04-09 05:42:56.911 I/HBD     ( 5492): a [UpdatePolicy] [post] a: 0 cl: 5308416 kit: [0/0] vt: 0 ir: 1 
04-09 05:42:56.912 I/HBD     ( 5492): HoneyBoardService [PF_OP][onStartInput]  6184271 ns 
04-09 05:42:56.919 I/Layer   (  873): id=55719 removeFromCurrentState Surface(name=8701ee8 InputMethod)/@0xe9c4194 - animation-leash#0 (76)
04-09 05:42:56.930 I/SurfaceControl(11862): nativeRelease nativeObject s[-5476376643758931536]
04-09 05:42:56.930 I/SurfaceControl(11862): nativeRelease nativeObject e[-5476376643758931536]
04-09 05:42:56.930 I/SurfaceFlinger(  873): id=55719 Removed Surface(name=8701ee8 InputMethod)/@0xe9c4194 - animation-leash#0 (76)
04-09 05:42:56.931 D/SamsungIMMSHWKeyboard( 1004): isConnectedDexOnPC false
04-09 05:42:56.931 I/SurfaceControl(11862): nativeRelease nativeObject s[-5476376643759343904]
04-09 05:42:56.931 I/SurfaceControl(11862): nativeRelease nativeObject e[-5476376643759343904]
04-09 05:42:56.931 I/SurfaceControl(11862): nativeRelease nativeObject s[-5476376643759429616]
04-09 05:42:56.931 I/SurfaceControl(11862): nativeRelease nativeObject e[-5476376643759429616]
04-09 05:42:56.932 D/InputMethodManagerService( 1004): isImeSwitcherDisabledPackage : false
04-09 05:42:56.934 I/Layer   (  873): id=55719[1] Destroyed Surface(name=8701ee8 InputMethod)/@0xe9c4194 - animation-leash#0
04-09 05:42:56.940 V/WindowManager( 1004): Relayout Window{b6e0926 u0 bbc.mobile.news.ww/com.mobile.MainActivity}: viewVisibility=0 req=1080x2400
04-09 05:42:56.942 V/WindowManager( 1004): Relayout hash=b6e0926, pid=11862: mAttrs={(0,0)(fillxfill) sim={adjust=resize} layoutInDisplayCutoutMode=shortEdges ty=BASE_APPLICATION wanim=0x1030304
04-09 05:42:56.942 V/WindowManager( 1004):   fl=81810100
04-09 05:42:56.942 V/WindowManager( 1004):   pfl=12020000
04-09 05:42:56.942 V/WindowManager( 1004):   fitSides= naviIconColor=0}
04-09 05:42:56.942 I/SurfaceControl( 1004): nativeRelease nativeObject s[-5476376643753436288]
04-09 05:42:56.942 I/SurfaceControl( 1004): nativeRelease nativeObject e[-5476376643753436288]
04-09 05:42:56.944 I/SurfaceControl(11862): nativeRelease nativeObject s[-5476376643759412896]
04-09 05:42:56.944 I/SurfaceControl(11862): nativeRelease nativeObject e[-5476376643759412896]
04-09 05:42:56.946 I/SurfaceControl(11862): assignNativeObject: nativeObject = 0 Surface(name=null)/@0x9e3d3dd / android.view.SurfaceControl.readFromParcel:1121 android.view.IWindowSession$Stub$Proxy.relayout:1824 android.view.ViewRootImpl.relayoutWindow:9005 android.view.ViewRootImpl.performTraversals:3360 android.view.ViewRootImpl.doTraversal:2618 android.view.ViewRootImpl$TraversalRunnable.run:9971 android.view.Choreographer$CallbackRecord.run:1010 android.view.Choreographer.doCallbacks:809 android.view.Choreographer.doFrame:744 android.view.Choreographer$FrameDisplayEventReceiver.run:995 
04-09 05:42:56.946 I/SurfaceControl(11862): nativeRelease nativeObject s[-5476376643758590448]
04-09 05:42:56.946 I/SurfaceControl(11862): nativeRelease nativeObject e[-5476376643758590448]
04-09 05:42:56.946 I/SurfaceControl(11862): nativeRelease nativeObject s[-5476376643758652752]
04-09 05:42:56.946 I/SurfaceControl(11862): nativeRelease nativeObject e[-5476376643758652752]
04-09 05:42:56.946 I/SurfaceControl(11862): nativeRelease nativeObject s[-5476376643758644656]
04-09 05:42:56.946 I/SurfaceControl(11862): nativeRelease nativeObject e[-5476376643758644656]
04-09 05:42:56.946 I/ViewRootImpl@65697d5[MainActivity](11862): Relayout returned: old=(0,0,1080,2400) new=(0,0,1080,2400) req=(1080,2400)0 dur=7 res=0x1 s={true -5476376639464524624} ch=false fn=8
04-09 05:42:56.958 I/ReactNativeJS(11862): 'mobileAds initialised', [ { description: '',
04-09 05:42:56.958 I/ReactNativeJS(11862):     state: 1,
04-09 05:42:56.958 I/ReactNativeJS(11862):     name: 'com.google.android.gms.ads.MobileAds' } ]
04-09 05:42:56.959 D/PackageManager( 1004): setEnabledSetting : userId = 0 packageName = bbc.mobile.news.ww cmp = androidx.work.impl.background.systemalarm.RescheduleReceiver newState = 1 callingPackage = 10519/bbc.mobile.news.ww
04-09 05:42:56.963 D/AppsFlyer(11862): Starting SDK
04-09 05:42:56.970 D/AppsFlyer_6.13.0(11862): [CFG] No configuration found in cache
04-09 05:42:56.970 E/Netd    (  694): getNetworkForDns: getNetId from enterpriseCtrl is netid 0
04-09 05:42:56.970 E/Netd    (  694): getNetworkForDns: getNetId from enterpriseCtrl is netid 0
04-09 05:42:56.974 E/Netd    (  694): getNetworkForDns: getNetId from enterpriseCtrl is netid 0
04-09 05:42:56.976 D/AppsFlyer_6.13.0(11862): [Referrer] Install referrer is allowed
04-09 05:42:56.976 D/AppsFlyer_6.13.0(11862): [Queue] new task added: RC_CDN-UpdateRemoteConfiguration-1
04-09 05:42:56.977 D/AppsFlyer_6.13.0(11862): [Referrer] Connecting to Install Referrer Library...
04-09 05:42:56.981 E/statsd  (  688): Predicate -7037417284711607308 dropping data for dimension key (10)0x2010101->10519[I] (10)0x30000->*job*/bbc.mobile.news.ww/androidx.work.impl.background.systemjob.SystemJobService[S] 
04-09 05:42:56.981 D/AppsFlyer_6.13.0(11862): [Queue] starting task execution: RC_CDN-UpdateRemoteConfiguration-1
04-09 05:42:56.982 E/statsd  (  688): Predicate 5980654721335871649 dropping data for dimension key (10)0x2010101->10519[I] (10)0x30000->*job*/bbc.mobile.news.ww/androidx.work.impl.background.systemjob.SystemJobService[S] 
04-09 05:42:56.987 D/AppsFlyer_6.13.0(11862): [Other] [MetaReferrer]: Facebook app id Manifest metadata is not found.
04-09 05:42:56.988 I/System.out(11862): (HTTPLog)-Static: isSBSettingEnabled false
04-09 05:42:56.988 I/System.out(11862): (HTTPLog)-Static: isSBSettingEnabled false
04-09 05:42:56.988 I/AppsFlyer_6.13.0(11862): [CFG] active config is missing - fetching from CDN
04-09 05:42:56.988 I/AppsFlyer_6.13.0(11862): [CFG] Cached config is expired, updating...
04-09 05:42:56.989 D/AppsFlyer_6.13.0(11862): [Other] [MetaReferrer]: Facebook app id string resource is not found.
04-09 05:42:56.989 D/AppsFlyer_6.13.0(11862): [Other] [MetaReferrer]: AF Facebook app id Manifest metadata is not found.
04-09 05:42:56.989 D/AppsFlyer_6.13.0(11862): [Other] [MetaReferrer]: Referrer collection disallowed by missing Facebook app id.
04-09 05:42:56.989 D/AppsFlyer_6.13.0(11862): [Other] [MetaReferrer]: Facebook app id Manifest metadata is not found.
04-09 05:42:56.989 D/AppsFlyer_6.13.0(11862): [HTTP Client] [65009148] GET:https://ctfx9v-cdn-settings.appsflyersdk.com/android/v1/69fcbc213dd6d35489d81fc88093a39454ced78e00f89c401968ebc946e53aa9/settings
04-09 05:42:56.989 D/AppsFlyer_6.13.0(11862): [Other] [MetaReferrer]: Facebook app id string resource is not found.
04-09 05:42:56.990 D/AppsFlyer_6.13.0(11862): [Other] [MetaReferrer]: AF Facebook app id Manifest metadata is not found.
04-09 05:42:56.992 I/ReactNativeJS(11862): 'AppsFlyer SDK init', 'Success'
04-09 05:42:56.992 D/ConnectivityService( 1004): requestNetwork for uid/pid:10519/11862 NetworkRequest [ TRACK_DEFAULT id=13559, [ Capabilities: INTERNET&NOT_RESTRICTED&TRUSTED Uid: 10519 AdministratorUids: [] RequestorUid: 10519 RequestorPackageName: bbc.mobile.news.ww] ]
04-09 05:42:56.992 D/NetdEventListenerService( 1004): DNS Requested by : 754, 10519
04-09 05:42:56.993 E/Netd    (  694): getNetworkForDns: getNetId from enterpriseCtrl is netid 0
04-09 05:42:56.993 D/ConnectivityService( 1004): NetReassign [13559 : null ?? 754]
04-09 05:42:56.993 D/WIFI_AWARE_FACTORY( 1004): got request NetworkRequest [ TRACK_DEFAULT id=13559, [ Capabilities: INTERNET&NOT_RESTRICTED&TRUSTED Uid: 10519 AdministratorUids: [] RequestorUid: 10519 RequestorPackageName: bbc.mobile.news.ww] ] with score 60 and providerId 6
04-09 05:42:56.994 D/Ethernet( 1004): got request NetworkRequest [ TRACK_DEFAULT id=13559, [ Capabilities: INTERNET&NOT_RESTRICTED&TRUSTED Uid: 10519 AdministratorUids: [] RequestorUid: 10519 RequestorPackageName: bbc.mobile.news.ww] ] with score 60 and providerId 6
04-09 05:42:56.994 D/WifiNetworkFactory( 1004): got request NetworkRequest [ TRACK_DEFAULT id=13559, [ Capabilities: INTERNET&NOT_RESTRICTED&TRUSTED Uid: 10519 AdministratorUids: [] RequestorUid: 10519 RequestorPackageName: bbc.mobile.news.ww] ] with score 60 and providerId 6
04-09 05:42:56.994 D/UntrustedWifiNetworkFactory( 1004): got request NetworkRequest [ TRACK_DEFAULT id=13559, [ Capabilities: INTERNET&NOT_RESTRICTED&TRUSTED Uid: 10519 AdministratorUids: [] RequestorUid: 10519 RequestorPackageName: bbc.mobile.news.ww] ] with score 60 and providerId 6
04-09 05:42:56.994 D/PhoneSwitcherNetworkRequstListener( 2039): got request NetworkRequest [ TRACK_DEFAULT id=13559, [ Capabilities: INTERNET&NOT_RESTRICTED&TRUSTED Uid: 10519 AdministratorUids: [] RequestorUid: 10519 RequestorPackageName: bbc.mobile.news.ww] ] with score 60 and providerId 6
04-09 05:42:56.994 E/Netd    (  694): getNetworkForDns: getNetId from enterpriseCtrl is netid 0
04-09 05:42:56.995 D/AppsFlyer_6.13.0(11862): [Other] [MetaReferrer]: Referrer collection disallowed by missing Facebook app id.
04-09 05:42:56.996 D/AppsFlyer_6.13.0(11862): [General] Initializing AppsFlyer SDK: (v6.13.0.281)
04-09 05:42:57.008 D/PackageManager( 1004): setEnabledSetting : userId = 0 packageName = bbc.mobile.news.ww cmp = androidx.work.impl.background.systemalarm.RescheduleReceiver newState = 1 callingPackage = 10519/bbc.mobile.news.ww
04-09 05:42:57.014 E/statsd  (  688): Predicate -7037417284711607308 dropping data for dimension key (10)0x2010101->10519[I] (10)0x30000->*job*/bbc.mobile.news.ww/androidx.work.impl.background.systemjob.SystemJobService[S] 
04-09 05:42:57.015 E/statsd  (  688): Predicate 5980654721335871649 dropping data for dimension key (10)0x2010101->10519[I] (10)0x30000->*job*/bbc.mobile.news.ww/androidx.work.impl.background.systemjob.SystemJobService[S] 
04-09 05:42:57.033 D/ConnectivityService( 1004): requestNetwork for uid/pid:10519/11862 NetworkRequest [ TRACK_DEFAULT id=13560, [ Capabilities: INTERNET&NOT_RESTRICTED&TRUSTED Uid: 10519 AdministratorUids: [] RequestorUid: 10519 RequestorPackageName: bbc.mobile.news.ww] ]
04-09 05:42:57.033 D/ConnectivityService( 1004): NetReassign [13560 : null ?? 754]
04-09 05:42:57.033 D/WIFI_AWARE_FACTORY( 1004): got request NetworkRequest [ TRACK_DEFAULT id=13560, [ Capabilities: INTERNET&NOT_RESTRICTED&TRUSTED Uid: 10519 AdministratorUids: [] RequestorUid: 10519 RequestorPackageName: bbc.mobile.news.ww] ] with score 60 and providerId 6
04-09 05:42:57.034 D/Ethernet( 1004): got request NetworkRequest [ TRACK_DEFAULT id=13560, [ Capabilities: INTERNET&NOT_RESTRICTED&TRUSTED Uid: 10519 AdministratorUids: [] RequestorUid: 10519 RequestorPackageName: bbc.mobile.news.ww] ] with score 60 and providerId 6
04-09 05:42:57.034 D/WifiNetworkFactory( 1004): got request NetworkRequest [ TRACK_DEFAULT id=13560, [ Capabilities: INTERNET&NOT_RESTRICTED&TRUSTED Uid: 10519 AdministratorUids: [] RequestorUid: 10519 RequestorPackageName: bbc.mobile.news.ww] ] with score 60 and providerId 6
04-09 05:42:57.034 D/PhoneSwitcherNetworkRequstListener( 2039): got request NetworkRequest [ TRACK_DEFAULT id=13560, [ Capabilities: INTERNET&NOT_RESTRICTED&TRUSTED Uid: 10519 AdministratorUids: [] RequestorUid: 10519 RequestorPackageName: bbc.mobile.news.ww] ] with score 60 and providerId 6
04-09 05:42:57.034 D/UntrustedWifiNetworkFactory( 1004): got request NetworkRequest [ TRACK_DEFAULT id=13560, [ Capabilities: INTERNET&NOT_RESTRICTED&TRUSTED Uid: 10519 AdministratorUids: [] RequestorUid: 10519 RequestorPackageName: bbc.mobile.news.ww] ] with score 60 and providerId 6
04-09 05:42:57.038 I/GenerationRegistry( 1004): mBackingStore.isClosed() : false
04-09 05:42:57.048 D/AppsFlyer_6.13.0(11862): [Referrer] InstallReferrer connected
04-09 05:42:57.057 I/HYPER-HAL(  780): [ResourceManager.cpp]removeResource(): [CPULittleMinFreq] RemoveResource Request ID : 522771
04-09 05:42:57.061 I/HYPER-HAL(  780): [ResourceManager.cpp]removeResource(): [CPUMinFreq] RemoveResource Request ID : 522771
04-09 05:42:57.061 I/HYPER-HAL(  780): [RequestManager.cpp]releaseLocked(): Released ID : 522771
04-09 05:42:57.062 D/NetdEventListenerService( 1004): DNS Requested by : 754, 10519
04-09 05:42:57.062 E/Netd    (  694): getNetworkForDns: getNetId from enterpriseCtrl is netid 0
04-09 05:42:57.069 I/System.out(11862): (HTTPLog)-Static: isSBSettingEnabled false
04-09 05:42:57.069 I/System.out(11862): (HTTPLog)-Static: isSBSettingEnabled false
04-09 05:42:57.071 E/Netd    (  694): getNetworkForDns: getNetId from enterpriseCtrl is netid 0
04-09 05:42:57.074 D/NetdEventListenerService( 1004): DNS Requested by : 754, 10519
04-09 05:42:57.077 D/NetdEventListenerService( 1004): DNS Requested by : 754, 10519
04-09 05:42:57.077 E/Netd    (  694): getNetworkForDns: getNetId from enterpriseCtrl is netid 0
04-09 05:42:57.081 E/Netd    (  694): getNetworkForDns: getNetId from enterpriseCtrl is netid 0
04-09 05:42:57.093 D/NetdEventListenerService( 1004): DNS Requested by : 754, 10519
04-09 05:42:57.094 E/Netd    (  694): getNetworkForDns: getNetId from enterpriseCtrl is netid 0
04-09 05:42:57.102 I/ReactNative(11862): [GESTURE HANDLER] Initialize gesture handler for root view com.facebook.react.ReactRootView{78b1bb4 V.E...... .......D 0,0-1080,2198 #b}
04-09 05:42:57.115 E/Netd    (  694): getNetworkForDns: getNetId from enterpriseCtrl is netid 0
04-09 05:42:57.116 E/TOKENSTORE(11862): Unknown key: ACTIVE_PROFILE_ID
04-09 05:42:57.116 V/WindowManager( 1004): Relayout Window{b6e0926 u0 bbc.mobile.news.ww/com.mobile.MainActivity}: viewVisibility=0 req=1080x2400
04-09 05:42:57.128 I/MMKV    (11862): <MMKV_IO.cpp:498::writeActualSize> [mmkv.default] increase sequence to 1, crc 1285129681, actualSize 4
04-09 05:42:57.133 V/WindowManager( 1004): Relayout hash=b6e0926, pid=11862: mAttrs={(0,0)(fillxfill) sim={adjust=resize} layoutInDisplayCutoutMode=shortEdges ty=BASE_APPLICATION wanim=0x1030304
04-09 05:42:57.133 V/WindowManager( 1004):   fl=81810100
04-09 05:42:57.133 V/WindowManager( 1004):   pfl=12020000
04-09 05:42:57.133 V/WindowManager( 1004):   fitSides= naviIconColor=0}
04-09 05:42:57.133 I/SurfaceControl( 1004): nativeRelease nativeObject s[-5476376643752704128]
04-09 05:42:57.133 I/SurfaceControl( 1004): nativeRelease nativeObject e[-5476376643752704128]
04-09 05:42:57.134 I/SurfaceControl(11862): nativeRelease nativeObject s[-5476376643758668944]
04-09 05:42:57.134 I/SurfaceControl(11862): nativeRelease nativeObject e[-5476376643758668944]
04-09 05:42:57.135 I/SurfaceControl(11862): assignNativeObject: nativeObject = 0 Surface(name=null)/@0x9e3d3dd / android.view.SurfaceControl.readFromParcel:1121 android.view.IWindowSession$Stub$Proxy.relayout:1824 android.view.ViewRootImpl.relayoutWindow:9005 android.view.ViewRootImpl.performTraversals:3360 android.view.ViewRootImpl.doTraversal:2618 android.view.ViewRootImpl$TraversalRunnable.run:9971 android.view.Choreographer$CallbackRecord.run:1010 android.view.Choreographer.doCallbacks:809 android.view.Choreographer.doFrame:744 android.view.Choreographer$FrameDisplayEventReceiver.run:995 
04-09 05:42:57.135 I/SurfaceControl(11862): nativeRelease nativeObject s[-5476376643758648352]
04-09 05:42:57.135 I/SurfaceControl(11862): nativeRelease nativeObject e[-5476376643758648352]
04-09 05:42:57.135 I/SurfaceControl(11862): nativeRelease nativeObject s[-5476376643758680736]
04-09 05:42:57.135 I/SurfaceControl(11862): nativeRelease nativeObject e[-5476376643758680736]
04-09 05:42:57.135 I/SurfaceControl(11862): nativeRelease nativeObject s[-5476376643759412896]
04-09 05:42:57.135 I/SurfaceControl(11862): nativeRelease nativeObject e[-5476376643759412896]
04-09 05:42:57.136 I/ViewRootImpl@65697d5[MainActivity](11862): Relayout returned: old=(0,0,1080,2400) new=(0,0,1080,2400) req=(1080,2400)0 dur=20 res=0x1 s={true -5476376639464524624} ch=false fn=16
04-09 05:42:57.139 D/PackageManager( 1004): setEnabledSetting : userId = 0 packageName = bbc.mobile.news.ww cmp = androidx.work.impl.background.systemalarm.RescheduleReceiver newState = 1 callingPackage = 10519/bbc.mobile.news.ww
04-09 05:42:57.168 D/AppsFlyer_6.13.0(11862): [Referrer] Install Referrer collected locally
04-09 05:42:57.195 I/SamsungAlarmManager( 1004): setLocked to kernel - T:2 / 20240409T054321, set=1140491576, now=1140466906
04-09 05:42:57.196 I/SamsungAlarmManager( 1004): setLocked to kernel - T:3 / 20240409T054259, set=1140469711, now=1140466908
04-09 05:42:57.197 D/SamsungAlarmManager( 1004): setInexact (T:3/F:0/AC:false) 20240409T054307 now=1140466908 - CU:1000/CP:1004/L:2a78d19:*job.delay*
04-09 05:42:57.197 I/SamsungAlarmManager( 1004): setLocked to kernel - T:2 / 20240409T054321, set=1140491576, now=1140466908
04-09 05:42:57.197 I/SamsungAlarmManager( 1004): setLocked to kernel - T:3 / 20240409T054300, set=1140469711, now=1140466908
04-09 05:42:57.215 D/NetdEventListenerService( 1004): DNS Requested by : 754, 10519
04-09 05:42:57.215 E/Netd    (  694): getNetworkForDns: getNetId from enterpriseCtrl is netid 0
04-09 05:42:57.218 I/System.out(11862): (HTTPLog)-Static: isSBSettingEnabled false
04-09 05:42:57.218 I/System.out(11862): (HTTPLog)-Static: isSBSettingEnabled false
04-09 05:42:57.219 E/Netd    (  694): getNetworkForDns: getNetId from enterpriseCtrl is netid 0
04-09 05:42:57.226 W/AppConfigFacade(11862): Falling back to the default instance. This should not happen during normal app operation. Please check your configuration setup.
04-09 05:42:57.240 W/AppConfigFacade(11862): Falling back to the default instance. This should not happen during normal app operation. Please check your configuration setup.
04-09 05:42:57.240 W/AppConfigFacade(11862): Falling back to the default instance. This should not happen during normal app operation. Please check your configuration setup.
04-09 05:42:57.244 W/AppConfigFacade(11862): Falling back to the default instance. This should not happen during normal app operation. Please check your configuration setup.
04-09 05:42:57.244 W/AppConfigFacade(11862): Falling back to the default instance. This should not happen during normal app operation. Please check your configuration setup.
04-09 05:42:57.245 D/NetdEventListenerService( 1004): DNS Requested by : 754, 10519
04-09 05:42:57.245 E/Netd    (  694): getNetworkForDns: getNetId from enterpriseCtrl is netid 0
04-09 05:42:57.245 I/.mobile.news.w(11862): Background young concurrent copying GC freed 393985(25MB) AllocSpace objects, 109(4596KB) LOS objects, 59% free, 16MB/40MB, paused 305us total 156.511ms
04-09 05:42:57.245 I/ClientCertificateManager Service( 1004): ClientCertificateManager.isPremiumContainer() : false for user : 0
04-09 05:42:57.246 D/BBCX-Analytics(11862): Echo initialised {masterbrand_config_filename=masterbrands.json, comscore.url=scorecardresearch.com, destination=BBCS_BBC, remote_config_url=https://mybbc-analytics.files.bbci.co.uk/analytics-remote-config/, remote_config_refresh_duration=3600000, producer_config_filename=producers.json}
04-09 05:42:57.262 E/TOKENSTORE(11862): Unknown key: ACTIVE_PROFILE_ID
04-09 05:42:57.270 I/WindowManager( 1004): Reparenting to original parent: Surface(name=ActivityRecord{81f1eb1 u0 bbc.mobile.news.ww/com.mobile.MainActivity t6973})/@0x8b13bae, destroy=true, surface=Surface(name=399bb6f bbc.mobile.news.ww/com.mobile.MainActivity)/@0x38cf15c
04-09 05:42:57.270 I/SurfaceControl( 1004): nativeRelease nativeObject s[-5476376643755730624]
04-09 05:42:57.270 I/SurfaceControl( 1004): nativeRelease nativeObject e[-5476376643755730624]
04-09 05:42:57.271 E/WindowManager( 1004): win=Window{399bb6f u0 bbc.mobile.news.ww/com.mobile.MainActivity EXITING} destroySurfaces: appStopped=false win.mWindowRemovalAllowed=true win.mRemoveOnExit=true win.mViewVisibility=0 caller=com.android.server.wm.ActivityRecord.destroySurfaces:5251 com.android.server.wm.ActivityRecord.destroySurfaces:5232 com.android.server.wm.WindowState.onExitAnimationDone:5654 com.android.server.wm.WindowStateAnimator.onAnimationFinished:332 com.android.server.wm.WindowState.onAnimationFinished:6119 com.android.server.wm.-$$Lambda$dwJG8BAnLlvKNGuDY9U3-haNY4M.onAnimationFinished:2 com.android.server.wm.SurfaceAnimator.lambda$getFinishedCallback$0$SurfaceAnimator:112 
04-09 05:42:57.271 I/WindowManager( 1004): Destroying surface Surface(name=bbc.mobile.news.ww/com.mobile.MainActivity$_11862)/@0x175e98e called by com.android.server.wm.WindowStateAnimator.destroySurface:1794 com.android.server.wm.WindowStateAnimator.destroySurfaceLocked:765 com.android.server.wm.WindowState.destroySurfaceUnchecked:3949 com.android.server.wm.WindowState.destroySurface:3923 com.android.server.wm.ActivityRecord.destroySurfaces:5251 com.android.server.wm.ActivityRecord.destroySurfaces:5232 com.android.server.wm.WindowState.onExitAnimationDone:5654 com.android.server.wm.WindowStateAnimator.onAnimationFinished:332 
04-09 05:42:57.271 I/SurfaceControl( 1004): nativeRelease nativeObject s[-5476376643753775792]
04-09 05:42:57.271 I/SurfaceControl( 1004): nativeRelease nativeObject e[-5476376643753775792]
04-09 05:42:57.272 I/System.out(11771): (HTTPLog)-Static: isSBSettingEnabled false
04-09 05:42:57.272 I/System.out(11771): (HTTPLog)-Static: isSBSettingEnabled false
04-09 05:42:57.274 E/Netd    (  694): getNetworkForDns: getNetId from enterpriseCtrl is netid 0
04-09 05:42:57.274 W/AppConfigFacade(11862): Falling back to the default instance. This should not happen during normal app operation. Please check your configuration setup.
04-09 05:42:57.274 I/Layer   (  873): id=55716 removeFromCurrentState bbc.mobile.news.ww/com.mobile.MainActivity$_11862#0 (75)
04-09 05:42:57.275 I/SurfaceControl( 1004): nativeRelease nativeObject s[-5476376643752640416]
04-09 05:42:57.275 I/SurfaceControl( 1004): nativeRelease nativeObject e[-5476376643752640416]
04-09 05:42:57.276 I/Layer   (  873): id=55712 removeFromCurrentState 399bb6f bbc.mobile.news.ww/com.mobile.MainActivity#0 (75)
04-09 05:42:57.276 I/Layer   (  873): id=55720 removeFromCurrentState Surface(name=399bb6f bbc.mobile.news.ww/com.mobile.MainActivity)/@0x38cf15c - animation-leash#0 (75)
04-09 05:42:57.278 I/SurfaceFlinger(  873): id=55712 Removed 399bb6f bbc.mobile.news.ww/com.mobile.MainActivity#0 (75)
04-09 05:42:57.278 I/SurfaceFlinger(  873): id=55720 Removed Surface(name=399bb6f bbc.mobile.news.ww/com.mobile.MainActivity)/@0x38cf15c - animation-leash#0 (75)
04-09 05:42:57.278 I/SurfaceFlinger(  873): id=55716 Removed bbc.mobile.news.ww/com.mobile.MainActivity$_11862#0 (75)
04-09 05:42:57.279 D/BBCX-Analytics(11862): Echo initialised {masterbrand_config_filename=masterbrands.json, comscore.url=scorecardresearch.com, destination=BBCS_BBC, remote_config_url=https://mybbc-analytics.files.bbci.co.uk/analytics-remote-config/, remote_config_refresh_duration=3600000, producer_config_filename=producers.json}
04-09 05:42:57.279 W/AppConfigFacade(11862): Falling back to the default instance. This should not happen during normal app operation. Please check your configuration setup.
04-09 05:42:57.279 W/AppConfigFacade(11862): Falling back to the default instance. This should not happen during normal app operation. Please check your configuration setup.
04-09 05:42:57.281 W/AppConfigFacade(11862): Falling back to the default instance. This should not happen during normal app operation. Please check your configuration setup.
04-09 05:42:57.281 W/AppConfigFacade(11862): Falling back to the default instance. This should not happen during normal app operation. Please check your configuration setup.
04-09 05:42:57.282 W/System.err(11771): java.net.UnknownHostException: Unable to resolve host "android.bugly.qq.com": No address associated with hostname
04-09 05:42:57.283 W/System.err(11771): 	at java.net.Inet6AddressImpl.lookupHostByName(Inet6AddressImpl.java:156)
04-09 05:42:57.283 W/System.err(11771): 	at java.net.Inet6AddressImpl.lookupAllHostAddr(Inet6AddressImpl.java:103)
04-09 05:42:57.283 W/System.err(11771): 	at java.net.InetAddress.getAllByName(InetAddress.java:1152)
04-09 05:42:57.283 W/System.err(11771): 	at com.android.okhttp.Dns$1.lookup(Dns.java:41)
04-09 05:42:57.283 W/System.err(11771): 	at com.android.okhttp.internal.http.RouteSelector.resetNextInetSocketAddress(RouteSelector.java:178)
04-09 05:42:57.283 W/System.err(11771): 	at com.android.okhttp.internal.http.RouteSelector.nextProxy(RouteSelector.java:144)
04-09 05:42:57.283 W/System.err(11771): 	at com.android.okhttp.internal.http.RouteSelector.next(RouteSelector.java:86)
04-09 05:42:57.283 W/System.err(11771): 	at com.android.okhttp.internal.http.StreamAllocation.findConnection(StreamAllocation.java:192)
04-09 05:42:57.283 W/System.err(11771): 	at com.android.okhttp.internal.http.StreamAllocation.findHealthyConnection(StreamAllocation.java:144)
04-09 05:42:57.283 W/System.err(11771): 	at com.android.okhttp.internal.http.StreamAllocation.newStream(StreamAllocation.java:106)
04-09 05:42:57.283 W/System.err(11771): 	at com.android.okhttp.internal.http.HttpEngine.connect(HttpEngine.java:400)
04-09 05:42:57.283 W/System.err(11771): 	at com.android.okhttp.internal.http.HttpEngine.sendRequest(HttpEngine.java:333)
04-09 05:42:57.283 W/System.err(11771): 	at com.android.okhttp.internal.huc.HttpURLConnectionImpl.execute(HttpURLConnectionImpl.java:465)
04-09 05:42:57.283 W/System.err(11771): 	at com.android.okhttp.internal.huc.HttpURLConnectionImpl.connect(HttpURLConnectionImpl.java:131)
04-09 05:42:57.283 W/System.err(11771): 	at com.android.okhttp.internal.huc.HttpURLConnectionImpl.getOutputStream(HttpURLConnectionImpl.java:262)
04-09 05:42:57.283 W/System.err(11771): 	at com.android.okhttp.internal.huc.DelegatingHttpsURLConnection.getOutputStream(DelegatingHttpsURLConnection.java:219)
04-09 05:42:57.283 W/System.err(11771): 	at com.android.okhttp.internal.huc.HttpsURLConnectionImpl.getOutputStream(HttpsURLConnectionImpl.java:30)
04-09 05:42:57.283 W/System.err(11771): 	at o.k63.(:1)
04-09 05:42:57.283 W/System.err(11771): 	at o.j63.getOutputStream(:1)
04-09 05:42:57.283 W/System.err(11771): 	at com.tencent.bugly.proguard.af.a(:63)
04-09 05:42:57.283 W/System.err(11771): 	at com.tencent.bugly.proguard.af.a(:13)
04-09 05:42:57.283 W/System.err(11771): 	at com.tencent.bugly.proguard.aj.run(:39)
04-09 05:42:57.283 W/System.err(11771): 	at com.tencent.bugly.proguard.ai$a.run(:1)
04-09 05:42:57.283 W/System.err(11771): 	at java.lang.Thread.run(Thread.java:923)
04-09 05:42:57.284 W/System.err(11771): Caused by: android.system.GaiException: android_getaddrinfo failed: EAI_NODATA (No address associated with hostname)
04-09 05:42:57.284 W/System.err(11771): 	at libcore.io.Linux.android_getaddrinfo(Native Method)
04-09 05:42:57.284 W/System.err(11771): 	at libcore.io.ForwardingOs.android_getaddrinfo(ForwardingOs.java:73)
04-09 05:42:57.284 W/System.err(11771): 	at libcore.io.BlockGuardOs.android_getaddrinfo(BlockGuardOs.java:202)
04-09 05:42:57.284 W/System.err(11771): 	at libcore.io.ForwardingOs.android_getaddrinfo(ForwardingOs.java:73)
04-09 05:42:57.284 W/System.err(11771): 	at java.net.Inet6AddressImpl.lookupHostByName(Inet6AddressImpl.java:135)
04-09 05:42:57.284 W/System.err(11771): 	... 23 more
04-09 05:42:57.286 I/Layer   (  873): id=55720[1] Destroyed Surface(name=399bb6f bbc.mobile.news.ww/com.mobile.MainActivity)/@0x38cf15c - animation-leash#0
04-09 05:42:57.286 I/Layer   (  873): id=55712[1] Destroyed 399bb6f bbc.mobile.news.ww/com.mobile.MainActivity#0
04-09 05:42:57.287 D/NetdEventListenerService( 1004): DNS Requested by : 754, 10227
04-09 05:42:57.288 I/Layer   (  873): id=55716[1] Destroyed bbc.mobile.news.ww/com.mobile.MainActivity$_11862#0
04-09 05:42:57.289 E/NetdEventListenerService( 1004): DNS failed (10227) : 2
04-09 05:42:57.291 D/SurfaceFlinger(  873): Display 19261213734341249 HWC layers:
04-09 05:42:57.291 D/SurfaceFlinger(  873):      DEVICE | 0xb400006f3add7a10 | 0002 | RGBA_8888    |    0.0    0.0 1080.0 2400.0 |    0    0 1080 2400 | bbc.mobile.news.ww/com.mobile.MainActivity$_11862#1
04-09 05:42:57.291 D/SurfaceFlinger(  873):      DEVICE | 0xb400006f3adcd270 | 0000 | RGBA_8888    |    0.0    0.0 1080.0   76.0 |    0    0 1080   76 | StatusBar$_2046#0
04-09 05:42:57.291 D/SurfaceFlinger(  873):      DEVICE | 0xb400006f3add42f0 | 0000 | RGBA_8888    |    0.0    0.0 1080.0  126.0 |    0 2274 1080 2400 | NavigationBar0$_2046#0
04-09 05:42:57.291 D/SurfaceFlinger(  873):      DEVICE | 0xb400006f3addbb50 | 0000 | RGBA_8888    |    0.0    0.0 1080.0  181.0 |    0    0 1080  181 | ScreenDecorOverlay$_2046#0
04-09 05:42:57.291 D/SurfaceFlinger(  873):      DEVICE | 0xb400006f3add8160 | 0000 | RGBA_8888    |    0.0    0.0 1080.0  181.0 |    0 2219 1080 2400 | ScreenDecorOverlayBottom$_2046#0
04-09 05:42:57.291 D/SurfaceFlinger(  873): 
04-09 05:42:57.295 I/System.out(11862): (HTTPLog)-Static: isSBSettingEnabled false
04-09 05:42:57.295 I/System.out(11862): (HTTPLog)-Static: isSBSettingEnabled false
04-09 05:42:57.296 E/Netd    (  694): getNetworkForDns: getNetId from enterpriseCtrl is netid 0
04-09 05:42:57.319 D/NetdEventListenerService( 1004): DNS Requested by : 754, 10519
04-09 05:42:57.319 E/Netd    (  694): getNetworkForDns: getNetId from enterpriseCtrl is netid 0
04-09 05:42:57.409 I/ClientCertificateManager Service( 1004): ClientCertificateManager.isPremiumContainer() : false for user : 0
04-09 05:42:57.413 D/AppsFlyer_6.13.0(11862): [HTTP Client] [65009148] response code:200 OK
04-09 05:42:57.413 D/AppsFlyer_6.13.0(11862):  body:{"features":{},"ver":"default.v1.1637149529"}
04-09 05:42:57.413 D/AppsFlyer_6.13.0(11862):  took 424ms
04-09 05:42:57.415 D/AppsFlyer_6.13.0(11862): [CFG] Config successfully updated, timeToLive: 86400 seconds
04-09 05:42:57.418 D/AppsFlyer_6.13.0(11862): [Queue] execution finished for RC_CDN-UpdateRemoteConfiguration-1, result: SUCCESS
04-09 05:42:57.425 I/ClientCertificateManager Service( 1004): ClientCertificateManager.isPremiumContainer() : false for user : 0
04-09 05:42:57.438 I/ClientCertificateManager Service( 1004): ClientCertificateManager.isPremiumContainer() : false for user : 0
04-09 05:42:57.457 I/WM-WorkerWrapper(11862): Worker result SUCCESS for Work [ id=a123eecf-0d45-42fc-9059-0076cb824f9e, tags={ com.urbanairship.job.AirshipWorker, airship } ]
04-09 05:42:57.459 D/ConnectivityService( 1004): releasing NetworkRequest [ TRACK_DEFAULT id=13559, [ Capabilities: INTERNET&NOT_RESTRICTED&TRUSTED Uid: 10519 AdministratorUids: [] RequestorUid: 10519 RequestorPackageName: bbc.mobile.news.ww] ] (release request)
04-09 05:42:57.460 I/ClientCertificateManager Service( 1004): ClientCertificateManager.isPremiumContainer() : false for user : 0
04-09 05:42:57.460 D/JobServiceContext( 1004): sendStopMessageLocked stop reason: cancel() called by app, callingUid=10519 uid=10519 jobId=0
04-09 05:42:57.463 E/statsd  (  688): Predicate -7037417284711607308 dropping data for dimension key (10)0x2010101->10519[I] (10)0x30000->*job*/bbc.mobile.news.ww/androidx.work.impl.background.systemjob.SystemJobService[S] 
04-09 05:42:57.463 E/statsd  (  688): Predicate 5980654721335871649 dropping data for dimension key (10)0x2010101->10519[I] (10)0x30000->*job*/bbc.mobile.news.ww/androidx.work.impl.background.systemjob.SystemJobService[S] 
04-09 05:42:57.475 D/PackageManager( 1004): setEnabledSetting : userId = 0 packageName = bbc.mobile.news.ww cmp = androidx.work.impl.background.systemalarm.RescheduleReceiver newState = 1 callingPackage = 10519/bbc.mobile.news.ww
04-09 05:42:57.482 E/statsd  (  688): Predicate -7037417284711607308 dropping data for dimension key (10)0x2010101->10519[I] (10)0x30000->*job*/bbc.mobile.news.ww/androidx.work.impl.background.systemjob.SystemJobService[S] 
04-09 05:42:57.483 E/statsd  (  688): Predicate 5980654721335871649 dropping data for dimension key (10)0x2010101->10519[I] (10)0x30000->*job*/bbc.mobile.news.ww/androidx.work.impl.background.systemjob.SystemJobService[S] 
04-09 05:42:57.487 D/ConnectivityService( 1004): requestNetwork for uid/pid:10519/11862 NetworkRequest [ TRACK_DEFAULT id=13561, [ Capabilities: INTERNET&NOT_RESTRICTED&TRUSTED Uid: 10519 AdministratorUids: [] RequestorUid: 10519 RequestorPackageName: bbc.mobile.news.ww] ]
04-09 05:42:57.488 D/ConnectivityService( 1004): NetReassign [13561 : null ?? 754]
04-09 05:42:57.488 D/WIFI_AWARE_FACTORY( 1004): got request NetworkRequest [ TRACK_DEFAULT id=13561, [ Capabilities: INTERNET&NOT_RESTRICTED&TRUSTED Uid: 10519 AdministratorUids: [] RequestorUid: 10519 RequestorPackageName: bbc.mobile.news.ww] ] with score 60 and providerId 6
04-09 05:42:57.488 D/Ethernet( 1004): got request NetworkRequest [ TRACK_DEFAULT id=13561, [ Capabilities: INTERNET&NOT_RESTRICTED&TRUSTED Uid: 10519 AdministratorUids: [] RequestorUid: 10519 RequestorPackageName: bbc.mobile.news.ww] ] with score 60 and providerId 6
04-09 05:42:57.488 D/WifiNetworkFactory( 1004): got request NetworkRequest [ TRACK_DEFAULT id=13561, [ Capabilities: INTERNET&NOT_RESTRICTED&TRUSTED Uid: 10519 AdministratorUids: [] RequestorUid: 10519 RequestorPackageName: bbc.mobile.news.ww] ] with score 60 and providerId 6
04-09 05:42:57.489 D/PhoneSwitcherNetworkRequstListener( 2039): got request NetworkRequest [ TRACK_DEFAULT id=13561, [ Capabilities: INTERNET&NOT_RESTRICTED&TRUSTED Uid: 10519 AdministratorUids: [] RequestorUid: 10519 RequestorPackageName: bbc.mobile.news.ww] ] with score 60 and providerId 6
04-09 05:42:57.489 D/UntrustedWifiNetworkFactory( 1004): got request NetworkRequest [ TRACK_DEFAULT id=13561, [ Capabilities: INTERNET&NOT_RESTRICTED&TRUSTED Uid: 10519 AdministratorUids: [] RequestorUid: 10519 RequestorPackageName: bbc.mobile.news.ww] ] with score 60 and providerId 6
04-09 05:42:57.530 D/PackageManager( 1004): setEnabledSetting : userId = 0 packageName = bbc.mobile.news.ww cmp = androidx.work.impl.background.systemalarm.RescheduleReceiver newState = 1 callingPackage = 10519/bbc.mobile.news.ww
04-09 05:42:57.545 E/statsd  (  688): Predicate -7037417284711607308 dropping data for dimension key (10)0x2010101->10519[I] (10)0x30000->*job*/bbc.mobile.news.ww/androidx.work.impl.background.systemjob.SystemJobService[S] 
04-09 05:42:57.546 D/SdkSettings.Prop(11771): getString() called with: key = [ads_url], defaultValue = []
04-09 05:42:57.546 E/statsd  (  688): Predicate 5980654721335871649 dropping data for dimension key (10)0x2010101->10519[I] (10)0x30000->*job*/bbc.mobile.news.ww/androidx.work.impl.background.systemjob.SystemJobService[S] 
04-09 05:42:57.549 I/System.out(11771): (HTTPLog)-Static: isSBSettingEnabled false
04-09 05:42:57.549 I/io_stats(  621): !@   8,0 r 17071667 495908116 w 8524011 271363380 d 1455754 189220536 f 1855779 2745393 iot 12867740 11382324 th 102400 102400 64868 pt 6270 inp 0 0 419869.959
04-09 05:42:57.550 I/System.out(11771): (HTTPLog)-Static: isSBSettingEnabled false
04-09 05:42:57.551 D/PackageManager( 1004): setEnabledSetting : userId = 0 packageName = bbc.mobile.news.ww cmp = androidx.work.impl.background.systemalarm.RescheduleReceiver newState = 1 callingPackage = 10519/bbc.mobile.news.ww
04-09 05:42:57.551 E/Netd    (  694): getNetworkForDns: getNetId from enterpriseCtrl is netid 0
04-09 05:42:57.559 E/statsd  (  688): Predicate -7037417284711607308 dropping data for dimension key (10)0x2010101->10519[I] (10)0x30000->*job*/bbc.mobile.news.ww/androidx.work.impl.background.systemjob.SystemJobService[S] 
04-09 05:42:57.560 E/statsd  (  688): Predicate 5980654721335871649 dropping data for dimension key (10)0x2010101->10519[I] (10)0x30000->*job*/bbc.mobile.news.ww/androidx.work.impl.background.systemjob.SystemJobService[S] 
04-09 05:42:57.561 D/NetdEventListenerService( 1004): DNS Requested by : 754, 10227
04-09 05:42:57.562 E/NetdEventListenerService( 1004): DNS failed (10227) : 2
04-09 05:42:57.563 I/bauth_FPBAuthService( 1207): pcf : 0x1011, 0 ,3 ,2 ,1 ,1 ,0, 5.1.0.0
04-09 05:42:57.563 E/bauth_FPBAuthService( 1207): skip cleanup here 2
04-09 05:42:57.563 I/bauth_FPBAuthService( 1207): thread id : 3, preenroll_flag : 0, nd cnt : 0, cso : 0, et : 0
04-09 05:42:57.563 I/bauth_FPBAuthService( 1207): FPBAuthService, 11607
04-09 05:42:57.573 I/ReactNativeJS(11862): 'Permutive grapeshotEventTracker: NO LIST', '', Tue Apr 09 2024 05:42:57 GMT+0200
04-09 05:42:57.585 I/WM-WorkerWrapper(11862): Worker result SUCCESS for Work [ id=c3c7c661-d132-4d27-b9f7-48298558ec7a, tags={ com.urbanairship.job.AirshipWorker, airship } ]
04-09 05:42:57.585 I/System.out(11862): (HTTPLog)-Static: isSBSettingEnabled false
04-09 05:42:57.586 I/System.out(11862): (HTTPLog)-Static: isSBSettingEnabled false
04-09 05:42:57.587 W/unknown:ViewManagerPropertyUpdater(11862): Could not find generated setter for class com.swmansion.rnscreens.ScreensShadowNode
04-09 05:42:57.589 D/JobServiceContext( 1004): sendStopMessageLocked stop reason: cancel() called by app, callingUid=10519 uid=10519 jobId=5
04-09 05:42:57.591 I/ReactNativeJS(11862): 'Permutive grapeshotEventTracker: NO LIST', '', Tue Apr 09 2024 05:42:57 GMT+0200
04-09 05:42:57.599 E/statsd  (  688): Predicate -7037417284711607308 dropping data for dimension key (10)0x2010101->10519[I] (10)0x30000->*job*/bbc.mobile.news.ww/androidx.work.impl.background.systemjob.SystemJobService[S] 
