--------- beginning of main
04-09 05:42:53.426 I/LiveIconUpdateEventHandler( 2346): cancelMinuteChangeAlarm
04-09 05:42:53.428 I/LiveIconUpdateEventHandler( 2346): setMinuteChangeAlarm
04-09 05:42:53.429 I/ViewRootImpl@888ac38[LauncherActivity]( 2346): MSG_WINDOW_FOCUS_CHANGED 1 1
04-09 05:42:53.430 I/InputMethodManager( 2346): startInputInner - mService.startInputOrWindowGainedFocus
04-09 05:42:53.430 D/InputMethodManagerService( 1004): mSecureKeypadEnabled = false
04-09 05:42:53.431 D/InputMethodManagerService( 1004): mDesktopModeManager null!
04-09 05:42:53.431 V/InputMethodManagerService( 1004): getDisplayIdOfInputMethodWindowToBeAdded : 0
04-09 05:42:53.431 D/InputMethodManagerService( 1004): checkDisplayOfStartInputAndUpdateKeyboard display Id 0last 0
04-09 05:42:53.431 D/InputTransport( 1004): Input channel constructed: 'ClientS', fd=933
04-09 05:42:53.431 D/InputTransport( 1004): Input channel destroyed: 'ClientS', fd=933
04-09 05:42:53.432 I/PopupDataProvider( 2346): onNotificationFullRefresh prev dotInfoSize : 0
04-09 05:42:53.433 V/APM_AudioPolicyManager(  849): stopOutput portId 9829
04-09 05:42:53.433 V/APM_AudioPolicyManager(  849): stopOutput() output 29, stream 1, session 78417
04-09 05:42:53.433 V/APM_AudioPolicyManager(  849): setBeaconMute(1) mBeaconMuteRefCount=0 mBeaconPlayingRefCount=0
04-09 05:42:53.433 I/system_server( 1004): oneway function results will be dropped but finished with status OK and parcel size 4
04-09 05:42:53.433 V/APM_AudioPolicyManager(  849): getNewOutputDevices selected devices AUDIO_DEVICE_NONE
04-09 05:42:53.433 V/APM_AudioPolicyManager(  849): setOutputDevices device AUDIO_DEVICE_NONE delayMs 96
04-09 05:42:53.433 I/HBD     ( 5492): HoneyBoardService onFinishInput 
04-09 05:42:53.433 V/APM_AudioPolicyManager(  849): setOutputDevices() prevDevice {type:0x2,@:}
04-09 05:42:53.433 I/HBD     ( 5492): a IC have been unbinded,  InputConnectionWrapper{idHash=#2ecd0ff mMissingMethods=}
04-09 05:42:53.433 I/HBD     ( 5492): HoneyBoardService [PF_CL][onFinishInput]  406250 ns 
04-09 05:42:53.433 I/HBD     ( 5492): HoneyBoardService [IMI] onStartInput - caller pid : 2346 , caller uid : 10099 
04-09 05:42:53.434 I/HBD     ( 5492): i updateConfigs 
04-09 05:42:53.434 I/HBD     ( 5492): i isEnabledNightMode : true 
04-09 05:42:53.434 I/HBD     ( 5492): a IC have been binded, InputConnectionWrapper{idHash=#2ecd0ff mMissingMethods=} 
04-09 05:42:53.434 I/HBD     ( 5492): h [EditorInputType]setPrivateImeOptionsToTable privateImeOptions ( null )
04-09 05:42:53.434 I/HBD     ( 5492): b incognitoMode : false 
04-09 05:42:53.434 V/APM_AudioPolicyManager(  849): setOutputDevices setting same device AUDIO_DEVICE_NONE or null device, force=0, patch handle=27
04-09 05:42:53.434 I/HBD     ( 5492): a needOff = true , isForceOff = false, isNullInputClass : true 
04-09 05:42:53.434 I/HBD     ( 5492): h getDefaultInputRange : UNKNOWN 
04-09 05:42:53.434 V/APM_AudioPolicyManager(  849): selectOutputForMusicEffects selected output 13
04-09 05:42:53.434 I/HBD     ( 5492): h getDefaultInputRange : UNKNOWN 
04-09 05:42:53.434 I/HBD     ( 5492): h getDefaultInputRange : UNKNOWN 
04-09 05:42:53.441 D/SdpManagerService( 1004): Not an enterprise user : 0
04-09 05:42:53.441 D/SdpManagerService( 1004): Not an enterprise user : 0
04-09 05:42:53.442 I/HBD     ( 5492): h getDefaultInputRange : UNKNOWN 
04-09 05:42:53.442 I/HBD     ( 5492): a currentState : 0 
04-09 05:42:53.443 I/HBD     ( 5492): h load selected json info : {"version":"1.0","currentLanguageOrder":0,"selected":[{"activeOptionList":["spell_check"],"engName":"Arabic","id":5308416,"inputType":"qwerty","isUsed":true},{"activeOptionList":["spell_check"],"engName":"English","id":65537,"inputType":"qwerty","isUsed":true}]} 
04-09 05:42:53.443 I/HBD     ( 5492): a [UpdatePolicy] [post] a: 0 cl: 5308416 kit: [0/0] vt: 0 ir: 1 
04-09 05:42:53.444 I/HBD     ( 5492): HoneyBoardService [PF_OP][onStartInput]  10664999 ns 
04-09 05:42:53.449 I/BadgeRenderer( 2346): Invalid count : 0
04-09 05:42:53.449 I/BadgeRenderer( 2346): Invalid count : 0
04-09 05:42:53.449 I/BadgeRenderer( 2346): Invalid count : 0
--------- beginning of system
04-09 05:42:53.458 D/ActivityTaskManager( 1004): getRecentPairTasks() maxNum :3 from 10099
04-09 05:42:53.459 D/RecentTaskItemController( 1004): user 150 is skipped. It's a knox excluded user id
04-09 05:42:53.459 D/RecentTaskItemController( 1004): getRecentPairTasksImpl() maxNum :3 from 10099
04-09 05:42:53.461 I/c.android.sdhm( 4606): Background concurrent copying GC freed 120687(4727KB) AllocSpace objects, 51(1428KB) LOS objects, 54% free, 5181KB/11MB, paused 178us total 109.714ms
04-09 05:42:53.464 I/WindowManager( 1004): Reparenting to original parent: Surface(name=DefaultTaskDisplayArea)/@0x1f65cd7, destroy=true, surface=Surface(name=Task=6972)/@0x79ab9a9
04-09 05:42:53.465 I/SurfaceControl( 1004): nativeRelease nativeObject s[-5476376643753374864]
04-09 05:42:53.465 I/SurfaceControl( 1004): nativeRelease nativeObject e[-5476376643753374864]
04-09 05:42:53.465 V/WindowManager( 1004): Setting visibility of Window{820405f u0 com.android.systemui/com.android.systemui.usb.UsbDebuggingActivity EXITING}: false, caller=com.android.server.wm.WindowContainer.sendAppVisibilityToClients:1004 com.android.server.wm.ActivityRecord.setClientVisible:6391 com.android.server.wm.ActivityRecord.onAnimationFinished:7143 com.android.server.wm.WindowContainer.doAnimationFinished:2626 com.android.server.wm.WindowContainer.onAnimationFinished:2635 
04-09 05:42:53.481 I/Layer   (  873): id=55699 removeFromCurrentState Surface(name=Task=6972)/@0x79ab9a9 - animation-leash#0 (74)
04-09 05:42:53.481 I/SurfaceFlinger(  873): id=55699 Removed Surface(name=Task=6972)/@0x79ab9a9 - animation-leash#0 (74)
04-09 05:42:53.483 D/ActivityTaskManager( 1004): finishFixedRotationTransform, r=ActivityRecord{dccb64 u0 com.sec.android.app.launcher/.activities.LauncherActivity t6085}, caller=com.android.server.wm.WindowToken.finishFixedRotationTransform:664 com.android.server.wm.DisplayContent$FixedRotationTransitionListener.onAppTransitionFinishedLocked:7025 com.android.server.wm.AppTransition.notifyAppTransitionFinishedLocked:552 com.android.server.wm.DisplayContent.handleAnimatingStoppedAndTransition:5836 com.android.server.wm.RootWindowContainer.checkAppTransitionReady:1266 
04-09 05:42:53.484 D/SurfaceFlinger(  873): Display 19261213734341249 HWC layers:
04-09 05:42:53.484 D/SurfaceFlinger(  873):      DEVICE | 0xb400006f3adda4d0 | 0002 | RGBx_8888    |  660.0    0.0 1740.0 2400.0 |    0    0 1080 2400 | com.android.systemui.ImageWallpaper$_2046#0
04-09 05:42:53.484 D/SurfaceFlinger(  873):      DEVICE | 0xb400006f3adde4f0 | 0000 | RGBA_8888    |    0.0    0.0 1080.0 2400.0 |    0    0 1080 2400 | com.sec.android.app.launcher/com.sec[...].activities.LauncherActivity$_2346#0
04-09 05:42:53.484 D/SurfaceFlinger(  873):  SOLID_COLOR |              | 0000 |  Unknown  |    0.0    0.0    0.0    0.0 |    0    0 1080 2400 | Dim Layer for - DisplayArea.Root#0
04-09 05:42:53.484 D/SurfaceFlinger(  873):      DEVICE | 0xb400006f3add80d0 | 0000 | RGBA_8888    |    0.0    0.0 1080.0   76.0 |    0    0 1080   76 | StatusBar$_2046#0
04-09 05:42:53.484 D/SurfaceFlinger(  873):      DEVICE | 0xb400006f3addba30 | 0000 | RGBA_8888    |    0.0    0.0 1080.0  126.0 |    0 2274 1080 2400 | NavigationBar0$_2046#0
04-09 05:42:53.484 D/SurfaceFlinger(  873):      DEVICE | 0xb400006f3addbb50 | 0000 | RGBA_8888    |    0.0    0.0 1080.0  181.0 |    0    0 1080  181 | ScreenDecorOverlay$_2046#0
04-09 05:42:53.484 D/SurfaceFlinger(  873):      DEVICE | 0xb400006f3add8160 | 0000 | RGBA_8888    |    0.0    0.0 1080.0  181.0 |    0 2219 1080 2400 | Scree
04-09 05:42:53.484 D/SurfaceFlinger(  873): nDecorOverlayBottom$_2046#0
04-09 05:42:53.484 D/SurfaceFlinger(  873): 
04-09 05:42:53.485 W/Launcher( 2346): onEnterAnimationComplete
04-09 05:42:53.489 W/System  ( 4606): A resource failed to call close. 
04-09 05:42:53.490 W/System  ( 4606): A resource failed to call close. 
04-09 05:42:53.491 W/System  ( 4606): A resource failed to call close. 
04-09 05:42:53.491 W/System  ( 4606): A resource failed to call close. 
04-09 05:42:53.491 W/System  ( 4606): A resource failed to call close. 
04-09 05:42:53.491 W/System  ( 4606): A resource failed to call close. 
04-09 05:42:53.492 W/System  ( 4606): A resource failed to call close. 
04-09 05:42:53.492 W/System  ( 4606): A resource failed to call close. 
04-09 05:42:53.492 W/System  ( 4606): A resource failed to call close. 
04-09 05:42:53.492 W/System  ( 4606): A resource failed to call close. 
04-09 05:42:53.492 W/System  ( 4606): A resource failed to call close. 
04-09 05:42:53.492 W/System  ( 4606): A resource failed to call close. 
04-09 05:42:53.493 W/System  ( 4606): A resource failed to call close. 
04-09 05:42:53.493 W/System  ( 4606): A resource failed to call close. 
04-09 05:42:53.493 W/System  ( 4606): A resource failed to call close. 
04-09 05:42:53.493 W/System  ( 4606): A resource failed to call close. 
04-09 05:42:53.493 W/System  ( 4606): A resource failed to call close. 
04-09 05:42:53.493 W/System  ( 4606): A resource failed to call close. 
04-09 05:42:53.493 W/System  ( 4606): A resource failed to call close. 
04-09 05:42:53.494 W/System  ( 4606): A resource failed to call close. 
04-09 05:42:53.494 W/System  ( 4606): A resource failed to call close. 
04-09 05:42:53.497 I/Layer   (  873): id=55699[1] Destroyed Surface(name=Task=6972)/@0x79ab9a9 - animation-leash#0
04-09 05:42:53.500 D/SurfaceFlinger(  873): Display 19261213734341249 HWC layers:
04-09 05:42:53.500 D/SurfaceFlinger(  873):      DEVICE | 0xb400006f3adda4d0 | 0002 | RGBx_8888    |  660.0    0.0 1740.0 2400.0 |    0    0 1080 2400 | com.android.systemui.ImageWallpaper$_2046#0
04-09 05:42:53.500 D/SurfaceFlinger(  873):      DEVICE | 0xb400006f3adde4f0 | 0000 | RGBA_8888    |    0.0    0.0 1080.0 2400.0 |    0    0 1080 2400 | com.sec.android.app.launcher/com.sec[...].activities.LauncherActivity$_2346#0
04-09 05:42:53.500 D/SurfaceFlinger(  873):      DEVICE | 0xb400006f3add80d0 | 0000 | RGBA_8888    |    0.0    0.0 1080.0   76.0 |    0    0 1080   76 | StatusBar$_2046#0
04-09 05:42:53.500 D/SurfaceFlinger(  873):      DEVICE | 0xb400006f3addba30 | 0000 | RGBA_8888    |    0.0    0.0 1080.0  126.0 |    0 2274 1080 2400 | NavigationBar0$_2046#0
04-09 05:42:53.500 D/SurfaceFlinger(  873):      DEVICE | 0xb400006f3addbb50 | 0000 | RGBA_8888    |    0.0    0.0 1080.0  181.0 |    0    0 1080  181 | ScreenDecorOverlay$_2046#0
04-09 05:42:53.500 D/SurfaceFlinger(  873):      DEVICE | 0xb400006f3add8160 | 0000 | RGBA_8888    |    0.0    0.0 1080.0  181.0 |    0 2219 1080 2400 | ScreenDecorOverlayBottom$_2046#0
04-09 05:42:53.500 D/SurfaceFlinger(  873): 
04-09 05:42:53.544 I/io_stats(  621): !@   8,0 r 17068805 495818888 w 8523503 271351992 d 1455705 189219920 f 1855591 2745068 iot 12866720 11381367 th 102400 102400 64868 pt 6270 inp 0 3 419865.953
04-09 05:42:53.549 D/PackageManager( 1004): setEnabledSetting : userId = 0 packageName = com.grammarly.android.keyboard cmp = androidx.work.impl.background.systemalarm.RescheduleReceiver newState = 1 callingPackage = 10515/com.grammarly.android.keyboard
04-09 05:42:53.559 D/ConnectivityService( 1004): requestNetwork for uid/pid:10515/24560 NetworkRequest [ TRACK_DEFAULT id=13554, [ Capabilities: INTERNET&NOT_RESTRICTED&TRUSTED Uid: 10515 AdministratorUids: [] RequestorUid: 10515 RequestorPackageName: com.grammarly.android.keyboard] ]
04-09 05:42:53.559 D/ConnectivityService( 1004): NetReassign [13554 : null ?? 754]
04-09 05:42:53.559 D/WIFI_AWARE_FACTORY( 1004): got request NetworkRequest [ TRACK_DEFAULT id=13554, [ Capabilities: INTERNET&NOT_RESTRICTED&TRUSTED Uid: 10515 AdministratorUids: [] RequestorUid: 10515 RequestorPackageName: com.grammarly.android.keyboard] ] with score 60 and providerId 6
04-09 05:42:53.559 D/WifiNetworkFactory( 1004): got request NetworkRequest [ TRACK_DEFAULT id=13554, [ Capabilities: INTERNET&NOT_RESTRICTED&TRUSTED Uid: 10515 AdministratorUids: [] RequestorUid: 10515 RequestorPackageName: com.grammarly.android.keyboard] ] with score 60 and providerId 6
04-09 05:42:53.559 D/UntrustedWifiNetworkFactory( 1004): got request NetworkRequest [ TRACK_DEFAULT id=13554, [ Capabilities: INTERNET&NOT_RESTRICTED&TRUSTED Uid: 10515 AdministratorUids: [] RequestorUid: 10515 RequestorPackageName: com.grammarly.android.keyboard] ] with score 60 and providerId 6
04-09 05:42:53.560 D/Ethernet( 1004): got request NetworkRequest [ TRACK_DEFAULT id=13554, [ Capabilities: INTERNET&NOT_RESTRICTED&TRUSTED Uid: 10515 AdministratorUids: [] RequestorUid: 10515 RequestorPackageName: com.grammarly.android.keyboard] ] with score 60 and providerId 6
04-09 05:42:53.560 D/PhoneSwitcherNetworkRequstListener( 2039): got request NetworkRequest [ TRACK_DEFAULT id=13554, [ Capabilities: INTERNET&NOT_RESTRICTED&TRUSTED Uid: 10515 AdministratorUids: [] RequestorUid: 10515 RequestorPackageName: com.grammarly.android.keyboard] ] with score 60 and providerId 6
04-09 05:42:53.562 I/bauth_FPBAuthService( 1207): pcf : 0x1011, 0 ,3 ,2 ,1 ,1 ,0, 5.1.0.0
04-09 05:42:53.562 E/bauth_FPBAuthService( 1207): skip cleanup here 2
04-09 05:42:53.562 I/bauth_FPBAuthService( 1207): thread id : 3, preenroll_flag : 0, nd cnt : 0, cso : 0, et : 0
04-09 05:42:53.562 I/bauth_FPBAuthService( 1207): FPBAuthService, 11607
04-09 05:42:53.577 I/id.app.launche( 2346): NativeAlloc concurrent copying GC freed 21066(941KB) AllocSpace objects, 0(0B) LOS objects, 49% free, 7249KB/14MB, paused 180us total 144.326ms
04-09 05:42:53.582 I/WindowManager( 1004): Reparenting to original parent: Surface(name=DisplayArea.Root)/@0xb7939c4, destroy=true, surface=Surface(name=Dim Layer for - DisplayArea.Root)/@0x45bdc57
04-09 05:42:53.582 I/SurfaceControl( 1004): nativeRelease nativeObject s[-5476376643758962688]
04-09 05:42:53.582 I/SurfaceControl( 1004): nativeRelease nativeObject e[-5476376643758962688]
04-09 05:42:53.582 I/SurfaceControl( 1004): nativeRelease nativeObject s[-5476376643758197616]
04-09 05:42:53.582 I/SurfaceControl( 1004): nativeRelease nativeObject e[-5476376643758197616]
04-09 05:42:53.599 I/Layer   (  873): id=55694 removeFromCurrentState Dim Layer for - DisplayArea.Root#0 (73)
04-09 05:42:53.599 I/Layer   (  873): id=55700 removeFromCurrentState Surface(name=Dim Layer for - DisplayArea.Root)/@0x45bdc57 - animation-leash#0 (73)
04-09 05:42:53.599 I/SurfaceFlinger(  873): id=55694 Removed Dim Layer for - DisplayArea.Root#0 (73)
04-09 05:42:53.599 I/SurfaceFlinger(  873): id=55700 Removed Surface(name=Dim Layer for - DisplayArea.Root)/@0x45bdc57 - animation-leash#0 (73)
04-09 05:42:53.615 I/Layer   (  873): id=55700[1] Destroyed Surface(name=Dim Layer for - DisplayArea.Root)/@0x45bdc57 - animation-leash#0
04-09 05:42:53.615 I/Layer   (  873): id=55694[1] Destroyed Dim Layer for - DisplayArea.Root#0
04-09 05:42:53.623 D/NetworkController.SecMobileSignalController(1/8)( 2046): onSignalStrengthsChanged level=3
04-09 05:42:53.623 D/MobileSignalIconsSelector( 2046): getDataIconGroup(): 13
04-09 05:42:53.699 I/WindowManager( 1004): Reparenting to original parent: Surface(name=ActivityRecord{d23b6a2 u0 com.android.systemui/.usb.UsbDebuggingActivity t6972})/@0x16986f4, destroy=true, surface=Surface(name=820405f com.android.systemui/com.android.systemui.usb.UsbDebuggingActivity)/@0x84fe0c7
04-09 05:42:53.699 I/SurfaceControl( 1004): nativeRelease nativeObject s[-5476376643758163648]
04-09 05:42:53.699 I/SurfaceControl( 1004): nativeRelease nativeObject e[-5476376643758163648]
04-09 05:42:53.700 E/WindowManager( 1004): win=Window{820405f u0 com.android.systemui/com.android.systemui.usb.UsbDebuggingActivity EXITING} destroySurfaces: appStopped=false win.mWindowRemovalAllowed=true win.mRemoveOnExit=true win.mViewVisibility=0 caller=com.android.server.wm.ActivityRecord.destroySurfaces:5251 com.android.server.wm.ActivityRecord.destroySurfaces:5232 com.android.server.wm.WindowState.onExitAnimationDone:5654 com.android.server.wm.WindowStateAnimator.onAnimationFinished:332 com.android.server.wm.WindowState.onAnimationFinished:6119 com.android.server.wm.-$$Lambda$dwJG8BAnLlvKNGuDY9U3-haNY4M.onAnimationFinished:2 com.android.server.wm.SurfaceAnimator.lambda$getFinishedCallback$0$SurfaceAnimator:112 
04-09 05:42:53.701 I/WindowManager( 1004): Destroying surface Surface(name=com.android.systemui/com.android.systemui.usb.UsbDebuggingActivity$_2046)/@0x2bd4ea7 called by com.android.server.wm.WindowStateAnimator.destroySurface:1794 com.android.server.wm.WindowStateAnimator.destroySurfaceLocked:765 com.android.server.wm.WindowState.destroySurfaceUnchecked:3949 com.android.server.wm.WindowState.destroySurface:3923 com.android.server.wm.ActivityRecord.destroySurfaces:5251 com.android.server.wm.ActivityRecord.destroySurfaces:5232 com.android.server.wm.WindowState.onExitAnimationDone:5654 com.android.server.wm.WindowStateAnimator.onAnimationFinished:332 
04-09 05:42:53.701 I/SurfaceControl( 1004): nativeRelease nativeObject s[-5476376643753356912]
04-09 05:42:53.701 I/SurfaceControl( 1004): nativeRelease nativeObject e[-5476376643753356912]
04-09 05:42:53.701 I/Layer   (  873): id=55691 removeFromCurrentState com.android.systemui/com.android.systemui.usb.UsbDebuggingActivity$_2046#0 (71)
04-09 05:42:53.701 I/SurfaceControl( 1004): nativeRelease nativeObject s[-5476376643753931904]
04-09 05:42:53.701 I/SurfaceControl( 1004): nativeRelease nativeObject e[-5476376643753931904]
04-09 05:42:53.701 D/WindowManager( 1004): isScreenshotDisabledLocked - win: Window{820405f u0 com.android.systemui/com.android.systemui.usb.UsbDebuggingActivity}
04-09 05:42:53.701 D/WindowManager( 1004): isScreenshotDisabledLocked: userId = 0, disabled =false
04-09 05:42:53.704 I/Layer   (  873): id=55690 removeFromCurrentState 820405f com.android.systemui/com.android.systemui.usb.UsbDebuggingActivity#0 (71)
04-09 05:42:53.704 I/Layer   (  873): id=55701 removeFromCurrentState Surface(name=820405f com.android.systemui/com.android.systemui.usb.UsbDebuggingActivity)/@0x84fe0c7 - animation-leash#0 (71)
04-09 05:42:53.704 I/SurfaceFlinger(  873): id=55690 Removed 820405f com.android.systemui/com.android.systemui.usb.UsbDebuggingActivity#0 (71)
04-09 05:42:53.704 I/SurfaceFlinger(  873): id=55701 Removed Surface(name=820405f com.android.systemui/com.android.systemui.usb.UsbDebuggingActivity)/@0x84fe0c7 - animation-leash#0 (71)
04-09 05:42:53.705 I/SurfaceFlinger(  873): id=55691 Removed com.android.systemui/com.android.systemui.usb.UsbDebuggingActivity$_2046#0 (71)
04-09 05:42:53.705 I/SurfaceControl( 1004): nativeRelease nativeObject s[-5476376643751770096]
04-09 05:42:53.705 I/SurfaceControl( 1004): nativeRelease nativeObject e[-5476376643751770096]
04-09 05:42:53.705 I/SurfaceControl( 1004): nativeRelease nativeObject s[-5476376643752487296]
04-09 05:42:53.705 I/SurfaceControl( 1004): nativeRelease nativeObject e[-5476376643752487296]
04-09 05:42:53.707 I/Layer   (  873): id=55689 removeFromCurrentState ActivityRecord{d23b6a2 u0 com.android.systemui/.usb.UsbDebuggingActivity t6972}#0 (71)
04-09 05:42:53.707 I/Layer   (  873): id=55688 removeFromCurrentState Task=6972#0 (71)
04-09 05:42:53.708 I/SurfaceFlinger(  873): id=55689 Removed ActivityRecord{d23b6a2 u0 com.android.systemui/.usb.UsbDebuggingActivity t6972}#0 (71)
04-09 05:42:53.708 I/SurfaceFlinger(  873): id=55688 Removed Task=6972#0 (71)
04-09 05:42:53.715 I/Layer   (  873): id=55688[1] Destroyed Task=6972#0
04-09 05:42:53.716 I/Layer   (  873): id=55689[1] Destroyed ActivityRecord{d23b6a2 u0 com.android.systemui/.usb.UsbDebuggingActivity t6972}#0
04-09 05:42:53.716 I/Layer   (  873): id=55701[1] Destroyed Surface(name=820405f com.android.systemui/com.android.systemui.usb.UsbDebuggingActivity)/@0x84fe0c7 - animation-leash#0
04-09 05:42:53.716 I/Layer   (  873): id=55690[1] Destroyed 820405f com.android.systemui/com.android.systemui.usb.UsbDebuggingActivity#0
04-09 05:42:53.716 I/Layer   (  873): id=55691[1] Destroyed com.android.systemui/com.android.systemui.usb.UsbDebuggingActivity$_2046#0
04-09 05:42:53.725 I/WM-WorkerWrapper(24560): Worker result SUCCESS for Work [ id=d445c9c5-d25f-45b6-a11b-bd6571962992, tags={ com.grammarly.dbq.android.DbqWorker, DbqWorker } ]
04-09 05:42:53.727 D/ConnectivityService( 1004): releasing NetworkRequest [ TRACK_DEFAULT id=13554, [ Capabilities: INTERNET&NOT_RESTRICTED&TRUSTED Uid: 10515 AdministratorUids: [] RequestorUid: 10515 RequestorPackageName: com.grammarly.android.keyboard] ] (release request)
04-09 05:42:53.754 I/ndroid.systemu( 2046): NativeAlloc concurrent copying GC freed 25082(1503KB) AllocSpace objects, 2(40KB) LOS objects, 49% free, 17MB/35MB, paused 230us total 389.269ms
04-09 05:42:53.755 W/JavaBinder( 2046): BinderProxy is being destroyed but the application did not call unlinkToDeath to unlink all of its death recipients beforehand.  Releasing leaked death recipient: com.android.systemui.qs.external.TileLifecycleManager
04-09 05:42:53.755 I/BpBinder( 2046): onLastStrongRef automatically unlinking death recipients: <uncached descriptor>
04-09 05:42:53.784 V/NetworkPolicy( 1004): updateNotificationsNL() - totalBytes : 0, policy : NetworkPolicy{template=NetworkTemplate: matchRule=MOBILE, subscriberId=602030..., matchSubscriberIds=[602030...] cycleRule=RecurrenceRule{start=2023-01-01T00:00+02:00[Africa/Cairo] end=null period=P1M} warningBytes=2000000000 limitBytes=-1 lastWarningSnooze=1702921413400 lastLimitSnooze=-1 lastRapidSnooze=-1 metered=true inferred=true}, CallingUID: 1000
04-09 05:42:53.785 V/NetworkPolicy( 1004): updateNotificationsNL() - totalBytes : 320706367, policy : NetworkPolicy{template=NetworkTemplate: matchRule=MOBILE, subscriberId=602023..., matchSubscriberIds=[602023...] cycleRule=RecurrenceRule{start=2022-01-01T00:00+02:00[Africa/Cairo] end=null period=P1M} warningBytes=-1 limitBytes=-1 lastWarningSnooze=-1 lastLimitSnooze=-1 lastRapidSnooze=-1 metered=true inferred=false}, CallingUID: 1000
04-09 05:42:53.838 V/NetworkPolicy( 1004): updateNotificationsNL() - totalBytes : 0, policy : NetworkPolicy{template=NetworkTemplate: matchRule=MOBILE, subscriberId=602030..., matchSubscriberIds=[602030...] cycleRule=RecurrenceRule{start=2023-01-01T00:00+02:00[Africa/Cairo] end=null period=P1M} warningBytes=2000000000 limitBytes=-1 lastWarningSnooze=1702921413400 lastLimitSnooze=-1 lastRapidSnooze=-1 metered=true inferred=true}, CallingUID: 1000
04-09 05:42:53.840 V/NetworkPolicy( 1004): updateNotificationsNL() - totalBytes : 320706367, policy : NetworkPolicy{template=NetworkTemplate: matchRule=MOBILE, subscriberId=602023..., matchSubscriberIds=[602023...] cycleRule=RecurrenceRule{start=2022-01-01T00:00+02:00[Africa/Cairo] end=null period=P1M} warningBytes=-1 limitBytes=-1 lastWarningSnooze=-1 lastLimitSnooze=-1 lastRapidSnooze=-1 metered=true inferred=false}, CallingUID: 1000
04-09 05:42:53.854 I/HYPER-HAL(  780): [ResourceManager.cpp]removeResource(): [CPUMinFreq] RemoveResource Request ID : 538236
04-09 05:42:53.855 I/HYPER-HAL(  780): [RequestManager.cpp]releaseLocked(): Released ID : 538236
04-09 05:42:53.884 I/SemDvfsHyPerManager( 1004): acquire hyper - WIFI_CSTATE/1004@12, type = 268447744
04-09 05:42:53.885 I/HYPER-HAL(  780): [RequestManager.cpp]acquire(): Acquired ID : 516648  [1004 / 12]    HINT :      list : [LPMDisable / 1] [TIMEOUT / 2000] 
04-09 05:42:53.898 I/system_server( 1004): Background young concurrent copying GC freed 166110(10MB) AllocSpace objects, 212(8784KB) LOS objects, 14% free, 105MB/122MB, paused 640us total 139.249ms
04-09 05:42:54.425 D/SemGameManager( 1004): getGMSBinder(), begin
04-09 05:42:54.426 D/SemGameManager( 1004): getGMSBinder(), successful: true
04-09 05:42:54.426 D/GameManagerService( 1004): identifyGamePackage. com.sec.android.app.launcher, mCurrentUserId: 0, callerUserId: 0
04-09 05:42:54.427 D/PkgDataHelper( 1004): getGamePkgData(). com.sec.android.app.launcher
04-09 05:42:54.562 I/bauth_FPBAuthService( 1207): pcf : 0x1011, 0 ,3 ,2 ,1 ,1 ,0, 5.1.0.0
04-09 05:42:54.562 E/bauth_FPBAuthService( 1207): skip cleanup here 2
04-09 05:42:54.562 I/bauth_FPBAuthService( 1207): thread id : 3, preenroll_flag : 0, nd cnt : 0, cso : 0, et : 0
04-09 05:42:54.563 I/bauth_FPBAuthService( 1207): FPBAuthService, 11607
04-09 05:42:54.674 D/SamsungAlarmManager( 1004): Cancel Alarm calling from uid:10038 pid :23218 / OP:PendingIntent{e336b9f: PendingIntentRecord{6d0c188 com.google.android.gms/com.google.android.gms.container startService}}
04-09 05:42:54.681 I/SamsungAlarmManager( 1004): setLocked to kernel - T:2 / 20240409T054321, set=1140491576, now=1140464392
04-09 05:42:54.684 I/SamsungAlarmManager( 1004): setLocked to kernel - T:3 / 20240409T054300, set=1140469711, now=1140464395
04-09 05:42:54.831 I/SDHMS:F ( 4606): -99 > surface_temperature_0
04-09 05:42:54.834 I/SDHMS:F ( 4606): writeSysfs:: path() : /sys/class/audio/amp/surface_temperature_0 exist() : false canWrite() : false
04-09 05:42:54.834 I/SDHMS:F ( 4606): -99 > surface_temperature_1
04-09 05:42:54.835 I/SDHMS:F ( 4606): writeSysfs:: path() : /sys/class/audio/amp/surface_temperature_1 exist() : false canWrite() : false
04-09 05:42:54.835 I/SDHMS:F ( 4606): SIOP:: AP:378(490,50) BAT:349(349,0) CHG:529(529,0) PA:417(417,0) WIFI:445(445,0) 
04-09 05:42:54.888 I/SemDvfsHyPerManager( 1004): acquire hyper - WIFI_CSTATE/1004@12, type = 268447744
04-09 05:42:54.889 I/HYPER-HAL(  780): [RequestManager.cpp]acquire(): Acquired ID : 516648  [1004 / 12]    HINT :      list : [LPMDisable / 1] [TIMEOUT / 2000] 
04-09 05:42:54.944 I/InputReader( 1004): Touch event's action is 0x0 (id=3, t=0) [pCnt=1, s=0.35781 ] when=419867.353447
04-09 05:42:54.945 D/PowerManagerService( 1004): [api] userActivity : event: 0 flags: 0 (uid: 1000 pid: 1004) eventTime = 419867353
04-09 05:42:54.947 D/InputDispatcher( 1004): Inject motion (0): action=0x0, time=419867353447000, f=0x0, d=0
04-09 05:42:54.948 I/InputDispatcher( 1004): Delivering touch to (2046): action: 0x4, f=0x0, d=0, 'cc28427', t=1 
04-09 05:42:54.949 I/InputDispatcher( 1004): Delivering touch to (2346): action: 0x0, f=0x0, d=0, '4bfc8c2', t=1 
04-09 05:42:54.954 I/ViewRootImpl@888ac38[LauncherActivity]( 2346): ViewPostIme pointer 0
04-09 05:42:54.955 W/BaseDragLayer( 2346): dispatchTouchEvent, ACTION_DOWN - mTouchDispatchState = 9
04-09 05:42:54.955 W/StatusBarController( 2346): onControllerInterceptTouchEvent return false by setting value
04-09 05:42:54.955 W/BaseDragLayer( 2346): findActiveController return false mTouchDispatchState = 9
04-09 05:42:54.957 I/AppStartUtils( 2346): isUserUnlocked : true, isUserQuiet : false
04-09 05:42:54.957 W/AppStartUtils( 2346): sendActiveLaunchBroadcast() v.hasOnClickListeners() : true, iconInfo : AppInfo(id=355 type=APP hidden=0 container=all_apps screen=0 rank=8 user=UserHandle{0} title=BBC componentName=ComponentInfo{bbc.mobile.news.ww/com.mobile.MainActivity} screenType=0)
04-09 05:42:54.958 I/FastBitmapDrawable( 2346): animatePress : true  immediate : false invalidate : true
04-09 05:42:54.959 E/ActivityTaskManager( 1004): Checking for the Active launch isDataCleared :true, isAutoRunBlocked : false
04-09 05:42:55.019 I/InputReader( 1004): Touch event's action is 0x1 (id=3, t=0) [pCnt=1, s=] when=419867.429115
04-09 05:42:55.022 D/PowerManagerService( 1004): [api] userActivity : event: 0 flags: 0 (uid: 1000 pid: 1004) eventTime = 419867429
04-09 05:42:55.024 D/InputDispatcher( 1004): Inject motion (0): action=0x1, time=419867429115000, f=0x0, d=0
04-09 05:42:55.027 I/InputDispatcher( 1004): Delivering touch to (2346): action: 0x1, f=0x0, d=0, '4bfc8c2', t=1 
04-09 05:42:55.027 I/ViewRootImpl@888ac38[LauncherActivity]( 2346): ViewPostIme pointer 1
04-09 05:42:55.027 W/StatusBarController( 2346): onControllerInterceptTouchEvent return false by setting value
04-09 05:42:55.027 W/TaskViewTouchController( 2346): onControllerInterceptTouchEvent, clearState.
04-09 05:42:55.027 W/BaseDragLayer( 2346): findActiveController return false mTouchDispatchState = 0
04-09 05:42:55.028 I/FastBitmapDrawable( 2346): animatePress : false  immediate : true invalidate : false
04-09 05:42:55.029 W/ItemClickHandler( 2346): Icon Clicked
04-09 05:42:55.029 I/SemDvfsHyPerManager( 2346): acquire hyper - APP_LAUNCH/2346@0, type = -999
04-09 05:42:55.031 D/AudioTrack( 1004): setVolume(0.900000, 0.900000) pid : 1004
04-09 05:42:55.031 I/HYPER-HAL(  780): [RequestManager.cpp]acquire(): Acquired ID : 2753031  [2346 / 0]    HINT : APP_LAUNCH    list : 
04-09 05:42:55.031 I/AF::Track(  849): setMixerOutConfig return default condition, mixer key 2002, thread key 2002
04-09 05:42:55.032 I/HYPER-HAL(  780): [ResourceManager.cpp]updateResource(): [CPULittleMinFreq] UpdateResource Request ID : 2753031    Value : 1708800
04-09 05:42:55.032 V/APM_AudioPolicyManager(  849): startOutput portId 9829
04-09 05:42:55.032 V/APM_AudioPolicyManager(  849): startOutput() output 29, stream 1, session 78417
04-09 05:42:55.032 V/APM_AudioPolicyManager(  849): setBeaconMute(1) mBeaconMuteRefCount=1 mBeaconPlayingRefCount=0
04-09 05:42:55.032 V/APM_AudioPolicyManager(  849): selectOutputForMusicEffects selected output 13
04-09 05:42:55.032 V/APM_AudioPolicyManager(  849): getNewOutputDevices selected devices {type:0x2,@:}
04-09 05:42:55.032 V/APM_AudioPolicyManager(  849): setOutputDevices device {type:0x2,@:} delayMs 0
04-09 05:42:55.032 V/APM_AudioPolicyManager(  849): setOutputDevices() prevDevice {type:0x2,@:}
04-09 05:42:55.032 V/APM_AudioPolicyManager(  849): setOutputDevices: suppressing checkDeviceMuteStrategies
04-09 05:42:55.032 V/APM_AudioPolicyManager(  849): setOutputDevices setting same device {type:0x2,@:} or null device, force=0, patch handle=27
04-09 05:42:55.032 V/APM_AudioPolicyManager(  849): computeVolume: stream 1, index 0, volume 0.000000, deviceTypes 0x2
04-09 05:42:55.032 I/SemDvfsHyPerManager( 4606): acquire hyper - com.sec.android.sdhms/4606@12, type = -999
04-09 05:42:55.034 I/system_server( 1004): oneway function results will be dropped but finished with status OK and parcel size 4
04-09 05:42:55.041 I/HYPER-HAL(  780): [ResourceManager.cpp]updateResource(): [CPUMinFreq] UpdateResource Request ID : 2753031    Value : 2016000
04-09 05:42:55.041 I/HYPER-HAL(  780): [RequestManager.cpp]acquire(): Acquired ID : 10665283  [4606 / 12]    HINT : APP_START    list : 
04-09 05:42:55.042 I/HYPER-HAL(  780): [ResourceManager.cpp]updateResource(): [CPUMaxFreq] UpdateResource Request ID : 10665283    Value : 2016000
04-09 05:42:55.044 I/ActivityTaskManager( 1004): START u0 {act=android.intent.action.MAIN cat=[android.intent.category.LAUNCHER] flg=0x10200000 cmp=bbc.mobile.news.ww/com.mobile.MainActivity bnds=[644,586][840,898]} from uid 10099
04-09 05:42:55.045 D/ActivityTaskManager( 1004): TaskLaunchParamsModifier:task=null activity=ActivityRecord{81f1eb1 u0 bbc.mobile.news.ww/com.mobile.MainActivity display-area-from-source=DefaultTaskDisplayArea@227044774 task-display-area=DefaultTaskDisplayArea@227044774 display-area-windowing-mode=1
04-09 05:42:55.045 D/ActivityTaskManager( 1004): TaskLaunchParamsModifier:task=null activity=ActivityRecord{81f1eb1 u0 bbc.mobile.news.ww/com.mobile.MainActivity t-1} display-area-from-source=DefaultTaskDisplayArea@227044774 task-display-area=DefaultTaskDisplayArea@227044774 display-area-windowing-mode=1 inherit-from-source=fullscreen activity-options-fullscreen=Rect(0, 0 - 0, 0) non-freeform-display maximized-bounds
04-09 05:42:55.045 I/SemDvfsHyPerManager( 1004): acquire hyper - AMS_APP_SWITCH/1004@25, type = -999
04-09 05:42:55.046 D/DexPreloader( 1004): create a new DexPreloadTask pkg:bbc.mobile.news.ww  path:/data/app/~~hlNfL0yBlsEx175RgP3e1Q==/bbc.mobile.news.ww-sLVKrTcCS_Zis1pnbK3DHg==
04-09 05:42:55.046 I/HYPER-HAL(  780): [RequestManager.cpp]acquire(): Acquired ID : 529960  [1004 / 25]    HINT : AMS_APP_SWITCH    list : 
04-09 05:42:55.046 I/SurfaceFlinger(  873): id=55703 createSurf (0x0),-1 flag=24004, Task=6973#0
04-09 05:42:55.046 I/HYPER-HAL(  780): [ResourceManager.cpp]updateResource(): [CPULittleMinFreq] UpdateResource Request ID : 529960    Value : 1708800
04-09 05:42:55.047 D/ActivityManagerPerformance( 1004): AMP_acquire() APP_SWITCH
04-09 05:42:55.048 D/DexPreloader( 1004): /data/app/~~hlNfL0yBlsEx175RgP3e1Q==/bbc.mobile.news.ww-sLVKrTcCS_Zis1pnbK3DHg==/oat/arm64/base.art is already preloaded
04-09 05:42:55.048 D/ActivityTaskManager( 1004): TaskLaunchParamsModifier:task=Task{f182717 #6973 visible=false type=standard mode=fullscreen translucent=true A=10519:bbc.mobile.news.ww U=0 StackId=6973 sz=0} activity=ActivityRecord{81f1eb1 u0 bbc.mobile.news.ww/com.mobile.MainActivity t-1} display-from-task=0 task-display-area=DefaultTaskDisplayArea@227044774 display-area-windowing-mode=1 inherit-from-source=fullscreen activity-options-fullscreen=Rect(0, 0 - 0, 0) non-freeform-display maximized-bounds
04-09 05:42:55.048 I/SemDvfsHyPerManager( 4606): acquire hyper - com.sec.android.sdhms/4606@12, type = -999
04-09 05:42:55.048 I/SurfaceFlinger(  873): id=55704 createSurf (0x0),-1 flag=80004, ActivityRecord{81f1eb1 u0 bbc.mobile.news.ww/com.mobile.MainActivity t6973}#0
04-09 05:42:55.051 I/HYPER-HAL(  780): [ResourceManager.cpp]updateResource(): [CPUMinFreq] UpdateResource Request ID : 529960    Value : 2016000
04-09 05:42:55.051 V/WindowManager( 1004): Prepare app transition: transit=TRANSIT_TASK_OPEN mNextAppTransition=TRANSIT_UNSET alwaysKeepCurrent=false displayId=0 Callers=com.android.server.wm.DisplayContent.prepareAppTransition:5809 com.android.server.wm.DisplayContent.prepareAppTransition:5803 com.android.server.wm.ActivityStack.startActivityLocked:2595 com.android.server.wm.ActivityStarter.startActivityInner:2678 com.android.server.wm.ActivityStarter.startActivityUnchecked:2201 
04-09 05:42:55.051 V/WindowManager( 1004): rotationForOrientation(orient=SCREEN_ORIENTATION_UNSPECIFIED (-1), last=ROTATION_0 (0)); user=ROTATION_0 (0) USER_ROTATION_LOCKED
04-09 05:42:55.051 D/WindowManager( 1004): rotationForOrientation, orientationSource=ActivityRecord{dccb64 u0 com.sec.android.app.launcher/.activities.LauncherActivity t6085}
04-09 05:42:55.051 V/WindowOrientationListener( 1004): getProposedRotation: 0
04-09 05:42:55.051 I/HYPER-HAL(  780): [RequestManager.cpp]acquire(): Acquired ID : 10665283  [4606 / 12]    HINT : APP_START    list : 
04-09 05:42:55.052 I/HYPER-HAL(  780): [ResourceManager.cpp]updateResource(): [CPUMaxFreq] UpdateResource Request ID : 10665283    Value : 2016000
04-09 05:42:55.052 E/statsd  (  688): Predicate -7037417284711607308 dropping data for dimension key (10)0x2010101->10519[I] (10)0x30000->*launch*[S] 
04-09 05:42:55.053 E/statsd  (  688): Predicate 5980654721335871649 dropping data for dimension key (10)0x2010101->10519[I] (10)0x30000->*launch*[S] 
04-09 05:42:55.053 I/SemDvfsHyPerManager( 1004): acquire hyper - AMS_APP_LAUNCH/1004@18, type = -999
04-09 05:42:55.054 I/HYPER-HAL(  780): [RequestManager.cpp]acquire(): Acquired ID : 522771  [1004 / 18]    HINT : AMS_APP_LAUNCH    list : 
04-09 05:42:55.054 I/HYPER-HAL(  780): [ResourceManager.cpp]updateResource(): [CPULittleMinFreq] UpdateResource Request ID : 522771    Value : 1708800
04-09 05:42:55.055 I/DragController( 2346): endDrag
04-09 05:42:55.055 W/PageOverlayMover( 2346): updateActivityLifecycleState : 3
04-09 05:42:55.055 I/SPayUpdater( 2346): updateSpayHandler launcher activity is paused false
04-09 05:42:55.056 I/AppIconSolution( 2346): start to load, pkg=bbc.mobile.news.ww, bg=126-126, dr=126-126, forDefault=false, density=0
04-09 05:42:55.056 I/PageOverlayServiceImpl(24001): [FROM HOME] updateActivityLifecycleState : 3
04-09 05:42:55.056 I/HYPER-HAL(  780): [ResourceManager.cpp]updateResource(): [CPUMinFreq] UpdateResource Request ID : 522771    Value : 2016000
04-09 05:42:55.056 I/AppIconSolution( 2346): getIconScale, pkg=bbc.mobile.news.ww, size=126, iconScale=IconScale[alpha=7, scale=0.7, isCrop=false]
04-09 05:42:55.056 I/AppIconSolution( 2346): fromTheme2, pkg=bbc.mobile.news.ww, bg=126-126, dr=126-126, tarScale=0.7, relScale=0.78749996, mask=false, isCropInTheme = false
04-09 05:42:55.056 D/MARsPolicyManager( 1004): onPackageResumedFG pkgName = bbc.mobile.news.ww, userId = 0
04-09 05:42:55.057 V/WindowManager( 1004): Prepare app transition: transit=TRANSIT_TASK_OPEN mNextAppTransition=TRANSIT_TASK_OPEN alwaysKeepCurrent=false displayId=0 Callers=com.android.server.wm.DisplayContent.prepareAppTransition:5809 com.android.server.wm.DisplayContent.prepareAppTransition:5803 com.android.server.wm.ActivityStack.resumeTopActivityInnerLocked:2255 com.android.server.wm.ActivityStack.resumeTopActivityUncheckedLocked:1873 com.android.server.wm.RootWindowContainer.resumeFocusedStacksTopActivities:2700 
04-09 05:42:55.057 I/LauncherActivityInfo( 2346): packageName: bbc.mobile.news.ww, useThemeIcon: true, height: 126, width: 126, density: 640
04-09 05:42:55.064 V/ActivityManager( 1004): Changed top to -1,null
04-09 05:42:55.065 D/StorageManagerService( 1004): getExternalStorageMountMode: uid=10519 packageName=bbc.mobile.news.ww
04-09 05:42:55.066 D/CompatibilityChangeReporter( 1004): Compat change id reported: 135634846; UID 10519; state: DISABLED
04-09 05:42:55.067 D/CompatibilityChangeReporter( 1004): Compat change id reported: 135754954; UID 10519; state: ENABLED
04-09 05:42:55.067 D/CompatibilityChangeReporter( 1004): Compat change id reported: 143937733; UID 10519; state: ENABLED
04-09 05:42:55.068 D/InputTransport( 1004): Input channel constructed: 'd7b0407', fd=692
04-09 05:42:55.068 D/InputTransport( 1004): Input channel constructed: 'd7b0407', fd=891
04-09 05:42:55.068 I/SurfaceFlinger(  873): id=55705 createSurf (0x0),-1 flag=80004, d7b0407 Splash Screen bbc.mobile.news.ww#0
04-09 05:42:55.069 V/WindowManager( 1004): rotationForOrientation(orient=SCREEN_ORIENTATION_UNSPECIFIED (-1), last=ROTATION_0 (0)); user=ROTATION_0 (0) USER_ROTATION_LOCKED
04-09 05:42:55.069 D/WindowManager( 1004): rotationForOrientation, orientationSource=ActivityRecord{81f1eb1 u0 bbc.mobile.news.ww/com.mobile.MainActivity t6973}
04-09 05:42:55.069 V/WindowOrientationListener( 1004): getProposedRotation: 0
04-09 05:42:55.069 V/WindowManager( 1004): rotationForOrientation(orient=SCREEN_ORIENTATION_UNSPECIFIED (-1), last=ROTATION_0 (0)); user=ROTATION_0 (0) USER_ROTATION_LOCKED
04-09 05:42:55.069 D/WindowManager( 1004): rotationForOrientation, orientationSource=ActivityRecord{81f1eb1 u0 bbc.mobile.news.ww/com.mobile.MainActivity t6973}
04-09 05:42:55.069 V/WindowOrientationListener( 1004): getProposedRotation: 0
04-09 05:42:55.070 V/WindowManager( 1004): Computed rotation=ROTATION_0 (0) for display id=0 based on lastOrientation=SCREEN_ORIENTATION_UNSPECIFIED (-1) and oldRotation=ROTATION_0 (0), caller=com.android.server.wm.DisplayRotation.updateOrientation:394 com.android.server.wm.DisplayContent.updateOrientation:1698 com.android.server.wm.DisplayContent.updateOrientation:1603 com.android.server.wm.WindowManagerService.addWindow:2021 com.android.server.wm.Session.addToDisplayAsUser:182 android.view.ViewRootImpl.setView:1404 
04-09 05:42:55.071 D/GameManagerService( 1004): notePauseComponent(), received paused-component: com.sec.android.app.launcher
04-09 05:42:55.072 I/ViewRootImpl@5c1aa46[ww]( 1004): setView = com.android.internal.policy.DecorView@62af35d TM=true
04-09 05:42:55.074 V/WindowManager( 1004): Relayout Window{d7b0407 u0 Splash Screen bbc.mobile.news.ww}: viewVisibility=0 req=1080x2400
04-09 05:42:55.075 D/WindowManager( 1004): isScreenshotDisabledLocked - win: Window{d7b0407 u0 Splash Screen bbc.mobile.news.ww}
04-09 05:42:55.075 D/WindowManager( 1004): isScreenshotDisabledLocked: userId = 0, disabled =false
04-09 05:42:55.076 I/SurfaceFlinger(  873): id=55706 createSurf (1080x2400),1 flag=4, Splash Screen bbc.mobile.news.ww#0
04-09 05:42:55.077 D/WindowManager( 1004): makeSurface duration=1 name=Splash Screen bbc.mobile.news.ww
04-09 05:42:55.078 V/WindowManager( 1004): Changing focus from Window{4bfc8c2 u0 com.sec.android.app.launcher/com.sec.android.app.launcher.activities.LauncherActivity} to null displayId=0 Callers=com.android.server.wm.RootWindowContainer.updateFocusedWindowLocked:567 com.android.server.wm.WindowManagerService.updateFocusedWindowLocked:6316 com.android.server.wm.WindowManagerService.relayoutWindow:2718 com.android.server.wm.Session.relayout:219 
04-09 05:42:55.078 D/StatusBarManagerService( 1004): notifyRequestedSystemKey recent=false home=false
04-09 05:42:55.078 V/WindowManager( 1004): rotationForOrientation(orient=SCREEN_ORIENTATION_UNSPECIFIED (-1), last=ROTATION_0 (0)); user=ROTATION_0 (0) USER_ROTATION_LOCKED
04-09 05:42:55.078 D/WindowManager( 1004): rotationForOrientation, orientationSource=ActivityRecord{81f1eb1 u0 bbc.mobile.news.ww/com.mobile.MainActivity t6973}
04-09 05:42:55.078 V/WindowOrientationListener( 1004): getProposedRotation: 0
04-09 05:42:55.079 V/WindowManager( 1004): Relayout hash=d7b0407, pid=1004: mAttrs={(0,0)(fillxfill) sim={adjust=pan} layoutInDisplayCutoutMode=shortEdges ty=APPLICATION_STARTING fmt=TRANSLUCENT wanim=0x10302f2
04-09 05:42:55.079 V/WindowManager( 1004):   fl=81830118
04-09 05:42:55.079 V/WindowManager( 1004):   pfl=12020011
04-09 05:42:55.079 V/WindowManager( 1004):   fitSides= naviIconColor=0}
04-09 05:42:55.079 I/ViewRootImpl@5c1aa46[ww]( 1004): Relayout returned: old=(0,0,1080,2400) new=(0,0,1080,2400) req=(1080,2400)0 dur=5 res=0x7 s={true -5476376639463748544} ch=true fn=-1
04-09 05:42:55.080 D/MARs:DefaultAppFilter( 1004): filter : com.samsung.android.messaging(0)(SMS)
04-09 05:42:55.083 I/ActivityManager( 1004): Start proc 11862:bbc.mobile.news.ww/u0a519 for pre-top-activity {bbc.mobile.news.ww/com.mobile.MainActivity}
04-09 05:42:55.093 E/.mobile.news.w(11862): Not starting debugger since process cannot load the jdwp agent.
04-09 05:42:55.096 I/InputDispatcher( 1004): Focus left window (2346): 4bfc8c2 in display 0 0
04-09 05:42:55.097 I/ViewRootImpl@888ac38[LauncherActivity]( 2346): MSG_WINDOW_FOCUS_CHANGED 0 1
04-09 05:42:55.098 D/ActivityThread(11862): setConscryptValidator
04-09 05:42:55.099 D/ActivityThread(11862): setConscryptValidator - put
04-09 05:42:55.099 D/WindowManager( 1004): finishDrawingWindow: Window{d7b0407 u0 Splash Screen bbc.mobile.news.ww} mDrawState=DRAW_PENDING
04-09 05:42:55.102 D/WindowManager( 1004): performShow logReadyForDisplay  mToken.waitingToShow : true isTransitionSet : true
04-09 05:42:55.104 I/ActivityManager( 1004): DSS OFF for bbc.mobile.news.ww
04-09 05:42:55.108 D/ActivityManager( 1004): attachApplicationLocked() app=ProcessRecord{3e15f70 11862:bbc.mobile.news.ww/u0a519} app.isolatedEntryPoint=null instr2=null
04-09 05:42:55.108 I/BadgeRenderer( 2346): Invalid count : 0
04-09 05:42:55.108 I/BadgeRenderer( 2346): Invalid count : 0
04-09 05:42:55.109 I/BadgeRenderer( 2346): Invalid count : 0
04-09 05:42:55.109 V/WindowManager( 1004): rotationForOrientation(orient=SCREEN_ORIENTATION_UNSPECIFIED (-1), last=ROTATION_0 (0)); user=ROTATION_0 (0) USER_ROTATION_LOCKED
04-09 05:42:55.109 D/WindowManager( 1004): rotationForOrientation, orientationSource=ActivityRecord{81f1eb1 u0 bbc.mobile.news.ww/com.mobile.MainActivity t6973}
04-09 05:42:55.109 V/WindowOrientationListener( 1004): getProposedRotation: 0
04-09 05:42:55.109 V/WindowManager( 1004): rotationForOrientation(orient=SCREEN_ORIENTATION_UNSPECIFIED (-1), last=ROTATION_0 (0)); user=ROTATION_0 (0) USER_ROTATION_LOCKED
04-09 05:42:55.109 D/WindowManager( 1004): rotationForOrientation, orientationSource=ActivityRecord{81f1eb1 u0 bbc.mobile.news.ww/com.mobile.MainActivity t6973}
04-09 05:42:55.109 V/WindowOrientationListener( 1004): getProposedRotation: 0
04-09 05:42:55.120 V/WindowManager( 1004): Computed rotation=ROTATION_0 (0) for display id=0 based on lastOrientation=SCREEN_ORIENTATION_UNSPECIFIED (-1) and oldRotation=ROTATION_0 (0), caller=com.android.server.wm.DisplayRotation.updateOrientation:394 com.android.server.wm.DisplayContent.updateOrientation:1698 com.android.server.wm.DisplayContent.updateOrientation:1626 com.android.server.wm.RootWindowContainer.ensureVisibilityAndConfig:2166 com.android.server.wm.ActivityStackSupervisor.realStartActivityLocked:932 com.android.server.wm.RootWindowContainer.startActivityForAttachedApplicationIfNeeded:2340 
04-09 05:42:55.121 D/TspStateManager( 1004): updateCustomValue customSetting=
04-09 05:42:55.121 V/WindowManager( 1004): rotationForOrientation(orient=SCREEN_ORIENTATION_UNSPECIFIED (-1), last=ROTATION_0 (0)); user=ROTATION_0 (0) USER_ROTATION_LOCKED
04-09 05:42:55.121 D/WindowManager( 1004): rotationForOrientation, orientationSource=ActivityRecord{81f1eb1 u0 bbc.mobile.news.ww/com.mobile.MainActivity t6973}
04-09 05:42:55.121 V/WindowOrientationListener( 1004): getProposedRotation: 0
04-09 05:42:55.121 D/TspStateManager( 1004): updateCustomValue customSetting=
04-09 05:42:55.122 D/PkgDataHelper( 1004): notifyAppCreate(), pkgName: bbc.mobile.news.ww, sendRet: true
04-09 05:42:55.122 D/GameManagerService( 1004): onLooperPrepared(), msg: MSG_APP_CREATE, pkgName: bbc.mobile.news.ww
04-09 05:42:55.123 D/InputDispatcher( 1004): Focused application set to (0): 81f1eb1
04-09 05:42:55.124 D/GameManagerService( 1004): TaskStackListener.onTaskFocusChanged(), taskId=6973, focused=true
04-09 05:42:55.124 D/GameManagerService( 1004): onLooperPrepared(), msg: MSG_TASK_FOCUSED, focusedComponent: ComponentInfo{bbc.mobile.news.ww/com.mobile.MainActivity}
04-09 05:42:55.124 D/GameManagerService( 1004): handleTaskFocused().
04-09 05:42:55.124 D/GameManagerService( 1004):   handleTaskFocused(), pkgName: bbc.mobile.news.ww, clsName: com.mobile.MainActivity, userID:0
04-09 05:42:55.124 D/GameManagerService( 1004): handleResume().
04-09 05:42:55.124 I/SemPersonaManager( 1004): SecureFolder personaId = 150
04-09 05:42:55.124 D/MARsPolicyManager( 1004): onPackageResumedFG pkgName = bbc.mobile.news.ww, userId = 0
04-09 05:42:55.125 D/GameManagerService( 1004): handleResume() - secureFolderID: 150
04-09 05:42:55.125 D/GameManagerService( 1004): sendFocusOutConditionally() - mPrevNotiPackage: com.android.vending
04-09 05:42:55.125 D/GameManagerService( 1004):   handleResume(). pkgName: bbc.mobile.news.ww, isTunableApp: null
04-09 05:42:55.125 D/GameManagerService( 1004): notifyFocusInOut(). of pkg: bbc.mobile.news.ww, type: 4, isMinimized: false, isTunableApp: false
04-09 05:42:55.125 D/GameManagerService( 1004):   notifyFocusInOut(). do nothing. mKillNotiCount: 1
04-09 05:42:55.125 D/GameManagerService:NetworkLimit( 1004): callRelease
04-09 05:42:55.125 D/GM:SystemHelper( 1004): callReleaseBlock needReleaseBlock:false
04-09 05:42:55.137 W/WindowManager( 1004): Execute app transition: mNextAppTransition=TRANSIT_TASK_OPEN, displayId: 0 Callers=com.android.server.wm.RootWindowContainer.executeAppTransitionForAllDisplay:2621 com.android.server.wm.ActivityStackSupervisor.reportResumedActivityLocked:2274 com.android.server.wm.ActivityRecord.completeResumeLocked:5710 com.android.server.wm.ActivityStack.minimalResumeActivityLocked:1225 com.android.server.wm.ActivityStackSupervisor.realStartActivityLocked:1160 
04-09 05:42:55.138 D/ActivityThread(11862): handleBindApplication()++ app=bbc.mobile.news.ww
04-09 05:42:55.138 D/WindowManager( 1004): performShow logReadyForDisplay  mToken.waitingToShow : true isTransitionSet : true
04-09 05:42:55.139 D/WindowManager( 1004): createAnimationAdapter(): container=Task{cdbac80 #1 visible=true type=home mode=fullscreen translucent=false ?? U=0 StackId=1 sz=1}
04-09 05:42:55.139 I/WindowManager( 1004): Reparenting to leash, surface=Surface(name=Task=1)/@0x57ec8c0, leashParent=Surface(name=DefaultTaskDisplayArea)/@0x1f65cd7
04-09 05:42:55.140 I/SurfaceFlinger(  873): id=55707 createSurf (0x0),-1 flag=24000, Surface(name=Task=1)/@0x57ec8c0 - animation-leash#0
04-09 05:42:55.141 D/WindowManager( 1004): makeSurface duration=2 leash=Surface(name=Surface(name=Task=1)/@0x57ec8c0 - animation-leash)/@0xff5a17e
04-09 05:42:55.141 D/WindowManager( 1004): startAnimation
04-09 05:42:55.141 D/WindowManager( 1004): createAnimationAdapter(): container=Task{f182717 #6973 visible=false type=standard mode=fullscreen translucent=true A=10519:bbc.mobile.news.ww U=0 StackId=6973 sz=1}
04-09 05:42:55.141 I/WindowManager( 1004): Reparenting to leash, surface=Surface(name=Task=6973)/@0x83e56df, leashParent=Surface(name=DefaultTaskDisplayArea)/@0x1f65cd7
04-09 05:42:55.141 I/SurfaceFlinger(  873): id=55708 createSurf (0x0),-1 flag=24004, Surface(name=Task=6973)/@0x83e56df - animation-leash#0
04-09 05:42:55.142 D/WindowManager( 1004): makeSurface duration=0 leash=Surface(name=Surface(name=Task=6973)/@0x83e56df - animation-leash)/@0x7d1f2c
04-09 05:42:55.142 D/WindowManager( 1004): startAnimation
04-09 05:42:55.143 D/WindowManager( 1004): goodToGo()
04-09 05:42:55.143 D/WindowManager( 1004): createAppAnimations()
04-09 05:42:55.143 D/WindowManager( 1004): 	Add container=Task{f182717 #6973 visible=false type=standard mode=fullscreen translucent=true A=10519:bbc.mobile.news.ww U=0 StackId=6973 sz=1}
04-09 05:42:55.143 D/WindowManager( 1004): 	Add container=Task{cdbac80 #1 visible=true type=home mode=fullscreen translucent=false ?? U=0 StackId=1 sz=1}
04-09 05:42:55.143 D/WindowManager( 1004): createWallpaperAnimations()
04-09 05:42:55.143 D/WindowManager( 1004): 	visible=WallpaperWindowToken{914ef9a token=android.os.Binder@bf68c45}
04-09 05:42:55.143 I/WindowManager( 1004): Reparenting to leash, surface=Surface(name=WallpaperWindowToken{914ef9a token=android.os.Binder@bf68c45})/@0x2e19f95, leashParent=Surface(name=Leaf:0:1)/@0xe434e78
04-09 05:42:55.143 I/SurfaceFlinger(  873): id=55709 createSurf (0x0),-1 flag=24000, Surface(name=WallpaperWindowToken{914ef9a token=android.os.Binder@bf68c45})/@0x2e19f95 - animation-leash#0
